02-09 18:19:36.425 27673 27673 W ViewRootImpl: Cancelling event due to no window focus: KeyEvent { action=ACTION_UP, keyCode=278, scanCode=158, metaState=0, flags=0x80000028, repeatCount=0, eventTime=255413296, downTime=255413072, deviceId=4, source=0x101 }
02-09 18:19:36.425 27673 27673 W ViewRootImpl: Cancelling event due to no window focus: KeyEvent { action=ACTION_UP, keyCode=278, scanCode=158, metaState=0, flags=0x80000028, repeatCount=0, eventTime=255413296, downTime=255413072, deviceId=4, source=0x101 }
02-09 18:19:36.425 27673 27673 W ViewRootImpl: Cancelling event due to no window focus: KeyEvent { action=ACTION_UP, keyCode=278, scanCode=158, metaState=0, flags=0x80000028, repeatCount=0, eventTime=255413296, downTime=255413072, deviceId=4, source=0x101 }
02-09 18:19:37.041 27673 27673 E AndroidRuntime: FATAL EXCEPTION: main
02-09 18:19:37.041 27673 27673 E AndroidRuntime: Process: com.android.systemui, PID: 27673
02-09 18:19:37.041 27673 27673 E AndroidRuntime: java.lang.ArrayIndexOutOfBoundsException: length=4; index=4
02-09 18:19:37.041 27673 27673 E AndroidRuntime: 	at com.android.systemui.statusbar.policy.SignalController.getCurrentIconId(Unknown Source)
02-09 18:19:37.041 27673 27673 E AndroidRuntime: 	at com.android.systemui.statusbar.policy.MobileSignalController.getCurrentIconId(Unknown Source)
02-09 18:19:37.041 27673 27673 E AndroidRuntime: 	at com.android.systemui.statusbar.policy.MobileSignalController.notifyListeners(Unknown Source)
02-09 18:19:37.041 27673 27673 E AndroidRuntime: 	at com.android.systemui.statusbar.policy.SignalController.notifyListenersIfNecessary(Unknown Source)
02-09 18:19:37.041 27673 27673 E AndroidRuntime: 	at com.android.systemui.statusbar.policy.MobileSignalController$2.run(Unknown Source)
02-09 18:19:37.041 27673 27673 E AndroidRuntime: 	at android.os.Handler.handleCallback(Handler.java:739)
02-09 18:19:37.041 27673 27673 E AndroidRuntime: 	at android.os.Handler.dispatchMessage(Handler.java:95)
02-09 18:19:37.041 27673 27673 E AndroidRuntime: 	at android.os.Looper.loop(Looper.java:148)
02-09 18:19:37.041 27673 27673 E AndroidRuntime: 	at android.app.ActivityThread.main(ActivityThread.java:5417)
02-09 18:19:37.041 27673 27673 E AndroidRuntime: 	at java.lang.reflect.Method.invoke(Native Method)
02-09 18:19:37.041 27673 27673 E AndroidRuntime: 	at com.android.internal.os.ZygoteInit$MethodAndArgsCaller.run(ZygoteInit.java:726)
02-09 18:19:37.041 27673 27673 E AndroidRuntime: 	at com.android.internal.os.ZygoteInit.main(ZygoteInit.java:616)
02-09 18:19:38.892 27732 27732 D PowerUI.Notification: updateNotification mWarning=false mPlaySound=false mSaver=false mInvalidCharger=false
02-09 18:19:39.515  3848  6536 I chatty  : uid=1000 system_server expire 1 line
02-09 18:19:40.046  3848  5813 I chatty  : uid=1000(system) Thread-557 expire 2 lines
02-09 18:19:40.652  3848  3984 I chatty  : uid=1000 system_server expire 1 line
02-09 18:19:40.666  3848  3848 I chatty  : uid=1000 system_server expire 12 lines
02-09 18:19:40.810  3848  3982 I chatty  : uid=1000 system_server expire 11 lines
02-09 18:19:41.538 27732 27732 D PowerUI : buckets   .....20 .. 15 .. 5
02-09 18:19:41.538 27732 27732 D PowerUI : level          100 --> 99
02-09 18:19:41.538 27732 27732 D PowerUI : status         1 --> 2
02-09 18:19:41.538 27732 27732 D PowerUI : plugType       0 --> 2
02-09 18:19:41.539 27732 27732 D PowerUI : invalidCharger 0 --> 0
02-09 18:19:41.539 27732 27732 D PowerUI : bucket         1 --> 1
02-09 18:19:41.539 27732 27732 D PowerUI : plugged        false --> true
02-09 18:19:41.539 27732 27732 D PowerUI.Notification: dismissing low battery warning: level=99
02-09 18:19:41.539 27732 27732 D PowerUI.Notification: updateNotification mWarning=false mPlaySound=false mSaver=false mInvalidCharger=false
02-09 18:19:41.652  3848  3978 I chatty  : uid=1000 system_server expire 1 line
02-09 18:19:41.690  3848  3984 I chatty  : uid=1000 system_server expire 3 lines
02-09 18:19:41.782  3848  7192 I chatty  : uid=1000 system_server expire 6 lines
02-09 18:19:42.519  3848  6536 I chatty  : uid=1000 system_server expire 11 lines
02-09 18:19:42.633  3848 17540 I chatty  : uid=1000 system_server expire 10 lines
02-09 18:19:42.992 27732 27732 E AndroidRuntime: FATAL EXCEPTION: main
02-09 18:19:42.992 27732 27732 E AndroidRuntime: Process: com.android.systemui, PID: 27732
02-09 18:19:42.992 27732 27732 E AndroidRuntime: java.lang.ArrayIndexOutOfBoundsException: length=4; index=4
02-09 18:19:42.992 27732 27732 E AndroidRuntime: 	at com.android.systemui.statusbar.policy.SignalController.getCurrentIconId(Unknown Source)
02-09 18:19:42.992 27732 27732 E AndroidRuntime: 	at com.android.systemui.statusbar.policy.MobileSignalController.getCurrentIconId(Unknown Source)
02-09 18:19:42.992 27732 27732 E AndroidRuntime: 	at com.android.systemui.statusbar.policy.MobileSignalController.notifyListeners(Unknown Source)
02-09 18:19:42.992 27732 27732 E AndroidRuntime: 	at com.android.systemui.statusbar.policy.SignalController.notifyListenersIfNecessary(Unknown Source)
02-09 18:19:42.992 27732 27732 E AndroidRuntime: 	at com.android.systemui.statusbar.policy.MobileSignalController$2.run(Unknown Source)
02-09 18:19:42.992 27732 27732 E AndroidRuntime: 	at android.os.Handler.handleCallback(Handler.java:739)
02-09 18:19:42.992 27732 27732 E AndroidRuntime: 	at android.os.Handler.dispatchMessage(Handler.java:95)
02-09 18:19:42.992 27732 27732 E AndroidRuntime: 	at android.os.Looper.loop(Looper.java:148)
02-09 18:19:42.992 27732 27732 E AndroidRuntime: 	at android.app.ActivityThread.main(ActivityThread.java:5417)
02-09 18:19:42.992 27732 27732 E AndroidRuntime: 	at java.lang.reflect.Method.invoke(Native Method)
02-09 18:19:42.992 27732 27732 E AndroidRuntime: 	at com.android.internal.os.ZygoteInit$MethodAndArgsCaller.run(ZygoteInit.java:726)
02-09 18:19:42.992 27732 27732 E AndroidRuntime: 	at com.android.internal.os.ZygoteInit.main(ZygoteInit.java:616)
02-09 18:19:43.027  3848  6793 I chatty  : uid=1000(system) Binder_3 expire 5 lines
02-09 18:19:43.061  3848  3977 I chatty  : uid=1000 system_server expire 26 lines
02-09 18:19:43.313  3848  7190 I chatty  : uid=1000 system_server expire 8 lines
02-09 18:19:43.313  3848  3948 I chatty  : uid=1000 system_server expire 6 lines
02-09 18:19:43.317  3848  3949 I chatty  : uid=1000 system_server expire 10 lines
02-09 18:19:43.317  3848  7228 I chatty  : uid=1000 system_server expire 11 lines
02-09 18:19:43.325  3848  6537 I chatty  : uid=1000 system_server expire 11 lines
02-09 18:19:43.335  3848  7270 I chatty  : uid=1000 system_server expire 5 lines
02-09 18:19:43.347  3848  6794 I chatty  : uid=1000(system) Recents-TaskRes expire 15 lines
02-09 18:19:44.759 27793 27793 D PowerUI.Notification: updateNotification mWarning=false mPlaySound=false mSaver=false mInvalidCharger=false
02-09 18:19:47.272 27793 27793 D PowerUI : buckets   .....20 .. 15 .. 5
02-09 18:19:47.272 27793 27793 D PowerUI : level          100 --> 99
02-09 18:19:47.272 27793 27793 D PowerUI : status         1 --> 2
02-09 18:19:47.272 27793 27793 D PowerUI : plugType       0 --> 2
02-09 18:19:47.272 27793 27793 D PowerUI : invalidCharger 0 --> 0
02-09 18:19:47.272 27793 27793 D PowerUI : bucket         1 --> 1
02-09 18:19:47.272 27793 27793 D PowerUI : plugged        false --> true
02-09 18:19:47.272 27793 27793 D PowerUI.Notification: dismissing low battery warning: level=99
02-09 18:19:47.272 27793 27793 D PowerUI.Notification: updateNotification mWarning=false mPlaySound=false mSaver=false mInvalidCharger=false
02-09 18:19:48.685 27793 27793 E AndroidRuntime: FATAL EXCEPTION: main
02-09 18:19:48.685 27793 27793 E AndroidRuntime: Process: com.android.systemui, PID: 27793
02-09 18:19:48.685 27793 27793 E AndroidRuntime: java.lang.ArrayIndexOutOfBoundsException: length=4; index=4
02-09 18:19:48.685 27793 27793 E AndroidRuntime: 	at com.android.systemui.statusbar.policy.SignalController.getCurrentIconId(Unknown Source)
02-09 18:19:48.685 27793 27793 E AndroidRuntime: 	at com.android.systemui.statusbar.policy.MobileSignalController.getCurrentIconId(Unknown Source)
02-09 18:19:48.685 27793 27793 E AndroidRuntime: 	at com.android.systemui.statusbar.policy.MobileSignalController.notifyListeners(Unknown Source)
02-09 18:19:48.685 27793 27793 E AndroidRuntime: 	at com.android.systemui.statusbar.policy.SignalController.notifyListenersIfNecessary(Unknown Source)
02-09 18:19:48.685 27793 27793 E AndroidRuntime: 	at com.android.systemui.statusbar.policy.MobileSignalController$2.run(Unknown Source)
02-09 18:19:48.685 27793 27793 E AndroidRuntime: 	at android.os.Handler.handleCallback(Handler.java:739)
02-09 18:19:48.685 27793 27793 E AndroidRuntime: 	at android.os.Handler.dispatchMessage(Handler.java:95)
02-09 18:19:48.685 27793 27793 E AndroidRuntime: 	at android.os.Looper.loop(Looper.java:148)
02-09 18:19:48.685 27793 27793 E AndroidRuntime: 	at android.app.ActivityThread.main(ActivityThread.java:5417)
02-09 18:19:48.685 27793 27793 E AndroidRuntime: 	at java.lang.reflect.Method.invoke(Native Method)
02-09 18:19:48.685 27793 27793 E AndroidRuntime: 	at com.android.internal.os.ZygoteInit$MethodAndArgsCaller.run(ZygoteInit.java:726)
02-09 18:19:48.685 27793 27793 E AndroidRuntime: 	at com.android.internal.os.ZygoteInit.main(ZygoteInit.java:616)
02-09 18:19:48.696  3848  7276 I chatty  : uid=1000 system_server expire 8 lines
02-09 18:19:48.912  3848  7172 I chatty  : uid=1000 system_server expire 5 lines
02-09 18:19:48.943  3848  7222 I chatty  : uid=1000 system_server expire 8 lines
02-09 18:19:48.948  3848  5819 I chatty  : uid=1000 system_server expire 9 lines
02-09 18:19:50.651 27863 27863 D PowerUI.Notification: updateNotification mWarning=false mPlaySound=false mSaver=false mInvalidCharger=false
02-09 18:19:52.483  3848  7267 I chatty  : uid=1000 system_server expire 7 lines
02-09 18:19:53.332 27863 27863 D PowerUI : buckets   .....20 .. 15 .. 5
02-09 18:19:53.332 27863 27863 D PowerUI : level          100 --> 99
02-09 18:19:53.332 27863 27863 D PowerUI : status         1 --> 2
02-09 18:19:53.332 27863 27863 D PowerUI : plugType       0 --> 2
02-09 18:19:53.332 27863 27863 D PowerUI : invalidCharger 0 --> 0
02-09 18:19:53.332 27863 27863 D PowerUI : bucket         1 --> 1
02-09 18:19:53.332 27863 27863 D PowerUI : plugged        false --> true
02-09 18:19:53.332 27863 27863 D PowerUI.Notification: dismissing low battery warning: level=99
02-09 18:19:53.332 27863 27863 D PowerUI.Notification: updateNotification mWarning=false mPlaySound=false mSaver=false mInvalidCharger=false
02-09 18:19:54.858 27863 27863 E AndroidRuntime: FATAL EXCEPTION: main
02-09 18:19:54.858 27863 27863 E AndroidRuntime: Process: com.android.systemui, PID: 27863
02-09 18:19:54.858 27863 27863 E AndroidRuntime: java.lang.ArrayIndexOutOfBoundsException: length=4; index=4
02-09 18:19:54.858 27863 27863 E AndroidRuntime: 	at com.android.systemui.statusbar.policy.SignalController.getCurrentIconId(Unknown Source)
02-09 18:19:54.858 27863 27863 E AndroidRuntime: 	at com.android.systemui.statusbar.policy.MobileSignalController.getCurrentIconId(Unknown Source)
02-09 18:19:54.858 27863 27863 E AndroidRuntime: 	at com.android.systemui.statusbar.policy.MobileSignalController.notifyListeners(Unknown Source)
02-09 18:19:54.858 27863 27863 E AndroidRuntime: 	at com.android.systemui.statusbar.policy.SignalController.notifyListenersIfNecessary(Unknown Source)
02-09 18:19:54.858 27863 27863 E AndroidRuntime: 	at com.android.systemui.statusbar.policy.MobileSignalController$2.run(Unknown Source)
02-09 18:19:54.858 27863 27863 E AndroidRuntime: 	at android.os.Handler.handleCallback(Handler.java:739)
02-09 18:19:54.858 27863 27863 E AndroidRuntime: 	at android.os.Handler.dispatchMessage(Handler.java:95)
02-09 18:19:54.858 27863 27863 E AndroidRuntime: 	at android.os.Looper.loop(Looper.java:148)
02-09 18:19:54.858 27863 27863 E AndroidRuntime: 	at android.app.ActivityThread.main(ActivityThread.java:5417)
02-09 18:19:54.858 27863 27863 E AndroidRuntime: 	at java.lang.reflect.Method.invoke(Native Method)
02-09 18:19:54.858 27863 27863 E AndroidRuntime: 	at com.android.internal.os.ZygoteInit$MethodAndArgsCaller.run(ZygoteInit.java:726)
02-09 18:19:54.858 27863 27863 E AndroidRuntime: 	at com.android.internal.os.ZygoteInit.main(ZygoteInit.java:616)
02-09 18:19:55.077  3848  7158 I chatty  : uid=1000 system_server expire 10 lines
02-09 18:19:56.701 27922 27922 D PowerUI.Notification: updateNotification mWarning=false mPlaySound=false mSaver=false mInvalidCharger=false
02-09 18:19:57.410  3848  6536 I chatty  : uid=1000 system_server expire 12 lines
02-09 18:19:59.420 27922 27922 D PowerUI : buckets   .....20 .. 15 .. 5
02-09 18:19:59.420 27922 27922 D PowerUI : level          100 --> 99
02-09 18:19:59.420 27922 27922 D PowerUI : status         1 --> 2
02-09 18:19:59.420 27922 27922 D PowerUI : plugType       0 --> 2
02-09 18:19:59.420 27922 27922 D PowerUI : invalidCharger 0 --> 0
02-09 18:19:59.420 27922 27922 D PowerUI : bucket         1 --> 1
02-09 18:19:59.420 27922 27922 D PowerUI : plugged        false --> true
02-09 18:19:59.420 27922 27922 D PowerUI.Notification: dismissing low battery warning: level=99
02-09 18:19:59.420 27922 27922 D PowerUI.Notification: updateNotification mWarning=false mPlaySound=false mSaver=false mInvalidCharger=false
02-09 18:20:00.775 27922 27922 E AndroidRuntime: FATAL EXCEPTION: main
02-09 18:20:00.775 27922 27922 E AndroidRuntime: Process: com.android.systemui, PID: 27922
02-09 18:20:00.775 27922 27922 E AndroidRuntime: java.lang.ArrayIndexOutOfBoundsException: length=4; index=4
02-09 18:20:00.775 27922 27922 E AndroidRuntime: 	at com.android.systemui.statusbar.policy.SignalController.getCurrentIconId(Unknown Source)
02-09 18:20:00.775 27922 27922 E AndroidRuntime: 	at com.android.systemui.statusbar.policy.MobileSignalController.getCurrentIconId(Unknown Source)
02-09 18:20:00.775 27922 27922 E AndroidRuntime: 	at com.android.systemui.statusbar.policy.MobileSignalController.notifyListeners(Unknown Source)
02-09 18:20:00.775 27922 27922 E AndroidRuntime: 	at com.android.systemui.statusbar.policy.SignalController.notifyListenersIfNecessary(Unknown Source)
02-09 18:20:00.775 27922 27922 E AndroidRuntime: 	at com.android.systemui.statusbar.policy.MobileSignalController$2.run(Unknown Source)
02-09 18:20:00.775 27922 27922 E AndroidRuntime: 	at android.os.Handler.handleCallback(Handler.java:739)
02-09 18:20:00.775 27922 27922 E AndroidRuntime: 	at android.os.Handler.dispatchMessage(Handler.java:95)
02-09 18:20:00.775 27922 27922 E AndroidRuntime: 	at android.os.Looper.loop(Looper.java:148)
02-09 18:20:00.775 27922 27922 E AndroidRuntime: 	at android.app.ActivityThread.main(ActivityThread.java:5417)
02-09 18:20:00.775 27922 27922 E AndroidRuntime: 	at java.lang.reflect.Method.invoke(Native Method)
02-09 18:20:00.775 27922 27922 E AndroidRuntime: 	at com.android.internal.os.ZygoteInit$MethodAndArgsCaller.run(ZygoteInit.java:726)
02-09 18:20:00.775 27922 27922 E AndroidRuntime: 	at com.android.internal.os.ZygoteInit.main(ZygoteInit.java:616)
02-09 18:20:00.920  3848  3848 I chatty  : uid=1000 system_server expire 10 lines
02-09 18:20:00.947  3848  7274 I chatty  : uid=1000 system_server expire 3 lines
02-09 18:20:02.636 27980 27980 D PowerUI.Notification: updateNotification mWarning=false mPlaySound=false mSaver=false mInvalidCharger=false
02-09 18:20:05.287 27980 27980 D PowerUI : buckets   .....20 .. 15 .. 5
02-09 18:20:05.287 27980 27980 D PowerUI : level          100 --> 99
02-09 18:20:05.287 27980 27980 D PowerUI : status         1 --> 2
02-09 18:20:05.287 27980 27980 D PowerUI : plugType       0 --> 2
02-09 18:20:05.288 27980 27980 D PowerUI : invalidCharger 0 --> 0
02-09 18:20:05.288 27980 27980 D PowerUI : bucket         1 --> 1
02-09 18:20:05.288 27980 27980 D PowerUI : plugged        false --> true
02-09 18:20:05.288 27980 27980 D PowerUI.Notification: dismissing low battery warning: level=99
02-09 18:20:05.288 27980 27980 D PowerUI.Notification: updateNotification mWarning=false mPlaySound=false mSaver=false mInvalidCharger=false
02-09 18:20:06.760 27980 27980 E AndroidRuntime: FATAL EXCEPTION: main
02-09 18:20:06.760 27980 27980 E AndroidRuntime: Process: com.android.systemui, PID: 27980
02-09 18:20:06.760 27980 27980 E AndroidRuntime: java.lang.ArrayIndexOutOfBoundsException: length=4; index=4
02-09 18:20:06.760 27980 27980 E AndroidRuntime: 	at com.android.systemui.statusbar.policy.SignalController.getCurrentIconId(Unknown Source)
02-09 18:20:06.760 27980 27980 E AndroidRuntime: 	at com.android.systemui.statusbar.policy.MobileSignalController.getCurrentIconId(Unknown Source)
02-09 18:20:06.760 27980 27980 E AndroidRuntime: 	at com.android.systemui.statusbar.policy.MobileSignalController.notifyListeners(Unknown Source)
02-09 18:20:06.760 27980 27980 E AndroidRuntime: 	at com.android.systemui.statusbar.policy.SignalController.notifyListenersIfNecessary(Unknown Source)
02-09 18:20:06.760 27980 27980 E AndroidRuntime: 	at com.android.systemui.statusbar.policy.MobileSignalController$2.run(Unknown Source)
02-09 18:20:06.760 27980 27980 E AndroidRuntime: 	at android.os.Handler.handleCallback(Handler.java:739)
02-09 18:20:06.760 27980 27980 E AndroidRuntime: 	at android.os.Handler.dispatchMessage(Handler.java:95)
02-09 18:20:06.760 27980 27980 E AndroidRuntime: 	at android.os.Looper.loop(Looper.java:148)
02-09 18:20:06.760 27980 27980 E AndroidRuntime: 	at android.app.ActivityThread.main(ActivityThread.java:5417)
02-09 18:20:06.760 27980 27980 E AndroidRuntime: 	at java.lang.reflect.Method.invoke(Native Method)
02-09 18:20:06.760 27980 27980 E AndroidRuntime: 	at com.android.internal.os.ZygoteInit$MethodAndArgsCaller.run(ZygoteInit.java:726)
02-09 18:20:06.760 27980 27980 E AndroidRuntime: 	at com.android.internal.os.ZygoteInit.main(ZygoteInit.java:616)
02-09 18:20:08.716 28038 28038 D PowerUI.Notification: updateNotification mWarning=false mPlaySound=false mSaver=false mInvalidCharger=false
02-09 18:20:10.267  3848  6537 I chatty  : uid=1000 system_server expire 5 lines
02-09 18:20:10.530  3848  7228 I chatty  : uid=1000 system_server expire 1 line
02-09 18:20:11.383 28038 28038 D PowerUI : buckets   .....20 .. 15 .. 5
02-09 18:20:11.384 28038 28038 D PowerUI : level          100 --> 99
02-09 18:20:11.384 28038 28038 D PowerUI : status         1 --> 2
02-09 18:20:11.384 28038 28038 D PowerUI : plugType       0 --> 2
02-09 18:20:11.384 28038 28038 D PowerUI : invalidCharger 0 --> 0
02-09 18:20:11.384 28038 28038 D PowerUI : bucket         1 --> 1
02-09 18:20:11.384 28038 28038 D PowerUI : plugged        false --> true
02-09 18:20:11.384 28038 28038 D PowerUI.Notification: dismissing low battery warning: level=99
02-09 18:20:11.384 28038 28038 D PowerUI.Notification: updateNotification mWarning=false mPlaySound=false mSaver=false mInvalidCharger=false
02-09 18:20:12.747 28038 28038 E AndroidRuntime: FATAL EXCEPTION: main
02-09 18:20:12.747 28038 28038 E AndroidRuntime: Process: com.android.systemui, PID: 28038
02-09 18:20:12.747 28038 28038 E AndroidRuntime: java.lang.ArrayIndexOutOfBoundsException: length=4; index=4
02-09 18:20:12.747 28038 28038 E AndroidRuntime: 	at com.android.systemui.statusbar.policy.SignalController.getCurrentIconId(Unknown Source)
02-09 18:20:12.747 28038 28038 E AndroidRuntime: 	at com.android.systemui.statusbar.policy.MobileSignalController.getCurrentIconId(Unknown Source)
02-09 18:20:12.747 28038 28038 E AndroidRuntime: 	at com.android.systemui.statusbar.policy.MobileSignalController.notifyListeners(Unknown Source)
02-09 18:20:12.747 28038 28038 E AndroidRuntime: 	at com.android.systemui.statusbar.policy.SignalController.notifyListenersIfNecessary(Unknown Source)
02-09 18:20:12.747 28038 28038 E AndroidRuntime: 	at com.android.systemui.statusbar.policy.MobileSignalController$2.run(Unknown Source)
02-09 18:20:12.747 28038 28038 E AndroidRuntime: 	at android.os.Handler.handleCallback(Handler.java:739)
02-09 18:20:12.747 28038 28038 E AndroidRuntime: 	at android.os.Handler.dispatchMessage(Handler.java:95)
02-09 18:20:12.747 28038 28038 E AndroidRuntime: 	at android.os.Looper.loop(Looper.java:148)
02-09 18:20:12.747 28038 28038 E AndroidRuntime: 	at android.app.ActivityThread.main(ActivityThread.java:5417)
02-09 18:20:12.747 28038 28038 E AndroidRuntime: 	at java.lang.reflect.Method.invoke(Native Method)
02-09 18:20:12.747 28038 28038 E AndroidRuntime: 	at com.android.internal.os.ZygoteInit$MethodAndArgsCaller.run(ZygoteInit.java:726)
02-09 18:20:12.747 28038 28038 E AndroidRuntime: 	at com.android.internal.os.ZygoteInit.main(ZygoteInit.java:616)
02-09 18:20:13.004  3848  3982 I chatty  : uid=1000 system_server expire 4 lines
02-09 18:20:14.815 28095 28095 D PowerUI.Notification: updateNotification mWarning=false mPlaySound=false mSaver=false mInvalidCharger=false
02-09 18:20:15.491  3848  6536 I chatty  : uid=1000 system_server expire 4 lines
02-09 18:20:17.491 28095 28095 D PowerUI : buckets   .....20 .. 15 .. 5
02-09 18:20:17.491 28095 28095 D PowerUI : level          100 --> 99
02-09 18:20:17.491 28095 28095 D PowerUI : status         1 --> 2
02-09 18:20:17.491 28095 28095 D PowerUI : plugType       0 --> 2
02-09 18:20:17.491 28095 28095 D PowerUI : invalidCharger 0 --> 0
02-09 18:20:17.491 28095 28095 D PowerUI : bucket         1 --> 1
02-09 18:20:17.491 28095 28095 D PowerUI : plugged        false --> true
02-09 18:20:17.491 28095 28095 D PowerUI.Notification: dismissing low battery warning: level=99
02-09 18:20:17.491 28095 28095 D PowerUI.Notification: updateNotification mWarning=false mPlaySound=false mSaver=false mInvalidCharger=false
02-09 18:20:17.710  3848  3949 I chatty  : uid=1000 system_server expire 2 lines
02-09 18:20:17.913  3848  5813 I chatty  : uid=1000(system) Thread-557 expire 2 lines
02-09 18:20:19.267 28095 28095 E AndroidRuntime: FATAL EXCEPTION: main
02-09 18:20:19.267 28095 28095 E AndroidRuntime: Process: com.android.systemui, PID: 28095
02-09 18:20:19.267 28095 28095 E AndroidRuntime: java.lang.ArrayIndexOutOfBoundsException: length=4; index=4
02-09 18:20:19.267 28095 28095 E AndroidRuntime: 	at com.android.systemui.statusbar.policy.SignalController.getCurrentIconId(Unknown Source)
02-09 18:20:19.267 28095 28095 E AndroidRuntime: 	at com.android.systemui.statusbar.policy.MobileSignalController.getCurrentIconId(Unknown Source)
02-09 18:20:19.267 28095 28095 E AndroidRuntime: 	at com.android.systemui.statusbar.policy.MobileSignalController.notifyListeners(Unknown Source)
02-09 18:20:19.267 28095 28095 E AndroidRuntime: 	at com.android.systemui.statusbar.policy.SignalController.notifyListenersIfNecessary(Unknown Source)
02-09 18:20:19.267 28095 28095 E AndroidRuntime: 	at com.android.systemui.statusbar.policy.MobileSignalController$2.run(Unknown Source)
02-09 18:20:19.267 28095 28095 E AndroidRuntime: 	at android.os.Handler.handleCallback(Handler.java:739)
02-09 18:20:19.267 28095 28095 E AndroidRuntime: 	at android.os.Handler.dispatchMessage(Handler.java:95)
02-09 18:20:19.267 28095 28095 E AndroidRuntime: 	at android.os.Looper.loop(Looper.java:148)
02-09 18:20:19.267 28095 28095 E AndroidRuntime: 	at android.app.ActivityThread.main(ActivityThread.java:5417)
02-09 18:20:19.267 28095 28095 E AndroidRuntime: 	at java.lang.reflect.Method.invoke(Native Method)
02-09 18:20:19.267 28095 28095 E AndroidRuntime: 	at com.android.internal.os.ZygoteInit$MethodAndArgsCaller.run(ZygoteInit.java:726)
02-09 18:20:19.267 28095 28095 E AndroidRuntime: 	at com.android.internal.os.ZygoteInit.main(ZygoteInit.java:616)
02-09 18:20:19.489  3848  3848 I chatty  : uid=1000 system_server expire 2 lines
02-09 18:20:19.500  3848  7158 I chatty  : uid=1000 system_server expire 8 lines
02-09 18:20:19.638  3848  3977 I chatty  : uid=1000 system_server expire 13 lines
02-09 18:20:19.678  3848  3848 I chatty  : uid=1000 system_server expire 9 lines
02-09 18:20:19.768  3848  3978 I chatty  : uid=1000 system_server expire 1 line
02-09 18:20:19.804  3848  3984 I chatty  : uid=1000 system_server expire 1 line
02-09 18:20:20.095  3848  5819 I chatty  : uid=1000 system_server expire 3 lines
02-09 18:20:21.223 28161 28161 D PowerUI.Notification: updateNotification mWarning=false mPlaySound=false mSaver=false mInvalidCharger=false
02-09 18:20:21.810  3848  7276 I chatty  : uid=1000 system_server expire 1 line
02-09 18:20:21.907  3848  6536 I chatty  : uid=1000 system_server expire 8 lines
02-09 18:20:23.869 28161 28161 D PowerUI : buckets   .....20 .. 15 .. 5
02-09 18:20:23.869 28161 28161 D PowerUI : level          100 --> 99
02-09 18:20:23.869 28161 28161 D PowerUI : status         1 --> 2
02-09 18:20:23.869 28161 28161 D PowerUI : plugType       0 --> 2
02-09 18:20:23.869 28161 28161 D PowerUI : invalidCharger 0 --> 0
02-09 18:20:23.869 28161 28161 D PowerUI : bucket         1 --> 1
02-09 18:20:23.869 28161 28161 D PowerUI : plugged        false --> true
02-09 18:20:23.869 28161 28161 D PowerUI.Notification: dismissing low battery warning: level=99
02-09 18:20:23.869 28161 28161 D PowerUI.Notification: updateNotification mWarning=false mPlaySound=false mSaver=false mInvalidCharger=false
02-09 18:20:24.088  3848  3949 I chatty  : uid=1000 system_server expire 2 lines
02-09 18:20:25.257 28161 28161 E AndroidRuntime: FATAL EXCEPTION: main
02-09 18:20:25.257 28161 28161 E AndroidRuntime: Process: com.android.systemui, PID: 28161
02-09 18:20:25.257 28161 28161 E AndroidRuntime: java.lang.ArrayIndexOutOfBoundsException: length=4; index=4
02-09 18:20:25.257 28161 28161 E AndroidRuntime: 	at com.android.systemui.statusbar.policy.SignalController.getCurrentIconId(Unknown Source)
02-09 18:20:25.257 28161 28161 E AndroidRuntime: 	at com.android.systemui.statusbar.policy.MobileSignalController.getCurrentIconId(Unknown Source)
02-09 18:20:25.257 28161 28161 E AndroidRuntime: 	at com.android.systemui.statusbar.policy.MobileSignalController.notifyListeners(Unknown Source)
02-09 18:20:25.257 28161 28161 E AndroidRuntime: 	at com.android.systemui.statusbar.policy.SignalController.notifyListenersIfNecessary(Unknown Source)
02-09 18:20:25.257 28161 28161 E AndroidRuntime: 	at com.android.systemui.statusbar.policy.MobileSignalController$2.run(Unknown Source)
02-09 18:20:25.257 28161 28161 E AndroidRuntime: 	at android.os.Handler.handleCallback(Handler.java:739)
02-09 18:20:25.257 28161 28161 E AndroidRuntime: 	at android.os.Handler.dispatchMessage(Handler.java:95)
02-09 18:20:25.257 28161 28161 E AndroidRuntime: 	at android.os.Looper.loop(Looper.java:148)
02-09 18:20:25.257 28161 28161 E AndroidRuntime: 	at android.app.ActivityThread.main(ActivityThread.java:5417)
02-09 18:20:25.257 28161 28161 E AndroidRuntime: 	at java.lang.reflect.Method.invoke(Native Method)
02-09 18:20:25.257 28161 28161 E AndroidRuntime: 	at com.android.internal.os.ZygoteInit$MethodAndArgsCaller.run(ZygoteInit.java:726)
02-09 18:20:25.257 28161 28161 E AndroidRuntime: 	at com.android.internal.os.ZygoteInit.main(ZygoteInit.java:616)
02-09 18:20:25.267  3848  7222 I chatty  : uid=1000 system_server expire 2 lines
02-09 18:20:25.497  3848  7172 I chatty  : uid=1000 system_server expire 3 lines
02-09 18:20:25.503  3848  7190 I chatty  : uid=1000 system_server expire 3 lines
02-09 18:20:25.504  3848  7228 I chatty  : uid=1000 system_server expire 4 lines
02-09 18:20:25.516  3848  6537 I chatty  : uid=1000 system_server expire 5 lines
02-09 18:20:25.522  3848  3948 I chatty  : uid=1000 system_server expire 2 lines
02-09 18:20:25.525  3848  6793 I chatty  : uid=1000(system) Binder_3 expire 6 lines
02-09 18:20:25.547  3848  3982 I chatty  : uid=1000 system_server expire 4 lines
02-09 18:20:26.032  3848  7267 I chatty  : uid=1000 system_server expire 1 line
02-09 18:20:27.120 28221 28221 D PowerUI.Notification: updateNotification mWarning=false mPlaySound=false mSaver=false mInvalidCharger=false
02-09 18:20:27.680  3848  7192 I chatty  : uid=1000 system_server expire 1 line
02-09 18:20:29.755 28221 28221 D PowerUI : buckets   .....20 .. 15 .. 5
02-09 18:20:29.756 28221 28221 D PowerUI : level          100 --> 99
02-09 18:20:29.756 28221 28221 D PowerUI : status         1 --> 2
02-09 18:20:29.756 28221 28221 D PowerUI : plugType       0 --> 2
02-09 18:20:29.756 28221 28221 D PowerUI : invalidCharger 0 --> 0
02-09 18:20:29.756 28221 28221 D PowerUI : bucket         1 --> 1
02-09 18:20:29.756 28221 28221 D PowerUI : plugged        false --> true
02-09 18:20:29.756 28221 28221 D PowerUI.Notification: dismissing low battery warning: level=99
02-09 18:20:29.756 28221 28221 D PowerUI.Notification: updateNotification mWarning=false mPlaySound=false mSaver=false mInvalidCharger=false
02-09 18:20:31.238 28221 28221 E AndroidRuntime: FATAL EXCEPTION: main
02-09 18:20:31.238 28221 28221 E AndroidRuntime: Process: com.android.systemui, PID: 28221
02-09 18:20:31.238 28221 28221 E AndroidRuntime: java.lang.ArrayIndexOutOfBoundsException: length=4; index=4
02-09 18:20:31.238 28221 28221 E AndroidRuntime: 	at com.android.systemui.statusbar.policy.SignalController.getCurrentIconId(Unknown Source)
02-09 18:20:31.238 28221 28221 E AndroidRuntime: 	at com.android.systemui.statusbar.policy.MobileSignalController.getCurrentIconId(Unknown Source)
02-09 18:20:31.238 28221 28221 E AndroidRuntime: 	at com.android.systemui.statusbar.policy.MobileSignalController.notifyListeners(Unknown Source)
02-09 18:20:31.238 28221 28221 E AndroidRuntime: 	at com.android.systemui.statusbar.policy.SignalController.notifyListenersIfNecessary(Unknown Source)
02-09 18:20:31.238 28221 28221 E AndroidRuntime: 	at com.android.systemui.statusbar.policy.MobileSignalController$2.run(Unknown Source)
02-09 18:20:31.238 28221 28221 E AndroidRuntime: 	at android.os.Handler.handleCallback(Handler.java:739)
02-09 18:20:31.238 28221 28221 E AndroidRuntime: 	at android.os.Handler.dispatchMessage(Handler.java:95)
02-09 18:20:31.238 28221 28221 E AndroidRuntime: 	at android.os.Looper.loop(Looper.java:148)
02-09 18:20:31.238 28221 28221 E AndroidRuntime: 	at android.app.ActivityThread.main(ActivityThread.java:5417)
02-09 18:20:31.238 28221 28221 E AndroidRuntime: 	at java.lang.reflect.Method.invoke(Native Method)
02-09 18:20:31.238 28221 28221 E AndroidRuntime: 	at com.android.internal.os.ZygoteInit$MethodAndArgsCaller.run(ZygoteInit.java:726)
02-09 18:20:31.238 28221 28221 E AndroidRuntime: 	at com.android.internal.os.ZygoteInit.main(ZygoteInit.java:616)
02-09 18:20:31.445  3848  7274 I chatty  : uid=1000 system_server expire 6 lines
02-09 18:20:31.448  3848  6794 I chatty  : uid=1000(system) Recents-TaskRes expire 1 line
02-09 18:20:33.134 28281 28281 D PowerUI.Notification: updateNotification mWarning=false mPlaySound=false mSaver=false mInvalidCharger=false
02-09 18:20:34.057 28281 28281 E AndroidRuntime: FATAL EXCEPTION: main
02-09 18:20:34.057 28281 28281 E AndroidRuntime: Process: com.android.systemui, PID: 28281
02-09 18:20:34.057 28281 28281 E AndroidRuntime: java.lang.NullPointerException: Attempt to invoke interface method 'void com.android.internal.statusbar.IStatusBarService.registerStatusBar(com.android.internal.statusbar.IStatusBar, com.android.internal.statusbar.StatusBarIconList, int[], java.util.List)' on a null object reference
02-09 18:20:34.057 28281 28281 E AndroidRuntime: 	at com.android.systemui.statusbar.BaseStatusBar.start(Unknown Source)
02-09 18:20:34.057 28281 28281 E AndroidRuntime: 	at com.android.systemui.statusbar.phone.PhoneStatusBar.start(Unknown Source)
02-09 18:20:34.057 28281 28281 E AndroidRuntime: 	at com.android.systemui.statusbar.SystemBars.createStatusBarFromConfig(Unknown Source)
02-09 18:20:34.057 28281 28281 E AndroidRuntime: 	at com.android.systemui.statusbar.SystemBars.onNoService(Unknown Source)
02-09 18:20:34.057 28281 28281 E AndroidRuntime: 	at com.android.systemui.statusbar.ServiceMonitor.startService(Unknown Source)
02-09 18:20:34.057 28281 28281 E AndroidRuntime: 	at com.android.systemui.statusbar.ServiceMonitor.access$000(Unknown Source)
02-09 18:20:34.057 28281 28281 E AndroidRuntime: 	at com.android.systemui.statusbar.ServiceMonitor$1.handleMessage(Unknown Source)
02-09 18:20:34.057 28281 28281 E AndroidRuntime: 	at android.os.Handler.dispatchMessage(Handler.java:102)
02-09 18:20:34.057 28281 28281 E AndroidRuntime: 	at android.os.Looper.loop(Looper.java:148)
02-09 18:20:34.057 28281 28281 E AndroidRuntime: 	at android.app.ActivityThread.main(ActivityThread.java:5417)
02-09 18:20:34.057 28281 28281 E AndroidRuntime: 	at java.lang.reflect.Method.invoke(Native Method)
02-09 18:20:34.057 28281 28281 E AndroidRuntime: 	at com.android.internal.os.ZygoteInit$MethodAndArgsCaller.run(ZygoteInit.java:726)
02-09 18:20:34.057 28281 28281 E AndroidRuntime: 	at com.android.internal.os.ZygoteInit.main(ZygoteInit.java:616)
02-09 18:20:34.059 28281 28281 E AndroidRuntime: Error reporting crash
02-09 18:20:34.059 28281 28281 E AndroidRuntime: android.os.DeadObjectException
02-09 18:20:34.059 28281 28281 E AndroidRuntime: 	at android.os.BinderProxy.transactNative(Native Method)
02-09 18:20:34.059 28281 28281 E AndroidRuntime: 	at android.os.BinderProxy.transact(Binder.java:503)
02-09 18:20:34.059 28281 28281 E AndroidRuntime: 	at android.app.ActivityManagerProxy.handleApplicationCrash(ActivityManagerNative.java:4511)
02-09 18:20:34.059 28281 28281 E AndroidRuntime: 	at com.android.internal.os.RuntimeInit$UncaughtHandler.uncaughtException(RuntimeInit.java:90)
02-09 18:20:34.059 28281 28281 E AndroidRuntime: 	at java.lang.ThreadGroup.uncaughtException(ThreadGroup.java:693)
02-09 18:20:34.059 28281 28281 E AndroidRuntime: 	at java.lang.ThreadGroup.uncaughtException(ThreadGroup.java:690)
02-09 18:20:40.374 28683 28683 I chatty  : uid=1000 system_server expire 168 lines
02-09 18:20:40.630 28683 28712 I chatty  : uid=1000(system) ActivityManager expire 1 line
02-09 18:20:40.635 28683 28713 I chatty  : uid=1000(system) android.ui expire 1 line
02-09 18:20:41.068 28683 28737 I chatty  : uid=1000(system) android.display expire 3 lines
02-09 18:20:41.094 28683 28740 I chatty  : uid=1000(system) PowerManagerSer expire 1 line
02-09 18:20:41.146 28683 28739 I chatty  : uid=1000(system) CpuTracker expire 1 line
02-09 18:21:31.779 28683 28683 I chatty  : uid=1000 system_server expire 409 lines
02-09 18:21:32.947 28683 28940 I chatty  : uid=1000(system) CameraService_p expire 1 line
02-09 18:21:33.338 28683 28737 I chatty  : uid=1000(system) android.display expire 1 line
02-09 18:21:33.681 28683 28977 I chatty  : uid=1000(system) MountService expire 96 lines
02-09 18:21:33.684   411   417 I Ext4Crypt: ext4 crypto complete called on /data
02-09 18:21:33.684   411   417 I Ext4Crypt: No master key, so not ext4enc
02-09 18:21:33.691 28683 28979 I chatty  : uid=1000(system) CryptdConnector expire 2 lines
02-09 18:21:33.727 28683 28978 I chatty  : uid=1000(system) VoldConnector expire 4 lines
02-09 18:21:33.765 28683 28977 I chatty  : uid=1000(system) MountService expire 219 lines
02-09 18:21:33.940 28683 28711 I chatty  : uid=1000(system) android.bg expire 1 line
02-09 18:21:33.990 28683 28975 I chatty  : uid=1000(system) InputDispatcher expire 1 line
02-09 18:21:34.555 28683 28683 I chatty  : uid=1000 system_server expire 30 lines
02-09 18:21:34.562   411 28986 D vold    : Starting trim of /data
02-09 18:21:34.586   411 28986 I vold    : Trimmed 53567488 bytes on /data in 24ms
02-09 18:21:34.586   411 28986 D vold    : Starting trim of none
02-09 18:21:34.587   411 28986 W vold    : Failed to open none: No such file or directory
02-09 18:21:34.587   411 28986 D vold    : Starting trim of /app
02-09 18:21:34.587   411 28986 W vold    : Failed to open /app: Permission denied
02-09 18:21:34.592 28683 28716 I chatty  : uid=1000(system) android.fg expire 6 lines
02-09 18:21:35.162 28683 28683 I chatty  : uid=1000 system_server expire 143 lines
02-09 18:21:35.814 28390 28767 E NetlinkEvent: Unknown ifindex 22 in RTM_DELADDR
02-09 18:21:35.896 28683 28992 I chatty  : uid=1000(system) WifiService expire 5 lines
02-09 18:21:35.939 28683 28993 I chatty  : uid=1000(system) ConnectivitySer expire 4 lines
02-09 18:21:36.702 28683 28740 I chatty  : uid=1000(system) PowerManagerSer expire 1 line
02-09 18:21:36.970 28683 28977 I chatty  : uid=1000(system) MountService expire 6 lines
02-09 18:21:36.971 28683 28712 I chatty  : uid=1000(system) ActivityManager expire 8 lines
02-09 18:21:36.972 28683 28978 I chatty  : uid=1000(system) VoldConnector expire 14 lines
02-09 18:21:37.137   411   416 E ProcessKiller: Process /system/bin/ptt_socket_app (579) has open file /storage/emulated/0/wlan_logs
02-09 18:21:37.137   411   416 W ProcessKiller: Sending Interrupt to process 579
02-09 18:21:37.218   411   416 E ProcessKiller: Process logcat (4336) has open file /storage/emulated/0/quciilogs/Aplog_1970_0103_093654/main.txt
02-09 18:21:37.218   411   416 W ProcessKiller: Sending Interrupt to process 4336
02-09 18:21:37.218   411   416 E ProcessKiller: Process logcat (4338) has open file /storage/emulated/0/quciilogs/Aplog_1970_0103_093654/system.txt
02-09 18:21:37.218   411   416 W ProcessKiller: Sending Interrupt to process 4338
02-09 18:21:37.218   411   416 E ProcessKiller: Process logcat (4341) has open file /storage/emulated/0/quciilogs/Aplog_1970_0103_093654/radio.txt
02-09 18:21:37.218   411   416 W ProcessKiller: Sending Interrupt to process 4341
02-09 18:21:37.219   411   416 E ProcessKiller: Process logcat (4344) has open file /storage/emulated/0/quciilogs/Aplog_1970_0103_093654/events.txt
02-09 18:21:37.219   411   416 W ProcessKiller: Sending Interrupt to process 4344
02-09 18:21:37.712 28683 28713 I chatty  : uid=1000(system) android.ui expire 1 line
02-09 18:21:38.312 28683 28696 I chatty  : uid=1000(system) Binder_1 expire 3 lines
02-09 18:21:42.691   411   416 V vold    : Waiting for FUSE to spin up...
02-09 18:21:42.853 28683 29079 I chatty  : uid=1000(system) Binder_4 expire 2 lines
02-09 18:21:43.608 28683 29325 I chatty  : uid=1000(system) Binder_7 expire 1 line
02-09 18:21:44.804 29282 29282 D PowerUI.Notification: updateNotification mWarning=false mPlaySound=false mSaver=false mInvalidCharger=false
02-09 18:21:45.300 28683 28697 I chatty  : uid=1000(system) Binder_2 expire 3 lines
02-09 18:21:46.541   411   416 D vold    : Linking /storage/emulated/0 to /mnt/user/0/primary
02-09 18:21:46.550 28683 28683 I chatty  : uid=1000 system_server expire 42 lines
02-09 18:21:47.345 28683 28711 I chatty  : uid=1000(system) android.bg expire 1 line
02-09 18:21:47.399 29749 29749 I chatty  : uid=1000(system) com.qualcomm.qti.tetherservice expire 1 line
02-09 18:21:47.476 29732 29732 I chatty  : uid=1000(system) com.qualcomm.qti.carrierconfigure expire 2 lines
02-09 18:21:47.550 28683 29728 I chatty  : uid=1000(system) Binder_A expire 3 lines
02-09 18:21:47.609 29643 29643 I chatty  : uid=1000(system) com.quicinc.cne.CNEService expire 1 line
02-09 18:21:47.610 28683 29083 I chatty  : uid=1000(system) Binder_5 expire 2 lines
02-09 18:21:47.791 28683 29802 I chatty  : uid=1000(system) Binder_F expire 1 line
02-09 18:21:49.764 28683 30043 I chatty  : uid=1000(system) IzatServiceBase expire 4 lines
02-09 18:21:50.423 28683 29015 I chatty  : uid=1000(system) backup expire 1 line
02-09 18:21:54.773 29282 29282 D PowerUI : buckets   .....20 .. 15 .. 5
02-09 18:21:54.773 29282 29282 D PowerUI : level          98 --> 98
02-09 18:21:54.773 29282 29282 D PowerUI : status         2 --> 2
02-09 18:21:54.773 29282 29282 D PowerUI : plugType       2 --> 2
02-09 18:21:54.773 29282 29282 D PowerUI : invalidCharger 0 --> 0
02-09 18:21:54.773 29282 29282 D PowerUI : bucket         1 --> 1
02-09 18:21:54.773 29282 29282 D PowerUI : plugged        true --> true
02-09 18:21:54.773 29282 29282 D PowerUI.Notification: dismissing low battery warning: level=98
02-09 18:21:54.773 29282 29282 D PowerUI.Notification: updateNotification mWarning=false mPlaySound=false mSaver=false mInvalidCharger=false
02-09 18:21:54.829   411   417 D VoldCryptCmdListener: cryptfs getpw
02-09 18:21:54.829   411   417 I Ext4Crypt: ext4 crypto complete called on /data
02-09 18:21:54.829   411   417 I Ext4Crypt: No master key, so not ext4enc
02-09 18:21:54.829   411   417 I Ext4Crypt: ext4 crypto complete called on /data
02-09 18:21:54.829   411   417 I Ext4Crypt: No master key, so not ext4enc
02-09 18:21:54.830 28683 28979 I chatty  : uid=1000(system) CryptdConnector expire 2 lines
02-09 18:21:54.837   411   417 D VoldCryptCmdListener: cryptfs clearpw
02-09 18:21:54.837   411   417 I Ext4Crypt: ext4 crypto complete called on /data
02-09 18:21:54.837   411   417 I Ext4Crypt: No master key, so not ext4enc
02-09 18:21:55.054 28683 28713 I chatty  : uid=1000(system) android.ui expire 1 line
02-09 18:21:55.562 28683 28992 I chatty  : uid=1000(system) WifiService expire 8 lines
02-09 18:21:55.861 28683 28991 I chatty  : uid=1000(system) WifiStateMachin expire 1 line
02-09 18:21:55.862 28683 28993 I chatty  : uid=1000(system) ConnectivitySer expire 33 lines
02-09 18:21:56.027 28683 28712 I chatty  : uid=1000(system) ActivityManager expire 8 lines
02-09 18:21:56.056 28683 28737 I chatty  : uid=1000(system) android.display expire 4 lines
02-09 18:21:56.206 28683 29325 I chatty  : uid=1000(system) Binder_7 expire 10 lines
02-09 18:21:56.230 28683 29825 I chatty  : uid=1000(system) Binder_10 expire 12 lines
02-09 18:21:56.476 29779 29779 D MccTable: updateMccMncConfiguration mccmnc='null' fromServiceState=true
02-09 18:21:56.476 29779 29779 D MccTable: WIFI_COUNTRY_CODE set to 
02-09 18:21:56.489 28683 28696 I chatty  : uid=1000(system) Binder_1 expire 16 lines
02-09 18:21:57.491 28683 28683 I chatty  : uid=1000 system_server expire 23 lines
02-09 18:21:58.594 28683 28949 I chatty  : uid=1000(system) mqtt connection expire 3 lines
02-09 18:21:58.706 28683 29761 I chatty  : uid=1000(system) Binder_C expire 6 lines
02-09 18:21:59.175 28683 29079 I chatty  : uid=1000(system) Binder_4 expire 11 lines
02-09 18:21:59.249 28683 29036 I chatty  : uid=1000(system) Binder_3 expire 10 lines
02-09 18:21:59.308 29779 29779 D MccTable: updateMccMncConfiguration mccmnc='00000' fromServiceState=true
02-09 18:21:59.312 29779 29779 D MccTable: updateMccMncConfiguration defaultMccMnc=
02-09 18:21:59.312 29779 29779 D MccTable: updateMccMncConfiguration: mcc=0, mnc=0
02-09 18:21:59.312 29779 29779 D MccTable: WIFI_COUNTRY_CODE set to 
02-09 18:21:59.313 28683 29083 I chatty  : uid=1000(system) Binder_5 expire 9 lines
02-09 18:21:59.761 28683 29785 I chatty  : uid=1000(system) Binder_D expire 10 lines
02-09 18:21:59.844 28683 29719 I chatty  : uid=1000(system) Binder_9 expire 10 lines
02-09 18:21:59.922 28683 29802 I chatty  : uid=1000(system) Binder_F expire 12 lines
02-09 18:22:00.005 28683 29728 I chatty  : uid=1000(system) Binder_A expire 5 lines
02-09 18:22:00.612 30641 30641 I chatty  : uid=1000(system) com.qualcomm.telephony expire 2 lines
02-09 18:22:00.996 28683 29324 I chatty  : uid=1000(system) Binder_6 expire 4 lines
02-09 18:22:01.517 29779 29779 D MccTable: updateMccMncConfiguration mccmnc='46000' fromServiceState=true
02-09 18:22:01.521 29779 29779 D MccTable: updateMccMncConfiguration defaultMccMnc=
02-09 18:22:01.521 29779 29779 D MccTable: updateMccMncConfiguration: mcc=460, mnc=0
02-09 18:22:01.521 29779 29779 D MccTable: WIFI_COUNTRY_CODE set to cn
02-09 18:22:01.785 28683 29801 I chatty  : uid=1000(system) Binder_E expire 6 lines
02-09 18:22:03.532 29779 29779 D MccTable: updateMccMncConfiguration mccmnc='' fromServiceState=false
02-09 18:22:04.332 29282 29282 E AndroidRuntime: FATAL EXCEPTION: main
02-09 18:22:04.332 29282 29282 E AndroidRuntime: Process: com.android.systemui, PID: 29282
02-09 18:22:04.332 29282 29282 E AndroidRuntime: java.lang.ArrayIndexOutOfBoundsException: length=4; index=4
02-09 18:22:04.332 29282 29282 E AndroidRuntime: 	at com.android.systemui.statusbar.policy.SignalController.getCurrentIconId(Unknown Source)
02-09 18:22:04.332 29282 29282 E AndroidRuntime: 	at com.android.systemui.statusbar.policy.MobileSignalController.getCurrentIconId(Unknown Source)
02-09 18:22:04.332 29282 29282 E AndroidRuntime: 	at com.android.systemui.statusbar.policy.MobileSignalController.notifyListeners(Unknown Source)
02-09 18:22:04.332 29282 29282 E AndroidRuntime: 	at com.android.systemui.statusbar.policy.SignalController.notifyListenersIfNecessary(Unknown Source)
02-09 18:22:04.332 29282 29282 E AndroidRuntime: 	at com.android.systemui.statusbar.policy.MobileSignalController$2.run(Unknown Source)
02-09 18:22:04.332 29282 29282 E AndroidRuntime: 	at android.os.Handler.handleCallback(Handler.java:739)
02-09 18:22:04.332 29282 29282 E AndroidRuntime: 	at android.os.Handler.dispatchMessage(Handler.java:95)
02-09 18:22:04.332 29282 29282 E AndroidRuntime: 	at android.os.Looper.loop(Looper.java:148)
02-09 18:22:04.332 29282 29282 E AndroidRuntime: 	at android.app.ActivityThread.main(ActivityThread.java:5417)
02-09 18:22:04.332 29282 29282 E AndroidRuntime: 	at java.lang.reflect.Method.invoke(Native Method)
02-09 18:22:04.332 29282 29282 E AndroidRuntime: 	at com.android.internal.os.ZygoteInit$MethodAndArgsCaller.run(ZygoteInit.java:726)
02-09 18:22:04.332 29282 29282 E AndroidRuntime: 	at com.android.internal.os.ZygoteInit.main(ZygoteInit.java:616)
02-09 18:22:06.289 29779 29779 D MccTable: updateMccMncConfiguration mccmnc='46000' fromServiceState=false
02-09 18:22:06.291 29779 29779 D MccTable: updateMccMncConfiguration defaultMccMnc=
02-09 18:22:06.291 29779 29779 D MccTable: updateMccMncConfiguration: mcc=460, mnc=0
02-09 18:22:06.292 29779 29779 D MccTable: updateMccMncConfiguration updateConfig config={0.85 460mcc65535mnc ?locale ?layoutDir ?swdp ?wdp ?hdp ?density ?lsize ?long ?orien ?uimode ?night ?touch ?keyb/?/? ?nav/?}
02-09 18:22:06.465 30744 30744 D PowerUI.Notification: updateNotification mWarning=false mPlaySound=false mSaver=false mInvalidCharger=false
02-09 18:22:07.077 28683 29325 I chatty  : uid=1000(system) Binder_7 expire 9 lines
02-09 18:22:08.504 28683 28697 I chatty  : uid=1000(system) Binder_2 expire 5 lines
02-09 18:22:08.526 28683 28993 I chatty  : uid=1000(system) ConnectivitySer expire 4 lines
02-09 18:22:09.719 30744 30744 E AndroidRuntime: FATAL EXCEPTION: main
02-09 18:22:09.719 30744 30744 E AndroidRuntime: Process: com.android.systemui, PID: 30744
02-09 18:22:09.719 30744 30744 E AndroidRuntime: java.lang.NullPointerException: Attempt to read from field 'int android.view.ViewGroup$LayoutParams.width' on a null object reference
02-09 18:22:09.719 30744 30744 E AndroidRuntime: 	at com.android.systemui.statusbar.phone.NotificationPanelView.updateResources(Unknown Source)
02-09 18:22:09.719 30744 30744 E AndroidRuntime: 	at com.android.systemui.statusbar.phone.PhoneStatusBar.updateResources(Unknown Source)
02-09 18:22:09.719 30744 30744 E AndroidRuntime: 	at com.android.systemui.statusbar.phone.PhoneStatusBar.onConfigurationChanged(Unknown Source)
02-09 18:22:09.719 30744 30744 E AndroidRuntime: 	at com.android.systemui.statusbar.SystemBars.onConfigurationChanged(Unknown Source)
02-09 18:22:09.719 30744 30744 E AndroidRuntime: 	at com.android.systemui.SystemUIApplication.onConfigurationChanged(Unknown Source)
02-09 18:22:09.719 30744 30744 E AndroidRuntime: 	at android.app.ActivityThread.performConfigurationChanged(ActivityThread.java:4174)
02-09 18:22:09.719 30744 30744 E AndroidRuntime: 	at android.app.ActivityThread.handleConfigurationChanged(ActivityThread.java:4247)
02-09 18:22:09.719 30744 30744 E AndroidRuntime: 	at android.app.ActivityThread$H.handleMessage(ActivityThread.java:1454)
02-09 18:22:09.719 30744 30744 E AndroidRuntime: 	at android.os.Handler.dispatchMessage(Handler.java:102)
02-09 18:22:09.719 30744 30744 E AndroidRuntime: 	at android.os.Looper.loop(Looper.java:148)
02-09 18:22:09.719 30744 30744 E AndroidRuntime: 	at android.app.ActivityThread.main(ActivityThread.java:5417)
02-09 18:22:09.719 30744 30744 E AndroidRuntime: 	at java.lang.reflect.Method.invoke(Native Method)
02-09 18:22:09.719 30744 30744 E AndroidRuntime: 	at com.android.internal.os.ZygoteInit$MethodAndArgsCaller.run(ZygoteInit.java:726)
02-09 18:22:09.719 30744 30744 E AndroidRuntime: 	at com.android.internal.os.ZygoteInit.main(ZygoteInit.java:616)
02-09 18:22:09.742 28683 29697 I chatty  : uid=1000(system) Binder_8 expire 7 lines
02-09 18:22:10.014 28683 29755 I chatty  : uid=1000(system) Binder_B expire 6 lines
02-09 18:22:10.080 28683 30851 I chatty  : uid=1000(system) AsyncTask #3 expire 1 line
02-09 18:22:10.519 29779 29779 D MccTable: updateMccMncConfiguration mccmnc='46000' fromServiceState=false
02-09 18:22:10.525 29779 29779 D MccTable: updateMccMncConfiguration defaultMccMnc=46000
02-09 18:22:10.525 29779 29779 D MccTable: updateMccMncConfiguration: mcc=460, mnc=0
02-09 18:22:10.526 29779 29779 D MccTable: updateMccMncConfiguration updateConfig config={0.85 460mcc65535mnc ?locale ?layoutDir ?swdp ?wdp ?hdp ?density ?lsize ?long ?orien ?uimode ?night ?touch ?keyb/?/? ?nav/?}
02-09 18:22:11.261 28683 28696 I chatty  : uid=1000(system) Binder_1 expire 3 lines
02-09 18:22:11.681 30857 30857 D PowerUI.Notification: updateNotification mWarning=false mPlaySound=false mSaver=false mInvalidCharger=false
02-09 18:22:11.895 28683 29802 I chatty  : uid=1000(system) Binder_F expire 1 line
02-09 18:22:12.647 28683 28683 I chatty  : uid=1000 system_server expire 4 lines
02-09 18:22:12.938 30944 30944 I chatty  : uid=1000(system) com.qti.diagservices expire 1 line
