03-03 22:01:02.451  3611  5628 I Telecom : InCallController: Sending updateCall [4371851, ACTIVE, com.android.phone/com.android.services.telephony.TelephonyConnectionService, tel:***********, A, childs(0), has_parent(false), [[Capabilities: CAPABILITY_SUPPORT_HOLD CAPABILITY_MUTE CAPABILITY_SUPPORTS_VT_LOCAL_RX CAPABILITY_SUPPORTS_VT_LOCAL_TX CAPABILITY_SUPPORTS_VT_LOCAL_BIDIRECTIONAL CAPABILITY_SUPPORTS_VT_REMOTE_RX CAPABILITY_SUPPORTS_VT_REMOTE_TX CAPABILITY_SUPPORTS_VT_REMOTE_BIDIRECTIONAL CAPABILITY_SUPPORTS_DOWNGRADE_TO_VOICE_REMOTE CAPABILITY_SPEED_UP_MT_AUDIO]], false, ComponentInfo{com.android.phone/com.android.services.telephony.TelephonyConnectionService}, [356a192b7913b04c54574d18c28d46e6395428ab], UserHandle{0}] ==> [InCall@22, parent:null, children:[]]
03-03 22:01:02.455  3611  3671 W BroadcastQueue: Permission Denial: receiving Intent { act=android.intent.action.PHONE_STATE flg=0x10 (has extras) } to ProcessRecord{53ca344 16900:com.android.systemui/u0a22} (pid=16900, uid=10022) requires android.permission.READ_PHONE_STATE due to sender android (uid 1000)
03-03 22:01:02.456  3611  3671 W BroadcastQueue: Permission Denial: receiving Intent { act=android.intent.action.PHONE_STATE flg=0x10 (has extras) } to ProcessRecord{53ca344 16900:com.android.systemui/u0a22} (pid=16900, uid=10022) requires android.permission.READ_PHONE_STATE due to sender android (uid 1000)
03-03 22:01:02.456  3611  5628 I Telecom : InCallController: Components updated: [ComponentInfo{com.android.dialer/com.android.incallui.InCallServiceImpl}]
03-03 22:01:02.461  3611  5628 I Telecom : CallAudioManager: updateAudioStreamAndMode :  mIsRinging: false, mIsTonePlaying: false, call: [4371851, ACTIVE, com.android.phone/com.android.services.telephony.TelephonyConnectionService, tel:***********, A, childs(0), has_parent(false), [[Capabilities: CAPABILITY_SUPPORT_HOLD CAPABILITY_MUTE CAPABILITY_SUPPORTS_VT_LOCAL_RX CAPABILITY_SUPPORTS_VT_LOCAL_TX CAPABILITY_SUPPORTS_VT_LOCAL_BIDIRECTIONAL CAPABILITY_SUPPORTS_VT_REMOTE_RX CAPABILITY_SUPPORTS_VT_REMOTE_TX CAPABILITY_SUPPORTS_VT_REMOTE_BIDIRECTIONAL CAPABILITY_SUPPORTS_DOWNGRADE_TO_VOICE_REMOTE CAPABILITY_SPEED_UP_MT_AUDIO]], false, ComponentInfo{com.android.phone/com.android.services.telephony.TelephonyConnectionService}, [356a192b7913b04c54574d18c28d46e6395428ab], UserHandle{0}]
03-03 22:01:02.461  3611  5628 I Telecom : CallAudioManager: updateAudioStreamAndMode : foreground
03-03 22:01:02.468  3611  5628 I Telecom : ViceNotificationImpl: onCallStateChanged newState = 5
03-03 22:01:02.469  3611  5628 I Telecom : InCallWakeLockController: Releasing full wake lock
03-03 22:01:02.488  3611  5628 I Telecom : InCallController: Sending updateCall [4371851, ACTIVE, com.android.phone/com.android.services.telephony.TelephonyConnectionService, tel:***********, A, childs(0), has_parent(false), [[Capabilities: CAPABILITY_SUPPORT_HOLD CAPABILITY_MUTE CAPABILITY_SUPPORTS_VT_LOCAL_RX CAPABILITY_SUPPORTS_VT_LOCAL_TX CAPABILITY_SUPPORTS_VT_LOCAL_BIDIRECTIONAL CAPABILITY_SUPPORTS_VT_REMOTE_RX CAPABILITY_SUPPORTS_VT_REMOTE_TX CAPABILITY_SUPPORTS_VT_REMOTE_BIDIRECTIONAL CAPABILITY_SUPPORTS_DOWNGRADE_TO_VOICE_REMOTE CAPABILITY_SPEED_UP_MT_AUDIO]], false, ComponentInfo{com.android.phone/com.android.services.telephony.TelephonyConnectionService}, [356a192b7913b04c54574d18c28d46e6395428ab], UserHandle{0}] ==> [InCall@22, parent:null, children:[]]
03-03 22:01:02.491  3611  3669 W BroadcastQueue: Permission Denial: receiving Intent { act=android.intent.action.PHONE_STATE flg=0x10 (has extras) } to com.android.deskclock/.alarms.PhoneStateReceiver requires android.permission.READ_PRIVILEGED_PHONE_STATE due to sender android (uid 1000)
03-03 22:01:02.492  3611  5628 I Telecom : InCallController: Components updated: [ComponentInfo{com.android.dialer/com.android.incallui.InCallServiceImpl}]
03-03 22:01:02.500  3611  5628 I Telecom : InCallController: Sending updateCall [4371851, ACTIVE, com.android.phone/com.android.services.telephony.TelephonyConnectionService, tel:***********, A, childs(0), has_parent(false), [[Capabilities: CAPABILITY_SUPPORT_HOLD CAPABILITY_MUTE CAPABILITY_SUPPORTS_VT_LOCAL_RX CAPABILITY_SUPPORTS_VT_LOCAL_TX CAPABILITY_SUPPORTS_VT_LOCAL_BIDIRECTIONAL CAPABILITY_SUPPORTS_VT_REMOTE_RX CAPABILITY_SUPPORTS_VT_REMOTE_TX CAPABILITY_SUPPORTS_VT_REMOTE_BIDIRECTIONAL CAPABILITY_SUPPORTS_DOWNGRADE_TO_VOICE_REMOTE CAPABILITY_SPEED_UP_MT_AUDIO]], false, ComponentInfo{com.android.phone/com.android.services.telephony.TelephonyConnectionService}, [356a192b7913b04c54574d18c28d46e6395428ab], UserHandle{0}] ==> [InCall@22, parent:null, children:[]]
03-03 22:01:02.505  3611  5628 I Telecom : InCallController: Components updated: [ComponentInfo{com.android.dialer/com.android.incallui.InCallServiceImpl}]
03-03 22:01:02.514  3611  5628 I Telecom : InCallController: Sending updateCall [4371851, ACTIVE, com.android.phone/com.android.services.telephony.TelephonyConnectionService, tel:***********, A, childs(0), has_parent(false), [[Capabilities: CAPABILITY_HOLD CAPABILITY_SUPPORT_HOLD CAPABILITY_MUTE CAPABILITY_SUPPORTS_VT_LOCAL_RX CAPABILITY_SUPPORTS_VT_LOCAL_TX CAPABILITY_SUPPORTS_VT_LOCAL_BIDIRECTIONAL CAPABILITY_SUPPORTS_VT_REMOTE_RX CAPABILITY_SUPPORTS_VT_REMOTE_TX CAPABILITY_SUPPORTS_VT_REMOTE_BIDIRECTIONAL CAPABILITY_SUPPORTS_DOWNGRADE_TO_VOICE_REMOTE CAPABILITY_SPEED_UP_MT_AUDIO]], false, ComponentInfo{com.android.phone/com.android.services.telephony.TelephonyConnectionService}, [356a192b7913b04c54574d18c28d46e6395428ab], UserHandle{0}] ==> [InCall@22, parent:null, children:[]]
03-03 22:01:02.520  3611  5628 I Telecom : InCallController: Components updated: [ComponentInfo{com.android.dialer/com.android.incallui.InCallServiceImpl}]
03-03 22:01:02.567  3611  5267 W BroadcastQueue: Permission Denial: receiving Intent { act=android.intent.action.PHONE_STATE flg=0x10 (has extras) } to com.android.deskclock/.alarms.PhoneStateReceiver requires android.permission.READ_PHONE_STATE due to sender android (uid 1000)
03-03 22:01:03.176  3611  3611 I Telecom : MyHandler: MESSAGE_CALL_ENDED
03-03 22:01:03.179  3611  3611 I Telecom : ViceNotificationImpl: processNotification DEP null
03-03 22:01:06.495  3611  4790 I PowerManagerService: Going to sleep due to power button (uid 1000)...
03-03 22:01:06.741  3611  4790 I PowerManagerService: Waking up from dozing (uid 1000)...
03-03 22:01:06.775  3611  3611 W InputMethodManagerService: Unexpected intent Intent { act=android.intent.action.SCREEN_OFF flg=0x50000010 }
03-03 22:01:07.053  3611  3678 I DisplayPowerController: Blocking screen on until initial contents have been drawn.
03-03 22:01:07.066  8919  8919 W ContextImpl: Calling a method in the system process without a qualified user: android.app.ContextImpl.sendBroadcast:771 android.content.ContextWrapper.sendBroadcast:396 com.android.incallui.InCallActivity.openNB:286 com.android.incallui.InCallActivity.onStop:401 android.app.Instrumentation.callActivityOnStop:1279 
03-03 22:01:07.134  3611  5714 I ActivityManager: Activity reported stop, but no longer stopping: ActivityRecord{ce1d30a u0 com.android.dialer/com.android.incallui.InCallActivity t22}
03-03 22:01:07.144  8919  8919 W ContextImpl: Calling a method in the system process without a qualified user: android.app.ContextImpl.sendBroadcast:771 android.content.ContextWrapper.sendBroadcast:396 com.android.incallui.InCallActivity.closeNB:295 com.android.incallui.InCallActivity.onStart:312 android.app.Instrumentation.callActivityOnStart:1238 
03-03 22:01:07.170  8919  8919 W ContextImpl: Calling a method in the system process without a qualified user: android.app.ContextImpl.sendBroadcast:771 android.content.ContextWrapper.sendBroadcast:396 android.app.Activity.sendHideNavBarBroadcast:1322 android.app.Activity.onResume:1300 com.android.incallui.InCallActivity.onResume:334 
03-03 22:01:07.523  3611  4798 I WindowManager: Screenshot max retries 4 of Token{e30177b ActivityRecord{ce1d30a u0 com.android.dialer/com.android.incallui.InCallActivity t22}} appWin=Window{2b1b962 u0 com.android.dialer/com.android.incallui.InCallActivity} drawState=4
03-03 22:01:07.685  3611  5714 W InputMethodManagerService: Focus gain on non-focused client com.android.internal.view.IInputMethodClient$Stub$Proxy@cd65d47 (uid=1000 pid=8919)
03-03 22:01:07.689  8919  8919 W ContextImpl: Calling a method in the system process without a qualified user: android.app.ContextImpl.sendBroadcast:771 android.content.ContextWrapper.sendBroadcast:396 com.android.incallui.InCallActivity.openNB:286 com.android.incallui.InCallActivity.onStop:401 android.app.Instrumentation.callActivityOnStop:1279 
03-03 22:01:08.099  3611  3672 W WindowManager: Keyguard drawn timeout. Setting mKeyguardDrawComplete
03-03 22:01:08.300  8919  8919 W ContextImpl: Calling a method in the system process without a qualified user: android.app.ContextImpl.sendBroadcast:771 android.content.ContextWrapper.sendBroadcast:396 com.android.incallui.InCallActivity.closeNB:295 com.android.incallui.InCallActivity.onStart:312 android.app.Instrumentation.callActivityOnStart:1238 
03-03 22:01:08.337  8919  8919 W ContextImpl: Calling a method in the system process without a qualified user: android.app.ContextImpl.sendBroadcast:771 android.content.ContextWrapper.sendBroadcast:396 android.app.Activity.sendHideNavBarBroadcast:1322 android.app.Activity.onResume:1300 com.android.incallui.InCallActivity.onResume:334 
03-03 22:01:08.505  3611  3611 D PushService: ======= action user present =======
03-03 22:01:08.505  3611  3611 D PUSH Logger: ======== LOGGING handle ========
03-03 22:01:08.599  3611  3611 D PushService: ======= action user present =======
03-03 22:01:08.656  3611  3611 D PushService: ======= action user present =======
03-03 22:01:08.712  3611  3611 D PushService: ======= action user present =======
03-03 22:01:08.775  3611  3611 D PushService: ======= action user present =======
03-03 22:01:08.823  3611  3611 D PushService: ======= action user present =======
03-03 22:01:08.864  3611  3611 D PushService: ======= action user present =======
03-03 22:01:08.924  3611  3611 D PushService: ======= action user present =======
03-03 22:01:08.981  3611  5644 W InputMethodManagerService: Window already focused, ignoring focus gain of: com.android.internal.view.IInputMethodClient$Stub$Proxy@2bf3f12 attribute=null, token = android.os.BinderProxy@594c02d
03-03 22:01:09.037  3611  3678 I DisplayPowerController: Unblocked screen on after 1983 ms
03-03 22:01:09.088  3611  3611 D PushService: ======= action user present =======
03-03 22:01:09.253  3611  3611 D PushService: ======= action user present =======
03-03 22:01:09.293  3611  3611 D PushService: ======= action user present =======
03-03 22:01:11.732  3611  4790 I PowerManagerService: Going to sleep due to power button (uid 1000)...
03-03 22:01:11.946  3611  4790 I PowerManagerService: Waking up from dozing (uid 1000)...
03-03 22:01:11.980  3611  3611 W InputMethodManagerService: Unexpected intent Intent { act=android.intent.action.SCREEN_OFF flg=0x50000010 }
03-03 22:01:12.259  8919  8919 W ContextImpl: Calling a method in the system process without a qualified user: android.app.ContextImpl.sendBroadcast:771 android.content.ContextWrapper.sendBroadcast:396 com.android.incallui.InCallActivity.openNB:286 com.android.incallui.InCallActivity.onStop:401 android.app.Instrumentation.callActivityOnStop:1279 
03-03 22:01:12.308  3611  3678 I DisplayPowerController: Blocking screen on until initial contents have been drawn.
03-03 22:01:12.403  8919  8919 W ContextImpl: Calling a method in the system process without a qualified user: android.app.ContextImpl.sendBroadcast:771 android.content.ContextWrapper.sendBroadcast:396 com.android.incallui.InCallActivity.closeNB:295 com.android.incallui.InCallActivity.onStart:312 android.app.Instrumentation.callActivityOnStart:1238 
03-03 22:01:12.463  3611  3611 D PushService: ======= action user present =======
03-03 22:01:12.492  8919  8919 W ViewRootImpl: Cancelling event due to no window focus: KeyEvent { action=ACTION_UP, keyCode=278, scanCode=158, metaState=0, flags=0x80000028, repeatCount=0, eventTime=1128937, downTime=1085485, deviceId=4, source=0x101 }
03-03 22:01:12.493  8919  8919 W ViewRootImpl: Cancelling event due to no window focus: KeyEvent { action=ACTION_UP, keyCode=278, scanCode=158, metaState=0, flags=0x80000028, repeatCount=0, eventTime=1128937, downTime=1085485, deviceId=4, source=0x101 }
03-03 22:01:12.493  8919  8919 W ViewRootImpl: Cancelling event due to no window focus: KeyEvent { action=ACTION_UP, keyCode=278, scanCode=158, metaState=0, flags=0x80000028, repeatCount=0, eventTime=1128937, downTime=1085485, deviceId=4, source=0x101 }
03-03 22:01:12.496  8919  8919 W ContextImpl: Calling a method in the system process without a qualified user: android.app.ContextImpl.sendBroadcast:771 android.content.ContextWrapper.sendBroadcast:396 android.app.Activity.sendHideNavBarBroadcast:1322 android.app.Activity.onResume:1300 com.android.incallui.InCallActivity.onResume:334 
03-03 22:01:12.597  8919  8919 W ViewRootImpl: Cancelling event due to no window focus: KeyEvent { action=ACTION_UP, keyCode=278, scanCode=158, metaState=0, flags=0x80000028, repeatCount=0, eventTime=1128937, downTime=1085485, deviceId=4, source=0x101 }
03-03 22:01:12.597  8919  8919 W ViewRootImpl: Cancelling event due to no window focus: KeyEvent { action=ACTION_UP, keyCode=278, scanCode=158, metaState=0, flags=0x80000028, repeatCount=0, eventTime=1128937, downTime=1085485, deviceId=4, source=0x101 }
03-03 22:01:12.598  8919  8919 W ViewRootImpl: Cancelling event due to no window focus: KeyEvent { action=ACTION_UP, keyCode=278, scanCode=158, metaState=0, flags=0x80000028, repeatCount=0, eventTime=1128937, downTime=1085485, deviceId=4, source=0x101 }
03-03 22:01:12.598  8919  8919 W ViewRootImpl: Cancelling event due to no window focus: KeyEvent { action=ACTION_UP, keyCode=278, scanCode=158, metaState=0, flags=0x80000028, repeatCount=0, eventTime=1128937, downTime=1085485, deviceId=4, source=0x101 }
03-03 22:01:12.599  8919  8919 W ViewRootImpl: Cancelling event due to no window focus: KeyEvent { action=ACTION_UP, keyCode=278, scanCode=158, metaState=0, flags=0x80000028, repeatCount=0, eventTime=1128937, downTime=1085485, deviceId=4, source=0x101 }
03-03 22:01:12.599  8919  8919 W ViewRootImpl: Cancelling event due to no window focus: KeyEvent { action=ACTION_UP, keyCode=278, scanCode=158, metaState=0, flags=0x80000028, repeatCount=0, eventTime=1128937, downTime=1085485, deviceId=4, source=0x101 }
03-03 22:01:12.604  3611  5657 W InputMethodManagerService: Window already focused, ignoring focus gain of: com.android.internal.view.IInputMethodClient$Stub$Proxy@f4bae3f attribute=android.view.inputmethod.EditorInfo@60a930c, token = android.os.BinderProxy@594c02d
03-03 22:01:12.664  3611  3611 D PushService: ======= action user present =======
03-03 22:01:12.855  3611  3678 I DisplayPowerController: Unblocked screen on after 547 ms
03-03 22:01:13.445  3611  5631 I Telecom : Event: Call 12: REQUEST_DISCONNECT, null
03-03 22:01:13.456  3611  5631 I Telecom : Call: Send disconnect to connection service for call: [4371851, ACTIVE, com.android.phone/com.android.services.telephony.TelephonyConnectionService, tel:***********, A, childs(0), has_parent(false), [[Capabilities: CAPABILITY_HOLD CAPABILITY_SUPPORT_HOLD CAPABILITY_MUTE CAPABILITY_SUPPORTS_VT_LOCAL_RX CAPABILITY_SUPPORTS_VT_LOCAL_TX CAPABILITY_SUPPORTS_VT_LOCAL_BIDIRECTIONAL CAPABILITY_SUPPORTS_VT_REMOTE_RX CAPABILITY_SUPPORTS_VT_REMOTE_TX CAPABILITY_SUPPORTS_VT_REMOTE_BIDIRECTIONAL CAPABILITY_SUPPORTS_DOWNGRADE_TO_VOICE_REMOTE CAPABILITY_SPEED_UP_MT_AUDIO]], false, ComponentInfo{com.android.phone/com.android.services.telephony.TelephonyConnectionService}, [356a192b7913b04c54574d18c28d46e6395428ab], UserHandle{0}]
03-03 22:01:13.549  3611  5644 I Telecom : InCallController: Sending updateCall [4371851, ACTIVE, com.android.phone/com.android.services.telephony.TelephonyConnectionService, tel:***********, A, childs(0), has_parent(false), [[Capabilities: CAPABILITY_HOLD CAPABILITY_SUPPORT_HOLD CAPABILITY_MUTE CAPABILITY_SUPPORTS_VT_LOCAL_RX CAPABILITY_SUPPORTS_VT_LOCAL_TX CAPABILITY_SUPPORTS_VT_LOCAL_BIDIRECTIONAL CAPABILITY_SUPPORTS_VT_REMOTE_RX CAPABILITY_SUPPORTS_VT_REMOTE_TX CAPABILITY_SUPPORTS_VT_REMOTE_BIDIRECTIONAL CAPABILITY_SUPPORTS_DOWNGRADE_TO_VOICE_REMOTE CAPABILITY_SPEED_UP_MT_AUDIO]], false, ComponentInfo{com.android.phone/com.android.services.telephony.TelephonyConnectionService}, [356a192b7913b04c54574d18c28d46e6395428ab], UserHandle{0}] ==> [InCall@22, parent:null, children:[]]
03-03 22:01:13.553  3611  5644 I Telecom : InCallController: Components updated: [ComponentInfo{com.android.dialer/com.android.incallui.InCallServiceImpl}]
03-03 22:01:13.561  3611  5644 I Telecom : InCallController: Sending updateCall [4371851, ACTIVE, com.android.phone/com.android.services.telephony.TelephonyConnectionService, tel:***********, A, childs(0), has_parent(false), [[Capabilities: CAPABILITY_HOLD CAPABILITY_SUPPORT_HOLD CAPABILITY_MUTE CAPABILITY_SUPPORTS_VT_LOCAL_RX CAPABILITY_SUPPORTS_VT_LOCAL_TX CAPABILITY_SUPPORTS_VT_LOCAL_BIDIRECTIONAL CAPABILITY_SUPPORTS_VT_REMOTE_RX CAPABILITY_SUPPORTS_VT_REMOTE_TX CAPABILITY_SUPPORTS_VT_REMOTE_BIDIRECTIONAL CAPABILITY_SUPPORTS_DOWNGRADE_TO_VOICE_REMOTE CAPABILITY_SPEED_UP_MT_AUDIO]], false, ComponentInfo{com.android.phone/com.android.services.telephony.TelephonyConnectionService}, [356a192b7913b04c54574d18c28d46e6395428ab], UserHandle{0}] ==> [InCall@22, parent:null, children:[]]
03-03 22:01:13.565  3611  5644 I Telecom : InCallController: Components updated: [ComponentInfo{com.android.dialer/com.android.incallui.InCallServiceImpl}]
03-03 22:01:13.635  3611  5267 I Telecom : Event: Call 12: REQUEST_DISCONNECT, null
03-03 22:01:13.641  3611  5267 I Telecom : Call: Send disconnect to connection service for call: [4371851, ACTIVE, com.android.phone/com.android.services.telephony.TelephonyConnectionService, tel:***********, A, childs(0), has_parent(false), [[Capabilities: CAPABILITY_HOLD CAPABILITY_SUPPORT_HOLD CAPABILITY_MUTE CAPABILITY_SUPPORTS_VT_LOCAL_RX CAPABILITY_SUPPORTS_VT_LOCAL_TX CAPABILITY_SUPPORTS_VT_LOCAL_BIDIRECTIONAL CAPABILITY_SUPPORTS_VT_REMOTE_RX CAPABILITY_SUPPORTS_VT_REMOTE_TX CAPABILITY_SUPPORTS_VT_REMOTE_BIDIRECTIONAL CAPABILITY_SUPPORTS_DOWNGRADE_TO_VOICE_REMOTE CAPABILITY_SPEED_UP_MT_AUDIO]], false, ComponentInfo{com.android.phone/com.android.services.telephony.TelephonyConnectionService}, [356a192b7913b04c54574d18c28d46e6395428ab], UserHandle{0}]
03-03 22:01:13.696  3611  4798 I Telecom : InCallController: Sending updateCall [4371851, ACTIVE, com.android.phone/com.android.services.telephony.TelephonyConnectionService, tel:***********, A, childs(0), has_parent(false), [[Capabilities: CAPABILITY_HOLD CAPABILITY_SUPPORT_HOLD CAPABILITY_MUTE CAPABILITY_SUPPORTS_VT_LOCAL_RX CAPABILITY_SUPPORTS_VT_LOCAL_TX CAPABILITY_SUPPORTS_VT_LOCAL_BIDIRECTIONAL CAPABILITY_SUPPORTS_VT_REMOTE_RX CAPABILITY_SUPPORTS_VT_REMOTE_TX CAPABILITY_SUPPORTS_VT_REMOTE_BIDIRECTIONAL CAPABILITY_SUPPORTS_DOWNGRADE_TO_VOICE_REMOTE CAPABILITY_SPEED_UP_MT_AUDIO]], false, ComponentInfo{com.android.phone/com.android.services.telephony.TelephonyConnectionService}, [356a192b7913b04c54574d18c28d46e6395428ab], UserHandle{0}] ==> [InCall@22, parent:null, children:[]]
03-03 22:01:13.699  3611  4798 I Telecom : InCallController: Components updated: [ComponentInfo{com.android.dialer/com.android.incallui.InCallServiceImpl}]
03-03 22:01:13.787  3611  5631 I Telecom : Event: Call 12: REQUEST_DISCONNECT, null
03-03 22:01:13.792  3611  5631 I Telecom : Call: Send disconnect to connection service for call: [4371851, ACTIVE, com.android.phone/com.android.services.telephony.TelephonyConnectionService, tel:***********, A, childs(0), has_parent(false), [[Capabilities: CAPABILITY_HOLD CAPABILITY_SUPPORT_HOLD CAPABILITY_MUTE CAPABILITY_SUPPORTS_VT_LOCAL_RX CAPABILITY_SUPPORTS_VT_LOCAL_TX CAPABILITY_SUPPORTS_VT_LOCAL_BIDIRECTIONAL CAPABILITY_SUPPORTS_VT_REMOTE_RX CAPABILITY_SUPPORTS_VT_REMOTE_TX CAPABILITY_SUPPORTS_VT_REMOTE_BIDIRECTIONAL CAPABILITY_SUPPORTS_DOWNGRADE_TO_VOICE_REMOTE CAPABILITY_SPEED_UP_MT_AUDIO]], false, ComponentInfo{com.android.phone/com.android.services.telephony.TelephonyConnectionService}, [356a192b7913b04c54574d18c28d46e6395428ab], UserHandle{0}]
03-03 22:01:13.922  3611  5657 I Telecom : InCallController: Sending updateCall [4371851, ACTIVE, com.android.phone/com.android.services.telephony.TelephonyConnectionService, tel:***********, A, childs(0), has_parent(false), [[Capabilities: CAPABILITY_HOLD CAPABILITY_SUPPORT_HOLD CAPABILITY_MUTE CAPABILITY_SUPPORTS_VT_LOCAL_RX CAPABILITY_SUPPORTS_VT_LOCAL_TX CAPABILITY_SUPPORTS_VT_LOCAL_BIDIRECTIONAL CAPABILITY_SUPPORTS_VT_REMOTE_RX CAPABILITY_SUPPORTS_VT_REMOTE_TX CAPABILITY_SUPPORTS_VT_REMOTE_BIDIRECTIONAL CAPABILITY_SUPPORTS_DOWNGRADE_TO_VOICE_REMOTE CAPABILITY_SPEED_UP_MT_AUDIO]], false, ComponentInfo{com.android.phone/com.android.services.telephony.TelephonyConnectionService}, [356a192b7913b04c54574d18c28d46e6395428ab], UserHandle{0}] ==> [InCall@22, parent:null, children:[]]
03-03 22:01:13.927  3611  5657 I Telecom : InCallController: Components updated: [ComponentInfo{com.android.dialer/com.android.incallui.InCallServiceImpl}]
03-03 22:01:13.956  3611  4798 I Telecom : InCallController: Sending updateCall [4371851, ACTIVE, com.android.phone/com.android.services.telephony.TelephonyConnectionService, tel:***********, A, childs(0), has_parent(false), [[Capabilities: CAPABILITY_HOLD CAPABILITY_SUPPORT_HOLD CAPABILITY_MUTE CAPABILITY_SUPPORTS_VT_LOCAL_RX CAPABILITY_SUPPORTS_VT_LOCAL_TX CAPABILITY_SUPPORTS_VT_LOCAL_BIDIRECTIONAL CAPABILITY_SUPPORTS_VT_REMOTE_RX CAPABILITY_SUPPORTS_VT_REMOTE_TX CAPABILITY_SUPPORTS_VT_REMOTE_BIDIRECTIONAL CAPABILITY_SUPPORTS_DOWNGRADE_TO_VOICE_REMOTE CAPABILITY_SPEED_UP_MT_AUDIO]], false, ComponentInfo{com.android.phone/com.android.services.telephony.TelephonyConnectionService}, [356a192b7913b04c54574d18c28d46e6395428ab], UserHandle{0}] ==> [InCall@22, parent:null, children:[]]
03-03 22:01:13.961  3611  4798 I Telecom : InCallController: Components updated: [ComponentInfo{com.android.dialer/com.android.incallui.InCallServiceImpl}]
03-03 22:01:13.968  3611  4798 I Telecom : InCallController: Sending updateCall [4371851, ACTIVE, com.android.phone/com.android.services.telephony.TelephonyConnectionService, tel:***********, A, childs(0), has_parent(false), [[Capabilities: CAPABILITY_HOLD CAPABILITY_SUPPORT_HOLD CAPABILITY_MUTE CAPABILITY_SUPPORTS_VT_LOCAL_RX CAPABILITY_SUPPORTS_VT_LOCAL_TX CAPABILITY_SUPPORTS_VT_LOCAL_BIDIRECTIONAL CAPABILITY_SUPPORTS_VT_REMOTE_RX CAPABILITY_SUPPORTS_VT_REMOTE_TX CAPABILITY_SUPPORTS_VT_REMOTE_BIDIRECTIONAL CAPABILITY_SUPPORTS_DOWNGRADE_TO_VOICE_REMOTE CAPABILITY_SPEED_UP_MT_AUDIO]], false, ComponentInfo{com.android.phone/com.android.services.telephony.TelephonyConnectionService}, [356a192b7913b04c54574d18c28d46e6395428ab], UserHandle{0}] ==> [InCall@22, parent:null, children:[]]
03-03 22:01:13.971  3611  4798 I Telecom : InCallController: Components updated: [ComponentInfo{com.android.dialer/com.android.incallui.InCallServiceImpl}]
03-03 22:01:13.978  3611  4798 I Telecom : CallsManager: setCallState ACTIVE -> DISCONNECTED, call: [4371851, ACTIVE, com.android.phone/com.android.services.telephony.TelephonyConnectionService, tel:***********, A, childs(0), has_parent(false), [[Capabilities: CAPABILITY_HOLD CAPABILITY_SUPPORT_HOLD CAPABILITY_MUTE CAPABILITY_SUPPORTS_VT_LOCAL_RX CAPABILITY_SUPPORTS_VT_LOCAL_TX CAPABILITY_SUPPORTS_VT_LOCAL_BIDIRECTIONAL CAPABILITY_SUPPORTS_VT_REMOTE_RX CAPABILITY_SUPPORTS_VT_REMOTE_TX CAPABILITY_SUPPORTS_VT_REMOTE_BIDIRECTIONAL CAPABILITY_SUPPORTS_DOWNGRADE_TO_VOICE_REMOTE CAPABILITY_SPEED_UP_MT_AUDIO]], false, ComponentInfo{com.android.phone/com.android.services.telephony.TelephonyConnectionService}, [356a192b7913b04c54574d18c28d46e6395428ab], UserHandle{0}]
03-03 22:01:13.979  3611  4798 I Telecom : Event: Call 12: SET_DISCONNECTED, disconnected set explicitly> DisconnectCause [ Code: (LOCAL) Label: () Description: () Reason: (LOCAL) Tone: (27) ]
03-03 22:01:13.980  3611  4798 W ContextImpl: Calling a method in the system process without a qualified user: android.app.ContextImpl.sendBroadcast:786 android.content.ContextWrapper.sendBroadcast:401 com.android.server.telecom.CallLogManager.sendAddCallBroadcast:306 com.android.server.telecom.CallLogManager.logCall:196 com.android.server.telecom.CallLogManager.logCall:157 
03-03 22:01:13.986  3611  4798 I Telecom : InCallController: Sending updateCall [4371851, DISCONNECTED, com.android.phone/com.android.services.telephony.TelephonyConnectionService, tel:***********, A, childs(0), has_parent(false), [[Capabilities: CAPABILITY_HOLD CAPABILITY_SUPPORT_HOLD CAPABILITY_MUTE CAPABILITY_SUPPORTS_VT_LOCAL_RX CAPABILITY_SUPPORTS_VT_LOCAL_TX CAPABILITY_SUPPORTS_VT_LOCAL_BIDIRECTIONAL CAPABILITY_SUPPORTS_VT_REMOTE_RX CAPABILITY_SUPPORTS_VT_REMOTE_TX CAPABILITY_SUPPORTS_VT_REMOTE_BIDIRECTIONAL CAPABILITY_SUPPORTS_DOWNGRADE_TO_VOICE_REMOTE CAPABILITY_SPEED_UP_MT_AUDIO]], false, ComponentInfo{com.android.phone/com.android.services.telephony.TelephonyConnectionService}, [356a192b7913b04c54574d18c28d46e6395428ab], UserHandle{0}] ==> [InCall@22, parent:null, children:[]]
03-03 22:01:13.988  3611  4798 I Telecom : InCallController: Components updated: [ComponentInfo{com.android.dialer/com.android.incallui.InCallServiceImpl}]
03-03 22:01:13.990  3611  4798 I Telecom : CallAudioManager: updateAudioStreamAndMode :  mIsRinging: false, mIsTonePlaying: false, call: [4371851, DISCONNECTED, com.android.phone/com.android.services.telephony.TelephonyConnectionService, tel:***********, A, childs(0), has_parent(false), [[Capabilities: CAPABILITY_HOLD CAPABILITY_SUPPORT_HOLD CAPABILITY_MUTE CAPABILITY_SUPPORTS_VT_LOCAL_RX CAPABILITY_SUPPORTS_VT_LOCAL_TX CAPABILITY_SUPPORTS_VT_LOCAL_BIDIRECTIONAL CAPABILITY_SUPPORTS_VT_REMOTE_RX CAPABILITY_SUPPORTS_VT_REMOTE_TX CAPABILITY_SUPPORTS_VT_REMOTE_BIDIRECTIONAL CAPABILITY_SUPPORTS_DOWNGRADE_TO_VOICE_REMOTE CAPABILITY_SPEED_UP_MT_AUDIO]], false, ComponentInfo{com.android.phone/com.android.services.telephony.TelephonyConnectionService}, [356a192b7913b04c54574d18c28d46e6395428ab], UserHandle{0}]
03-03 22:01:13.991  3611  4798 I Telecom : CallAudioManager: updateAudioStreamAndMode : no ringing call
03-03 22:01:13.995  3611  4798 I Telecom : ViceNotificationImpl: onCallStateChanged newState = 7
03-03 22:01:13.996  3611  4798 I Telecom : CallAudioManager: updateAudioStreamAndMode :  mIsRinging: false, mIsTonePlaying: true, call: null
03-03 22:01:13.996  3611  4798 I Telecom : CallAudioManager: requestAudioFocusAndSetMode : requesting stream: STEAM_NONE -> STREAM_VOICE_CALL
03-03 22:01:13.997  3611  4798 I Telecom : CallAudioManager: setInitialAudioState : audioState = [AudioState isMuted: false, route: EARPIECE, supportedRouteMask: EARPIECE, SPEAKER], call = null
03-03 22:01:13.997  3611  4798 I Telecom : CallAudioManager: setSystemAudioState: changing from [AudioState isMuted: false, route: EARPIECE, supportedRouteMask: EARPIECE, SPEAKER] to [AudioState isMuted: false, route: EARPIECE, supportedRouteMask: EARPIECE, SPEAKER]
03-03 22:01:13.998  3611  4798 I Telecom : Event: Call 12: AUDIO_ROUTE, EARPIECE
03-03 22:01:14.000  3611  4798 I Telecom : CallAudioManager: updateAudioStreamAndMode :  mIsRinging: false, mIsTonePlaying: true, call: null
03-03 22:01:14.008  3611  4798 I Telecom : InCallController: Sending updateCall [4371851, DISCONNECTED, com.android.phone/com.android.services.telephony.TelephonyConnectionService, tel:***********, A, childs(0), has_parent(false), [[Capabilities: CAPABILITY_HOLD CAPABILITY_SUPPORT_HOLD CAPABILITY_MUTE CAPABILITY_SUPPORTS_VT_LOCAL_RX CAPABILITY_SUPPORTS_VT_LOCAL_TX CAPABILITY_SUPPORTS_VT_LOCAL_BIDIRECTIONAL CAPABILITY_SUPPORTS_VT_REMOTE_RX CAPABILITY_SUPPORTS_VT_REMOTE_TX CAPABILITY_SUPPORTS_VT_REMOTE_BIDIRECTIONAL CAPABILITY_SUPPORTS_DOWNGRADE_TO_VOICE_REMOTE CAPABILITY_SPEED_UP_MT_AUDIO]], false, ComponentInfo{com.android.phone/com.android.services.telephony.TelephonyConnectionService}, [356a192b7913b04c54574d18c28d46e6395428ab], UserHandle{0}] ==> [InCall@22, parent:null, children:[]]
03-03 22:01:14.010  3611  4798 I Telecom : InCallController: Components updated: [ComponentInfo{com.android.dialer/com.android.incallui.InCallServiceImpl}]
03-03 22:01:14.012  3611  4798 I Telecom : ConnectionServiceWrapper: Service unbound ComponentInfo{com.android.phone/com.android.services.telephony.TelephonyConnectionService}, from unbind.
03-03 22:01:14.032  3611  4798 I Telecom : Event: Call 12: DESTROYED, null
03-03 22:01:14.086  3611  4798 I Telecom : PhoneStateBroadcaster: Broadcasted state change: 0
03-03 22:01:14.087  3611  4798 I Telecom : ProximitySensorManager: All calls removed, resetting proximity sensor to default state
03-03 22:01:14.087  3611  4798 I Telecom : ProximitySensorManager: Proximity wake lock already released
03-03 22:01:14.090  3611  3671 W BroadcastQueue: Permission Denial: receiving Intent { act=android.intent.action.PHONE_STATE flg=0x10 (has extras) } to ProcessRecord{53ca344 16900:com.android.systemui/u0a22} (pid=16900, uid=10022) requires android.permission.READ_PHONE_STATE due to sender android (uid 1000)
03-03 22:01:14.090  3611  3671 W BroadcastQueue: Permission Denial: receiving Intent { act=android.intent.action.PHONE_STATE flg=0x10 (has extras) } to ProcessRecord{53ca344 16900:com.android.systemui/u0a22} (pid=16900, uid=10022) requires android.permission.READ_PHONE_STATE due to sender android (uid 1000)
03-03 22:01:14.096  3611  4798 I Telecom : InCallController: onCallRemoved: [4371851, DISCONNECTED, null, tel:***********, A, childs(0), has_parent(false), [[Capabilities: CAPABILITY_HOLD CAPABILITY_SUPPORT_HOLD CAPABILITY_MUTE CAPABILITY_SUPPORTS_VT_LOCAL_RX CAPABILITY_SUPPORTS_VT_LOCAL_TX CAPABILITY_SUPPORTS_VT_LOCAL_BIDIRECTIONAL CAPABILITY_SUPPORTS_VT_REMOTE_RX CAPABILITY_SUPPORTS_VT_REMOTE_TX CAPABILITY_SUPPORTS_VT_REMOTE_BIDIRECTIONAL CAPABILITY_SUPPORTS_DOWNGRADE_TO_VOICE_REMOTE CAPABILITY_SPEED_UP_MT_AUDIO]], false, ComponentInfo{com.android.phone/com.android.services.telephony.TelephonyConnectionService}, [356a192b7913b04c54574d18c28d46e6395428ab], UserHandle{0}]
03-03 22:01:14.098  3611  4798 I Telecom : CallAudioManager: setInitialAudioState : audioState = [AudioState isMuted: false, route: EARPIECE, supportedRouteMask: EARPIECE, SPEAKER], call = null
03-03 22:01:14.102  3611  4798 I Telecom : CallAudioManager: updateAudioStreamAndMode :  mIsRinging: false, mIsTonePlaying: true, call: [4371851, DISCONNECTED, null, tel:***********, A, childs(0), has_parent(false), [[Capabilities: CAPABILITY_HOLD CAPABILITY_SUPPORT_HOLD CAPABILITY_MUTE CAPABILITY_SUPPORTS_VT_LOCAL_RX CAPABILITY_SUPPORTS_VT_LOCAL_TX CAPABILITY_SUPPORTS_VT_LOCAL_BIDIRECTIONAL CAPABILITY_SUPPORTS_VT_REMOTE_RX CAPABILITY_SUPPORTS_VT_REMOTE_TX CAPABILITY_SUPPORTS_VT_REMOTE_BIDIRECTIONAL CAPABILITY_SUPPORTS_DOWNGRADE_TO_VOICE_REMOTE CAPABILITY_SPEED_UP_MT_AUDIO]], false, ComponentInfo{com.android.phone/com.android.services.telephony.TelephonyConnectionService}, [356a192b7913b04c54574d18c28d46e6395428ab], UserHandle{0}]
03-03 22:01:14.138  3611  5266 W BroadcastQueue: Permission Denial: receiving Intent { act=android.intent.action.PHONE_STATE flg=0x10 (has extras) } to com.android.deskclock/.alarms.PhoneStateReceiver requires android.permission.READ_PRIVILEGED_PHONE_STATE due to sender android (uid 1000)
03-03 22:01:14.222  3611  5714 W BroadcastQueue: Permission Denial: receiving Intent { act=android.intent.action.PHONE_STATE flg=0x10 (has extras) } to com.android.deskclock/.alarms.PhoneStateReceiver requires android.permission.READ_PHONE_STATE due to sender android (uid 1000)
03-03 22:01:14.362  3611  3611 I Telecom : MyHandler: MESSAGE_CALL_ENDED
03-03 22:01:14.365  3611  3611 I Telecom : ViceNotificationImpl: processNotification DEP null
03-03 22:01:14.437  3611  5631 W Telecom : InCallAdapter: disconnectCall, unknown call id: InCall@22
03-03 22:01:14.531  3611  5697 W Telecom : InCallAdapter: disconnectCall, unknown call id: InCall@22
03-03 22:01:14.800  3611  3611 I Telecom : CallAudioManager: updateAudioStreamAndMode :  mIsRinging: false, mIsTonePlaying: false, call: null
03-03 22:01:14.800  3611  3611 I Telecom : CallAudioManager: updateAudioStreamAndMode : no ringing call
03-03 22:01:16.102  3611  3611 I Telecom : InCallController: Unbinding from InCallService ComponentInfo{com.android.dialer/com.android.incallui.InCallServiceImpl}
03-03 22:01:16.616  3611  5644 I ActivityManager: START u0 {act=android.intent.action.MAIN cat=[android.intent.category.LAUNCHER] flg=0x10200000 cmp=com.android.dialer/.DialtactsActivityQucii bnds=[36,1656][288,1920] (has extras)} from uid 10011 on display 0
03-03 22:01:16.783  8919  8919 W ContextImpl: Calling a method in the system process without a qualified user: android.app.ContextImpl.sendBroadcast:771 android.content.ContextWrapper.sendBroadcast:396 android.app.Activity.sendHideNavBarBroadcast:1322 android.app.Activity.onResume:1302 android.support.v4.app.FragmentActivity.onResume:402 
03-03 22:01:17.026  8919  8919 W ContextImpl: Calling a method in the system process without a qualified user: android.app.ContextImpl.startService:1229 android.content.ContextWrapper.startService:581 com.android.dialer.calllog.CallLogNotificationsService.updateVoicemailNotifications:112 com.android.dialer.calllog.CallLogNotificationsHelper.updateVoicemailNotifications:34 com.android.dialer.dial.CallLogFragment.updateOnTransition:274 
03-03 22:01:17.103  8919  8919 W ContextImpl: Calling a method in the system process without a qualified user: android.app.ContextImpl.startService:1229 android.content.ContextWrapper.startService:581 com.android.dialer.calllog.CallLogNotificationsService.updateVoicemailNotifications:112 com.android.dialer.calllog.CallLogNotificationsHelper.updateVoicemailNotifications:34 com.android.dialer.dial.CallLogFragment.updateOnTransition:274 
03-03 22:01:17.289  8919  8919 W ContextImpl: Calling a method in the system process without a qualified user: android.app.ContextImpl.sendBroadcast:771 android.content.ContextWrapper.sendBroadcast:396 com.android.dialer.adapter.CallLogAdapter.sendBroadcastToGestureService:463 com.android.dialer.adapter.CallLogAdapter.changeCursor:206 com.android.dialer.dial.CallLogFragment.onCallsFetched:212 
03-03 22:01:18.249  3611  3611 I Telecom : CallIntentProcessor: onReceive - isUnknownCall: false
03-03 22:01:18.251  3611  3611 I Telecom : Class:  processOutgoingCallIntent handle = tel:18223358067,scheme = tel, uriString = 18223358067, isSkipSchemaParsing = false, isAddParticipant = false, isCallPull = false
03-03 22:01:18.260  3611  3611 I Telecom : Event: Call 13: CREATED, null
03-03 22:01:18.264  3611  3611 I Telecom : Event: Call 13: SET_CONNECTING, ComponentInfo{com.android.phone/com.android.services.telephony.TelephonyConnectionService}, [356a192b7913b04c54574d18c28d46e6395428ab], UserHandle{0}
03-03 22:01:18.271  3611  3611 I Telecom : InCallController: Found default-dialer's In-Call UI: ComponentInfo{com.android.dialer/com.android.incallui.InCallServiceImpl}
03-03 22:01:18.273  3611  3611 I Telecom : InCallController: Attempting to bind to [def-dialer] InCall ComponentInfo{com.android.dialer/com.android.incallui.InCallServiceImpl}, with Intent { act=android.telecom.InCallService cmp=com.android.dialer/com.android.incallui.InCallServiceImpl (has extras) }
03-03 22:01:18.290  3611  3611 I Telecom : CallAudioManager: updateAudioStreamAndMode :  mIsRinging: false, mIsTonePlaying: false, call: [30684793, CONNECTING, null, tel:***********, A, childs(0), has_parent(false), [[Capabilities:]], false, ComponentInfo{com.android.phone/com.android.services.telephony.TelephonyConnectionService}, [356a192b7913b04c54574d18c28d46e6395428ab], UserHandle{0}]
03-03 22:01:18.293  3611  3611 I Telecom : CallAudioManager: updateAudioStreamAndMode :  mIsRinging: false, mIsTonePlaying: false, call: [30684793, CONNECTING, null, tel:***********, A, childs(0), has_parent(false), [[Capabilities:]], false, ComponentInfo{com.android.phone/com.android.services.telephony.TelephonyConnectionService}, [356a192b7913b04c54574d18c28d46e6395428ab], UserHandle{0}]
03-03 22:01:18.294  3611  3611 I Telecom : CallAudioManager: updateAudioStreamAndMode : foreground
03-03 22:01:18.294  3611  3611 I Telecom : CallAudioManager: requestAudioFocusAndSetMode : requesting stream: STEAM_NONE -> STREAM_VOICE_CALL
03-03 22:01:18.296  8919  8919 W ContextImpl: Calling a method in the system process without a qualified user: android.app.ContextImpl.bindService:1341 android.content.ContextWrapper.bindService:604 com.android.incallui.InCallPresenter.bindImsService:198 com.android.incallui.InCallPresenter.setUp:300 com.android.incallui.InCallServiceImpl.onBind:71 
03-03 22:01:18.297  3611  3611 I Telecom : CallAudioManager: setInitialAudioState : audioState = [AudioState isMuted: false, route: EARPIECE, supportedRouteMask: EARPIECE, SPEAKER], call = [30684793, CONNECTING, null, tel:***********, A, childs(0), has_parent(false), [[Capabilities:]], false, ComponentInfo{com.android.phone/com.android.services.telephony.TelephonyConnectionService}, [356a192b7913b04c54574d18c28d46e6395428ab], UserHandle{0}]
03-03 22:01:18.297  3611  3611 I Telecom : CallAudioManager: setSystemAudioState: changing from [AudioState isMuted: false, route: EARPIECE, supportedRouteMask: EARPIECE, SPEAKER] to [AudioState isMuted: false, route: EARPIECE, supportedRouteMask: EARPIECE, SPEAKER]
03-03 22:01:18.298  3611  3611 I Telecom : Event: Call 13: AUDIO_ROUTE, EARPIECE
03-03 22:01:18.320  3611  3611 I Telecom : NewOutgoingCallIntentBroadcaster: Sending NewOutgoingCallBroadcast for [30684793, CONNECTING, null, tel:***********, A, childs(0), has_parent(false), [[Capabilities:]], false, ComponentInfo{com.android.phone/com.android.services.telephony.TelephonyConnectionService}, [356a192b7913b04c54574d18c28d46e6395428ab], UserHandle{0}]
03-03 22:01:18.327  8919  8919 W ContextImpl: Calling a method in the system process without a qualified user: android.app.ContextImpl.startActivity:663 android.content.ContextWrapper.startActivity:331 com.android.incallui.InCallPresenter.maybeStartRevealAnimation:1551 com.android.incallui.InCallServiceImpl.onBind:83 android.app.ActivityThread.handleBindService:2904 
03-03 22:01:18.327  8919  8919 W ContextImpl: Calling a method in the system process without a qualified user: android.app.ContextImpl.startActivity:678 android.app.ContextImpl.startActivity:664 android.content.ContextWrapper.startActivity:331 com.android.incallui.InCallPresenter.maybeStartRevealAnimation:1551 com.android.incallui.InCallServiceImpl.onBind:83 
03-03 22:01:18.329  3611  5654 I ActivityManager: START u0 {act=android.intent.action.MAIN flg=0x10040000 cmp=com.android.dialer/com.android.incallui.InCallActivity (has extras)} from uid 1000 on display 0
03-03 22:01:18.330  3611  3611 I Telecom : TelecomSystem: CallerInfoAsyncQuery.startQuery number=[8ec2db1633398cba4d9c0be3a539eafd78ad4e71] cookie=[30684793, CONNECTING, null, tel:***********, A, childs(0), has_parent(false), [[Capabilities:]], false, ComponentInfo{com.android.phone/com.android.services.telephony.TelephonyConnectionService}, [356a192b7913b04c54574d18c28d46e6395428ab], UserHandle{0}]
03-03 22:01:18.482  8919  8919 W ContextImpl: Calling a method in the system process without a qualified user: android.app.ContextImpl.sendBroadcast:771 android.content.ContextWrapper.sendBroadcast:396 android.app.Activity.sendHideNavBarBroadcast:1322 android.app.Activity.onResume:1300 com.android.incallui.InCallActivity.onResume:334 
03-03 22:01:19.072  3611  3611 I Telecom : InCallController: onConnected to ComponentInfo{com.android.dialer/com.android.incallui.InCallServiceImpl}
03-03 22:01:19.076  3611  3611 I Telecom : InCallController: Adding 1 calls to InCallService after onConnected: ComponentInfo{com.android.dialer/com.android.incallui.InCallServiceImpl}
03-03 22:01:19.080  3611  3611 I Telecom : InCallController: Calling onAudioStateChanged, audioState: null -> [AudioState isMuted: false, route: EARPIECE, supportedRouteMask: EARPIECE, SPEAKER]
03-03 22:01:19.082  3611  3611 I Telecom : InCallController: onCanAddCallChanged : false
03-03 22:01:19.175  3611  3611 I Telecom : Call: CallerInfo received for tel:***********: com.android.internal.telephony.CallerInfo@792f070 { name null, phoneNumber non-null }
03-03 22:01:19.176  3611  3611 I MQTTLoginReq:  connect failure ; timeout
03-03 22:01:19.300  3611  3611 I Telecom : NewOutgoingCallBroadcastIntentReceiver: Received new-outgoing-call-broadcast for [30684793, CONNECTING, null, tel:***********, A, childs(0), has_parent(false), [[Capabilities:]], false, ComponentInfo{com.android.phone/com.android.services.telephony.TelephonyConnectionService}, [356a192b7913b04c54574d18c28d46e6395428ab], UserHandle{0}] with data [8ec2db1633398cba4d9c0be3a539eafd78ad4e71]
03-03 22:01:19.388  3611  3611 I Telecom : NewOutgoingCallIntentBroadcaster: checkIdp phone type:1 enabled:false
03-03 22:01:19.393  3611  3611 I Telecom : NewOutgoingCallIntentBroadcaster: checkIdp number: 18223358067 subid: checked number:18223358067 inValid:false
03-03 22:01:19.409  3611  3611 I Telecom : CallsManager: Creating a new outgoing call with handle: tel:***********
03-03 22:01:19.423  3611  3611 I Telecom : InCallController: Sending updateCall [30684793, CONNECTING, null, tel:***********, A, childs(0), has_parent(false), [[Capabilities:]], false, ComponentInfo{com.android.phone/com.android.services.telephony.TelephonyConnectionService}, [356a192b7913b04c54574d18c28d46e6395428ab], UserHandle{0}] ==> [InCall@23, parent:null, children:[]]
03-03 22:01:19.431  3611  3611 I Telecom : InCallController: Components updated: [ComponentInfo{com.android.dialer/com.android.incallui.InCallServiceImpl}]
03-03 22:01:19.537  3611  3611 I Telecom : PhoneAccountRegistrar: SimCallManager queried, returning: null
03-03 22:01:19.552  3611  3611 I Telecom : CreateConnectionProcessor: Trying attempt CallAttemptRecord(ComponentInfo{com.android.phone/com.android.services.telephony.TelephonyConnectionService}, [356a192b7913b04c54574d18c28d46e6395428ab], UserHandle{0},ComponentInfo{com.android.phone/com.android.services.telephony.TelephonyConnectionService}, [356a192b7913b04c54574d18c28d46e6395428ab], UserHandle{0})
03-03 22:01:19.559  3611  3611 I Telecom : Event: Call 13: BIND_CS, ComponentInfo{com.android.phone/com.android.services.telephony.TelephonyConnectionService}
03-03 22:01:19.677  3611  3611 I Telecom : ServiceBinderConnection: Service bound ComponentInfo{com.android.phone/com.android.services.telephony.TelephonyConnectionService}
03-03 22:01:19.678  3611  3611 I Telecom : Event: Call 13: CS_BOUND, ComponentInfo{com.android.phone/com.android.services.telephony.TelephonyConnectionService}
03-03 22:01:19.680  3611  3611 I Telecom : Event: Call 13: START_CONNECTION, tel:***********
03-03 22:01:19.759  3611  5654 I Telecom : PhoneAccountRegistrar: SimCallManager queried, returning: null
03-03 22:01:19.953  3611  5698 I Telecom : InCallController: Sending updateCall [30684793, CONNECTING, com.android.phone/com.android.services.telephony.TelephonyConnectionService, tel:***********, A, childs(0), has_parent(false), [[Capabilities:]], false, ComponentInfo{com.android.phone/com.android.services.telephony.TelephonyConnectionService}, [356a192b7913b04c54574d18c28d46e6395428ab], UserHandle{0}] ==> [InCall@23, parent:null, children:[]]
03-03 22:01:19.960  3611  5698 I Telecom : InCallController: Components updated: [ComponentInfo{com.android.dialer/com.android.incallui.InCallServiceImpl}]
03-03 22:01:19.967  3611  5698 I Telecom : InCallController: Sending updateCall [30684793, CONNECTING, com.android.phone/com.android.services.telephony.TelephonyConnectionService, tel:***********, A, childs(0), has_parent(false), [[Capabilities: CAPABILITY_SUPPORT_HOLD CAPABILITY_MUTE]], false, ComponentInfo{com.android.phone/com.android.services.telephony.TelephonyConnectionService}, [356a192b7913b04c54574d18c28d46e6395428ab], UserHandle{0}] ==> [InCall@23, parent:null, children:[]]
03-03 22:01:19.971  3611  5698 I Telecom : InCallController: Components updated: [ComponentInfo{com.android.dialer/com.android.incallui.InCallServiceImpl}]
03-03 22:01:19.978  3611  5698 I Telecom : InCallController: Sending updateCall [30684793, CONNECTING, com.android.phone/com.android.services.telephony.TelephonyConnectionService, tel:***********, A, childs(0), has_parent(false), [[Capabilities: CAPABILITY_SUPPORT_HOLD CAPABILITY_MUTE]], false, ComponentInfo{com.android.phone/com.android.services.telephony.TelephonyConnectionService}, [356a192b7913b04c54574d18c28d46e6395428ab], UserHandle{0}] ==> [InCall@23, parent:null, children:[]]
03-03 22:01:19.983  3611  5698 I Telecom : InCallController: Components updated: [ComponentInfo{com.android.dialer/com.android.incallui.InCallServiceImpl}]
03-03 22:01:19.987  3611  5698 I Telecom : InCallController: Sending updateCall [30684793, CONNECTING, com.android.phone/com.android.services.telephony.TelephonyConnectionService, tel:***********, A, childs(0), has_parent(false), [[Capabilities: CAPABILITY_SUPPORT_HOLD CAPABILITY_MUTE]], false, ComponentInfo{com.android.phone/com.android.services.telephony.TelephonyConnectionService}, [356a192b7913b04c54574d18c28d46e6395428ab], UserHandle{0}] ==> [InCall@23, parent:null, children:[]]
03-03 22:01:19.989  3611  5698 I Telecom : InCallController: Components updated: [ComponentInfo{com.android.dialer/com.android.incallui.InCallServiceImpl}]
03-03 22:01:19.996  3611  5698 I Telecom : CallAudioManager: updateAudioStreamAndMode :  mIsRinging: false, mIsTonePlaying: false, call: [30684793, CONNECTING, com.android.phone/com.android.services.telephony.TelephonyConnectionService, tel:***********, A, childs(0), has_parent(false), [[Capabilities: CAPABILITY_SUPPORT_HOLD CAPABILITY_MUTE]], false, ComponentInfo{com.android.phone/com.android.services.telephony.TelephonyConnectionService}, [356a192b7913b04c54574d18c28d46e6395428ab], UserHandle{0}]
03-03 22:01:19.996  3611  5698 I Telecom : CallAudioManager: updateAudioStreamAndMode : foreground
03-03 22:01:19.999  3611  5698 I Telecom : InCallController: Sending updateCall [30684793, CONNECTING, com.android.phone/com.android.services.telephony.TelephonyConnectionService, tel:***********, A, childs(0), has_parent(false), [[Capabilities: CAPABILITY_SUPPORT_HOLD CAPABILITY_MUTE]], false, ComponentInfo{com.android.phone/com.android.services.telephony.TelephonyConnectionService}, [356a192b7913b04c54574d18c28d46e6395428ab], UserHandle{0}] ==> [InCall@23, parent:null, children:[]]
03-03 22:01:20.002  3611  5698 I Telecom : InCallController: Components updated: [ComponentInfo{com.android.dialer/com.android.incallui.InCallServiceImpl}]
03-03 22:01:20.005  3611  5698 I Telecom : InCallController: Sending updateCall [30684793, CONNECTING, com.android.phone/com.android.services.telephony.TelephonyConnectionService, tel:***********, A, childs(0), has_parent(false), [[Capabilities: CAPABILITY_SUPPORT_HOLD CAPABILITY_MUTE]], false, ComponentInfo{com.android.phone/com.android.services.telephony.TelephonyConnectionService}, [356a192b7913b04c54574d18c28d46e6395428ab], UserHandle{0}] ==> [InCall@23, parent:null, children:[]]
03-03 22:01:20.007  3611  5698 I Telecom : InCallController: Components updated: [ComponentInfo{com.android.dialer/com.android.incallui.InCallServiceImpl}]
03-03 22:01:20.009  3611  5698 I Telecom : CallsManager: setCallState CONNECTING -> DIALING, call: [30684793, CONNECTING, com.android.phone/com.android.services.telephony.TelephonyConnectionService, tel:***********, A, childs(0), has_parent(false), [[Capabilities: CAPABILITY_SUPPORT_HOLD CAPABILITY_MUTE]], false, ComponentInfo{com.android.phone/com.android.services.telephony.TelephonyConnectionService}, [356a192b7913b04c54574d18c28d46e6395428ab], UserHandle{0}]
03-03 22:01:20.010  3611  5698 I Telecom : Event: Call 13: SET_DIALING, successful outgoing call
03-03 22:01:20.016  3611  5698 I Telecom : PhoneStateBroadcaster: Broadcasted state change: 2
03-03 22:01:20.019  3611  5698 I Telecom : InCallController: Sending updateCall [30684793, DIALING, com.android.phone/com.android.services.telephony.TelephonyConnectionService, tel:***********, A, childs(0), has_parent(false), [[Capabilities: CAPABILITY_SUPPORT_HOLD CAPABILITY_MUTE]], false, ComponentInfo{com.android.phone/com.android.services.telephony.TelephonyConnectionService}, [356a192b7913b04c54574d18c28d46e6395428ab], UserHandle{0}] ==> [InCall@23, parent:null, children:[]]
03-03 22:01:20.019  3611  3671 W BroadcastQueue: Permission Denial: receiving Intent { act=android.intent.action.PHONE_STATE flg=0x10 (has extras) } to ProcessRecord{53ca344 16900:com.android.systemui/u0a22} (pid=16900, uid=10022) requires android.permission.READ_PHONE_STATE due to sender android (uid 1000)
03-03 22:01:20.020  3611  3671 W BroadcastQueue: Permission Denial: receiving Intent { act=android.intent.action.PHONE_STATE flg=0x10 (has extras) } to ProcessRecord{53ca344 16900:com.android.systemui/u0a22} (pid=16900, uid=10022) requires android.permission.READ_PHONE_STATE due to sender android (uid 1000)
03-03 22:01:20.021  3611  5698 I Telecom : InCallController: Components updated: [ComponentInfo{com.android.dialer/com.android.incallui.InCallServiceImpl}]
