03-03 22:05:13.948   595   595 D FingerGoodix: Cur mode = 1, IRQ status = 0x2
03-03 22:05:13.948   595   595 D FingerGoodix: Key Down.
03-03 22:05:13.949   595   595 D FingerGoodix: FP_REQUEST_MILAN_FDTUP
03-03 22:05:13.957   595   595 D FingerGoodix: Milan_FdtUp reg = 0x0
03-03 22:05:13.958   595   595 D FingerGoodix: chip_mode = 0x10, SENSOR_MODE = 0x1
03-03 22:05:13.974  4989  4989 D wpa_supplicant: wlan0: Control interface command 'SET pno 0'
03-03 22:05:13.974  4989  4989 D wpa_supplicant: CTRL_IFACE SET 'pno'='0'
03-03 22:05:13.974  4989  4989 D wpa_supplicant: CTRL-DEBUG: global_ctrl_sock-sendto: sock=11 sndbuf=212992 outq=0 send_len=3
03-03 22:05:13.975   595   595 D FingerGoodix: gCaCmdMutex unlock
03-03 22:05:13.975   595   595 D FingerGoodix: init and start timer 
03-03 22:05:13.976   595   595 D FingerGoodix: init and start timer success 
03-03 22:05:13.976   595   595 D FingerGoodix: Exit sig_handler.
03-03 22:05:14.012  4989  4989 D wpa_supplicant: wlan0: Control interface command 'DRIVER SETSUSPENDMODE 0'
03-03 22:05:14.012  4989  4989 D wpa_supplicant: wpa_driver_nl80211_driver_cmd SETSUSPENDMODE 0 len = 0, 4096
03-03 22:05:14.013  4989  4989 D wpa_supplicant: CTRL-DEBUG: global_ctrl_sock-sendto: sock=11 sndbuf=212992 outq=0 send_len=3
03-03 22:05:14.041 19298 19298 I chatty  : uid=10022(com.android.systemui) expire 86 lines
03-03 22:05:14.042  3611  5553 I chatty  : uid=1000(system) IzatServiceBase expire 10 lines
03-03 22:05:14.087  3611  3678 I DisplayPowerController: Unblocked screen on after 220 ms
03-03 22:05:14.091 19298 19313 I chatty  : uid=10022(com.android.systemui) Binder_2 expire 1 line
03-03 22:05:14.138   595   595 D FingerGoodix: Enter sig_handler.
03-03 22:05:14.138   595   595 D FingerGoodix: FP_REQUEST_MILAN_GETSTATUS
03-03 22:05:14.141   595   595 D FingerGoodix: In Milan_get_status: status = 2 cur_mode = 1 cur_state = 2
03-03 22:05:14.141   595   595 D FingerGoodix: getFDTDownReg.
03-03 22:05:14.143   595   595 D FingerGoodix: === Down base ===
03-03 22:05:14.143   595   595 D FingerGoodix: 0xbe7f
03-03 22:05:14.143   595   595 D FingerGoodix: 0xd37f
03-03 22:05:14.143   595   595 D FingerGoodix: 0xc97f
03-03 22:05:14.143   595   595 D FingerGoodix: 0xba7f
03-03 22:05:14.143   595   595 D FingerGoodix: 0xb77f
03-03 22:05:14.143   595   595 D FingerGoodix: 0xcc7f
03-03 22:05:14.143   595   595 D FingerGoodix: 0xc37f
03-03 22:05:14.143   595   595 D FingerGoodix: 0xaf7f
03-03 22:05:14.143   595   595 D FingerGoodix: 0xb37f
03-03 22:05:14.143   595   595 D FingerGoodix: 0xc57f
03-03 22:05:14.143   595   595 D FingerGoodix: 0xbc7f
03-03 22:05:14.143   595   595 D FingerGoodix: 0xac7f
03-03 22:05:14.144   595   595 D FingerGoodix: gCaCmdMutex unlock
03-03 22:05:14.144   595   595 D FingerGoodix: Cur mode = 1, IRQ status = 0x2
03-03 22:05:14.144   595   595 D FingerGoodix: Key Up.
03-03 22:05:14.145   595   595 D FingerGoodix: FP_REQUEST_MILAN_FDTDOWN
03-03 22:05:14.146   595   595 D FingerGoodix: Milan_FdtDown reg = 0x0
03-03 22:05:14.147   595   595 D FingerGoodix: In FdtDown:
03-03 22:05:14.147   595   595 D FingerGoodix: === Down base ===
03-03 22:05:14.147   595   595 D FingerGoodix: 0xbe7f
03-03 22:05:14.147   595   595 D FingerGoodix: 0xd37f
03-03 22:05:14.147   595   595 D FingerGoodix: 0xc97f
03-03 22:05:14.147   595   595 D FingerGoodix: 0xba7f
03-03 22:05:14.147   595   595 D FingerGoodix: 0xb77f
03-03 22:05:14.147   595   595 D FingerGoodix: 0xcc7f
03-03 22:05:14.147   595   595 D FingerGoodix: 0xc37f
03-03 22:05:14.147   595   595 D FingerGoodix: 0xaf7f
03-03 22:05:14.147   595   595 D FingerGoodix: 0xb37f
03-03 22:05:14.147   595   595 D FingerGoodix: 0xc57f
03-03 22:05:14.147   595   595 D FingerGoodix: 0xbc7f
03-03 22:05:14.147   595   595 D FingerGoodix: 0xac7f
03-03 22:05:14.156   595   595 D FingerGoodix: gCaCmdMutex unlock
03-03 22:05:14.156   595   595 D FingerGoodix: delete timer 
03-03 22:05:14.156   595   595 D FingerGoodix: delete timer success
03-03 22:05:14.156   595   595 D FingerGoodix: Exit sig_handler.
03-03 22:05:14.486  4989  4989 D wpa_supplicant: wlan0: Control interface command 'SET pno 0'
03-03 22:05:14.486  4989  4989 D wpa_supplicant: CTRL_IFACE SET 'pno'='0'
03-03 22:05:14.486  4989  4989 D wpa_supplicant: CTRL-DEBUG: global_ctrl_sock-sendto: sock=11 sndbuf=212992 outq=0 send_len=3
03-03 22:05:14.489  4989  4989 D wpa_supplicant: wlan0: Control interface command 'SCAN TYPE=ONLY'
03-03 22:05:14.489  4989  4989 D wpa_supplicant: wlan0: Setting scan request: 0.000000 sec
03-03 22:05:14.489  4989  4989 D wpa_supplicant: CTRL-DEBUG: global_ctrl_sock-sendto: sock=11 sndbuf=212992 outq=0 send_len=3
03-03 22:05:14.489  4989  4989 D wpa_supplicant: wlan0: Starting AP scan for wildcard SSID
03-03 22:05:14.489  4989  4989 D wpa_supplicant: wlan0: Add radio work 'scan'@0x55781c58a0
03-03 22:05:14.489  4989  4989 D wpa_supplicant: wlan0: First radio work item in the queue - schedule start immediately
03-03 22:05:14.489  4989  4989 D wpa_supplicant: wlan0: Starting radio work 'scan'@0x55781c58a0 after 0.000056 second wait
03-03 22:05:14.489  4989  4989 D wpa_supplicant: wlan0: nl80211: scan request
03-03 22:05:14.489  4989  4989 D wpa_supplicant: nl80211: Scan SSID - hexdump(len=0): [NULL]
03-03 22:05:14.489  4989  4989 D wpa_supplicant: nl80211: Scan extra IEs - hexdump(len=7): 7f 05 00 00 0a 02 01
03-03 22:05:14.490  4989  4989 D wpa_supplicant: Scan requested (ret=0) - scan timeout 30 seconds
03-03 22:05:14.490  4989  4989 D wpa_supplicant: nl80211: Event message available
03-03 22:05:14.490  4989  4989 D wpa_supplicant: nl80211: Drv Event 33 (NL80211_CMD_TRIGGER_SCAN) received for wlan0
03-03 22:05:14.490  4989  4989 D wpa_supplicant: wlan0: nl80211: Scan trigger
03-03 22:05:14.490  4989  4989 D wpa_supplicant: wlan0: Event SCAN_STARTED (47) received
03-03 22:05:14.490  4989  4989 D wpa_supplicant: wlan0: Own scan request started a scan in 0.000200 seconds
03-03 22:05:14.490  4989  4989 D wpa_supplicant: CTRL-DEBUG: ctrl_sock-sendmsg: sock=11 sndbuf=212992 outq=0 send_len=24
03-03 22:05:14.491  4989  4989 D wpa_supplicant: CTRL_IFACE monitor sent successfully to /data/misc/wifi/sockets/wpa_ctrl_3611-2\x00
03-03 22:05:15.294  7181  7184 E ANDR-PERF-MPCTL: Invalid profile no. 0, total profiles 0 only
03-03 22:05:15.452   540  3572 I chatty  : uid=1013(media) AudioOut_2 expire 116 lines
03-03 22:05:15.492 19298 19350 I chatty  : uid=10022(com.android.systemui) QSTileHost expire 7 lines
03-03 22:05:15.495 19298 19351 I chatty  : uid=10022(com.android.systemui) QSTileHost expire 10 lines
03-03 22:05:15.499  7977  7977 I cc      : invalidateMissedCallCount mMisseCallCount:0
03-03 22:05:15.523  3611  3611 D PushService: ======= action user present =======
03-03 22:05:15.607  7977  7977 I cc      : invalidateUnreadSmsCount mUnreadSmsCount:0
03-03 22:05:15.757  4989  4989 D wpa_supplicant: nl80211: Event message available
03-03 22:05:15.757  4989  4989 D wpa_supplicant: nl80211: Drv Event 34 (NL80211_CMD_NEW_SCAN_RESULTS) received for wlan0
03-03 22:05:15.757  4989  4989 D wpa_supplicant: wlan0: nl80211: New scan results available
03-03 22:05:15.757  4989  4989 D wpa_supplicant: nl80211: Scan included frequencies: 2412 2417 2422 2427 2432 2437 2442 2447 2452 2457 2462 2467 2472 5180 5200 5220 5240 5260 5280 5300 5320 5745 5765 5785 5805 5825
03-03 22:05:15.757  4989  4989 D wpa_supplicant: wlan0: Event SCAN_RESULTS (3) received
03-03 22:05:15.757  4989  4989 D wpa_supplicant: wlan0: Scan completed in 1.267011 seconds
03-03 22:05:15.758  4989  4989 D wpa_supplicant: nl80211: Received scan results (9 BSSes)
03-03 22:05:15.758  4989  4989 D wpa_supplicant: wlan0: BSS: Start scan result update 56
03-03 22:05:15.758  4989  4989 D wpa_supplicant: wlan0: BSS: Add new id 30 BSSID 50:6a:03:e9:eb:c8 SSID 'Qucii_H206-2.4G'
03-03 22:05:15.758  4989  4989 D wpa_supplicant: CTRL-DEBUG: ctrl_sock-sendmsg: sock=11 sndbuf=212992 outq=0 send_len=41
03-03 22:05:15.759  4989  4989 D wpa_supplicant: CTRL_IFACE monitor sent successfully to /data/misc/wifi/sockets/wpa_ctrl_3611-2\x00
03-03 22:05:15.759  4989  4989 D wpa_supplicant: wlan0: BSS: Remove id 20 BSSID cc:34:29:fa:f2:ae SSID 'TP-LINK_2.4GHz_FAF2AE' due to no match in scan
03-03 22:05:15.759  4989  4989 D wpa_supplicant: CTRL-DEBUG: ctrl_sock-sendmsg: sock=11 sndbuf=212992 outq=0 send_len=43
03-03 22:05:15.759  4989  4989 D wpa_supplicant: CTRL_IFACE monitor sent successfully to /data/misc/wifi/sockets/wpa_ctrl_3611-2\x00
03-03 22:05:15.759  4989  4989 D wpa_supplicant: BSS: last_scan_res_used=9/32
03-03 22:05:15.759  4989  4989 D wpa_supplicant: wlan0: Scan-only results received
03-03 22:05:15.759  4989  4989 D wpa_supplicant: CTRL-DEBUG: ctrl_sock-sendmsg: sock=11 sndbuf=212992 outq=768 send_len=24
03-03 22:05:15.759  4989  4989 D wpa_supplicant: CTRL_IFACE monitor sent successfully to /data/misc/wifi/sockets/wpa_ctrl_3611-2\x00
03-03 22:05:15.759  4989  4989 D wpa_supplicant: wlan0: Radio work 'scan'@0x55781c58a0 done in 1.270125 seconds
03-03 22:05:15.775  4989  4989 D wpa_supplicant: CTRL-DEBUG: global_ctrl_sock-sendto: sock=11 sndbuf=212992 outq=0 send_len=3542
03-03 22:05:15.777  4989  4989 D wpa_supplicant: CTRL-DEBUG: global_ctrl_sock-sendto: sock=11 sndbuf=212992 outq=0 send_len=3373
03-03 22:05:15.778  4989  4989 D wpa_supplicant: CTRL-DEBUG: global_ctrl_sock-sendto: sock=11 sndbuf=212992 outq=0 send_len=901
03-03 22:05:15.794  4989  4989 D wpa_supplicant: EAPOL: EAP Session-Id not available
03-03 22:05:15.794  4989  4989 D wpa_supplicant: CTRL-DEBUG: global_ctrl_sock-sendto: sock=11 sndbuf=212992 outq=0 send_len=124
03-03 22:05:18.407   775   775 I MSM-irqbalance: Decided to move IRQ178 from CPU0 to CPU1
03-03 22:05:23.567   775   775 I MSM-irqbalance: Decided to move IRQ195 from CPU0 to CPU1
03-03 22:05:28.567   775   775 I MSM-irqbalance: Decided to move IRQ104 from CPU0 to CPU2
03-03 22:05:28.661  7181  7184 E ANDR-PERF-MPCTL: Invalid profile no. 0, total profiles 0 only
03-03 22:05:28.682   540  3572 I chatty  : uid=1013(media) AudioOut_2 expire 116 lines
03-03 22:05:28.692  3611  5697 I ActivityManager: START u0 {act=android.intent.action.MAIN cat=[android.intent.category.LAUNCHER] flg=0x10200000 cmp=com.quicinc.cne.settings/.CneSettings bnds=[804,72][1068,376] (has extras)} from uid 10011 on display 0
03-03 22:05:28.718  3611  3676 I chatty  : uid=1000(system) android.display expire 8 lines
03-03 22:05:28.788  3611  5631 I chatty  : uid=1000(system) Binder_8 expire 4 lines
03-03 22:05:28.790 19550 19550 I art     : Late-enabling JIT
03-03 22:05:28.790  3611  5631 I ActivityManager: Start proc 19550:com.quicinc.cne.settings/u0a28 for activity com.quicinc.cne.settings/.CneSettings
03-03 22:05:28.805 19550 19550 I art     : JIT created with code_cache_capacity=2MB compile_threshold=1000
03-03 22:05:28.897 19564 19564 I dex2oat : Adjusted thread count (for runtime dex2oat): 4, 4
03-03 22:05:28.898 19564 19564 I dex2oat : /system/bin/dex2oat --compiler-filter=verify-at-runtime
03-03 22:05:28.929 19564 19564 I dex2oat : dex2oat took 32.944ms (threads: 4) arena alloc=0B java alloc=118KB native alloc=200KB free=95KB
03-03 22:05:28.977 19550 19550 W System  : ClassLoader referenced unknown path: /system/app/CNESettings/lib/arm64
03-03 22:05:29.013  3611  4789 I chatty  : uid=1000(system) InputDispatcher expire 1 line
03-03 22:05:29.026 19550 19550 V BoostFramework: mAcquireFunc method = public int com.qualcomm.qti.Performance.perfLockAcquire(int,int[])
03-03 22:05:29.026 19550 19550 V BoostFramework: mReleaseFunc method = public int com.qualcomm.qti.Performance.perfLockRelease()
03-03 22:05:29.027 19550 19550 V BoostFramework: mAcquireTouchFunc method = public int com.qualcomm.qti.Performance.perfLockAcquireTouch(android.view.MotionEvent,android.util.DisplayMetrics,int,int[])
03-03 22:05:29.027 19550 19550 V BoostFramework: mIOPStart method = public int com.qualcomm.qti.Performance.perfIOPrefetchStart(int,java.lang.String)
03-03 22:05:29.028 19550 19550 V BoostFramework: mIOPStop method = public int com.qualcomm.qti.Performance.perfIOPrefetchStop()
03-03 22:05:29.037 19550 19550 V BoostFramework: BoostFramework() : mPerf = com.qualcomm.qti.Performance@d1139b7
03-03 22:05:29.038 19550 19550 V BoostFramework: BoostFramework() : mPerf = com.qualcomm.qti.Performance@a758524
03-03 22:05:29.113 19550 19569 D OpenGLRenderer: Use EGL_SWAP_BEHAVIOR_PRESERVED: true
03-03 22:05:29.178 19550 19569 I Adreno  : QUALCOMM build                   : 4ad80b1, Ibc10b8cc61
03-03 22:05:29.178 19550 19569 I Adreno  : Build Date                       : 05/11/16
03-03 22:05:29.178 19550 19569 I Adreno  : OpenGL ES Shader Compiler Version: XE031.06.00.02
03-03 22:05:29.178 19550 19569 I Adreno  : Local Branch                     : mybranch19701030
03-03 22:05:29.178 19550 19569 I Adreno  : Remote Branch                    : quic/LA.BR.1.3.4_rb1.11
03-03 22:05:29.178 19550 19569 I Adreno  : Remote Branch                    : NONE
03-03 22:05:29.178 19550 19569 I Adreno  : Reconstruct Branch               : NOTHING
03-03 22:05:29.185 19550 19569 I OpenGLRenderer: Initialized EGL, version 1.4
03-03 22:05:29.494  4989  4989 D wpa_supplicant: wlan0: Control interface command 'SET pno 0'
03-03 22:05:29.494  4989  4989 D wpa_supplicant: CTRL_IFACE SET 'pno'='0'
03-03 22:05:29.494  4989  4989 D wpa_supplicant: CTRL-DEBUG: global_ctrl_sock-sendto: sock=11 sndbuf=212992 outq=0 send_len=3
03-03 22:05:29.495  4989  4989 D wpa_supplicant: wlan0: Control interface command 'SCAN TYPE=ONLY'
03-03 22:05:29.495  4989  4989 D wpa_supplicant: wlan0: Setting scan request: 0.000000 sec
03-03 22:05:29.495  4989  4989 D wpa_supplicant: CTRL-DEBUG: global_ctrl_sock-sendto: sock=11 sndbuf=212992 outq=0 send_len=3
03-03 22:05:29.495  4989  4989 D wpa_supplicant: wlan0: Starting AP scan for wildcard SSID
03-03 22:05:29.496  4989  4989 D wpa_supplicant: wlan0: Add radio work 'scan'@0x55781c58a0
03-03 22:05:29.496  4989  4989 D wpa_supplicant: wlan0: First radio work item in the queue - schedule start immediately
03-03 22:05:29.496  4989  4989 D wpa_supplicant: wlan0: Starting radio work 'scan'@0x55781c58a0 after 0.000039 second wait
03-03 22:05:29.496  4989  4989 D wpa_supplicant: wlan0: nl80211: scan request
03-03 22:05:29.496  4989  4989 D wpa_supplicant: nl80211: Scan SSID - hexdump(len=0): [NULL]
03-03 22:05:29.496  4989  4989 D wpa_supplicant: nl80211: Scan extra IEs - hexdump(len=7): 7f 05 00 00 0a 02 01
03-03 22:05:29.497  4989  4989 D wpa_supplicant: Scan requested (ret=0) - scan timeout 30 seconds
03-03 22:05:29.497  4989  4989 D wpa_supplicant: nl80211: Event message available
03-03 22:05:29.497  4989  4989 D wpa_supplicant: nl80211: Drv Event 33 (NL80211_CMD_TRIGGER_SCAN) received for wlan0
03-03 22:05:29.497  4989  4989 D wpa_supplicant: wlan0: nl80211: Scan trigger
03-03 22:05:29.498  4989  4989 D wpa_supplicant: wlan0: Event SCAN_STARTED (47) received
03-03 22:05:29.498  4989  4989 D wpa_supplicant: wlan0: Own scan request started a scan in 0.000222 seconds
03-03 22:05:29.498  4989  4989 D wpa_supplicant: CTRL-DEBUG: ctrl_sock-sendmsg: sock=11 sndbuf=212992 outq=0 send_len=24
03-03 22:05:29.498  4989  4989 D wpa_supplicant: CTRL_IFACE monitor sent successfully to /data/misc/wifi/sockets/wpa_ctrl_3611-2\x00
03-03 22:05:29.618  3611  3611 D DeviceIdleController: updateDisplayLocked: screenOn=true
03-03 22:05:29.618  3611  3611 I DeviceIdleController: becomeActiveLocked, reason = screen
03-03 22:05:29.626  3611  3672 I ActivityManager: Config changes=480 {1.0 460mcc2mnc zh_CN ldltr sw360dp w640dp h336dp 480dpi nrml long land finger -keyb/v/h -nav/h s.8}
03-03 22:05:29.745 19298 19298 I chatty  : uid=10022(com.android.systemui) expire 503 lines
03-03 22:05:29.759 19550 19550 V BoostFramework: BoostFramework() : mPerf = com.qualcomm.qti.Performance@a2a1902
03-03 22:05:29.760 19550 19550 V BoostFramework: BoostFramework() : mPerf = com.qualcomm.qti.Performance@1177213
03-03 22:05:29.953  3611  3676 I WindowManager: Screen frozen for +351ms due to Window{73d9ff6 u0 com.quicinc.cne.settings/com.quicinc.cne.settings.CneSettings}
03-03 22:05:30.574  4989  4989 D wpa_supplicant: nl80211: Event message available
03-03 22:05:30.574  4989  4989 D wpa_supplicant: nl80211: Drv Event 34 (NL80211_CMD_NEW_SCAN_RESULTS) received for wlan0
03-03 22:05:30.574  4989  4989 D wpa_supplicant: wlan0: nl80211: New scan results available
03-03 22:05:30.574  4989  4989 D wpa_supplicant: nl80211: Scan included frequencies: 2412 2417 2422 2427 2432 2437 2442 2447 2452 2457 2462 2467 2472 5180 5200 5220 5240 5260 5280 5300 5320 5745 5765 5785 5805 5825
03-03 22:05:30.574  4989  4989 D wpa_supplicant: wlan0: Event SCAN_RESULTS (3) received
03-03 22:05:30.574  4989  4989 D wpa_supplicant: wlan0: Scan completed in 1.076434 seconds
03-03 22:05:30.574  4989  4989 D wpa_supplicant: nl80211: Received scan results (10 BSSes)
03-03 22:05:30.574  4989  4989 D wpa_supplicant: wlan0: BSS: Start scan result update 57
03-03 22:05:30.575  4989  4989 D wpa_supplicant: wlan0: BSS: Add new id 31 BSSID 0c:4c:39:1c:b6:c9 SSID 'ChinaNet-haYr'
03-03 22:05:30.575  4989  4989 D wpa_supplicant: CTRL-DEBUG: ctrl_sock-sendmsg: sock=11 sndbuf=212992 outq=0 send_len=41
03-03 22:05:30.575  4989  4989 D wpa_supplicant: CTRL_IFACE monitor sent successfully to /data/misc/wifi/sockets/wpa_ctrl_3611-2\x00
03-03 22:05:30.575  4989  4989 D wpa_supplicant: BSS: last_scan_res_used=10/32
03-03 22:05:30.575  4989  4989 D wpa_supplicant: wlan0: Scan-only results received
03-03 22:05:30.575  4989  4989 D wpa_supplicant: CTRL-DEBUG: ctrl_sock-sendmsg: sock=11 sndbuf=212992 outq=768 send_len=24
03-03 22:05:30.575  4989  4989 D wpa_supplicant: CTRL_IFACE monitor sent successfully to /data/misc/wifi/sockets/wpa_ctrl_3611-2\x00
03-03 22:05:30.575  4989  4989 D wpa_supplicant: wlan0: Radio work 'scan'@0x55781c58a0 done in 1.079381 seconds
03-03 22:05:30.588  4989  4989 D wpa_supplicant: CTRL-DEBUG: global_ctrl_sock-sendto: sock=11 sndbuf=212992 outq=0 send_len=3542
03-03 22:05:30.590  4989  4989 D wpa_supplicant: CTRL-DEBUG: global_ctrl_sock-sendto: sock=11 sndbuf=212992 outq=0 send_len=3373
03-03 22:05:30.592  4989  4989 D wpa_supplicant: CTRL-DEBUG: global_ctrl_sock-sendto: sock=11 sndbuf=212992 outq=0 send_len=1858
03-03 22:05:30.606  4989  4989 D wpa_supplicant: EAPOL: EAP Session-Id not available
03-03 22:05:30.606  4989  4989 D wpa_supplicant: CTRL-DEBUG: global_ctrl_sock-sendto: sock=11 sndbuf=212992 outq=0 send_len=124
03-03 22:05:32.160  3611  3619 I chatty  : uid=1000(system) FinalizerDaemon expire 7 lines
03-03 22:05:32.160   540 11328 I chatty  : uid=1013(media) Binder_5 expire 4 lines
03-03 22:05:32.777   595   595 D FingerGoodix: Enter sig_handler.
03-03 22:05:32.778   595   595 D FingerGoodix: FP_REQUEST_MILAN_GETSTATUS
03-03 22:05:32.780   595   595 D FingerGoodix: In Milan_get_status: status = 2 cur_mode = 1 cur_state = 1
03-03 22:05:32.780   595   595 D FingerGoodix: getFDTUpReg.
03-03 22:05:32.784   595   595 D FingerGoodix: ############# reg 0x7ff
03-03 22:05:32.784   595   595 D FingerGoodix: ############ 1
03-03 22:05:32.784   595   595 D FingerGoodix: ############ 1
03-03 22:05:32.784   595   595 D FingerGoodix: ############ 1
03-03 22:05:32.784   595   595 D FingerGoodix: ############ 1
03-03 22:05:32.784   595   595 D FingerGoodix: ############ 1
03-03 22:05:32.784   595   595 D FingerGoodix: ############ 1
03-03 22:05:32.784   595   595 D FingerGoodix: ############ 1
03-03 22:05:32.785   595   595 D FingerGoodix: ############ 1
03-03 22:05:32.785   595   595 D FingerGoodix: ############ 1
03-03 22:05:32.785   595   595 D FingerGoodix: ############ 1
03-03 22:05:32.785   595   595 D FingerGoodix: ############ 1
03-03 22:05:32.785   595   595 D FingerGoodix: ############ 0
03-03 22:05:32.785   595   595 D FingerGoodix: === Up base ===
03-03 22:05:32.785   595   595 D FingerGoodix: 0xa27f
03-03 22:05:32.785   595   595 D FingerGoodix: 0xb07f
03-03 22:05:32.785   595   595 D FingerGoodix: 0xaa7f
03-03 22:05:32.785   595   595 D FingerGoodix: 0xa27f
03-03 22:05:32.785   595   595 D FingerGoodix: 0x957f
03-03 22:05:32.785   595   595 D FingerGoodix: 0xaa7f
03-03 22:05:32.785   595   595 D FingerGoodix: 0x9f7f
03-03 22:05:32.785   595   595 D FingerGoodix: 0x8d7f
03-03 22:05:32.785   595   595 D FingerGoodix: 0x997f
03-03 22:05:32.785   595   595 D FingerGoodix: 0x9c7f
03-03 22:05:32.785   595   595 D FingerGoodix: 0x947f
03-03 22:05:32.785   595   595 D FingerGoodix: 0x137f
03-03 22:05:32.786   595   595 D FingerGoodix: gCaCmdMutex unlock
03-03 22:05:32.786   595   595 D FingerGoodix: Cur mode = 1, IRQ status = 0x2
03-03 22:05:32.786   595   595 D FingerGoodix: Key Down.
03-03 22:05:32.787   595   595 D FingerGoodix: FP_REQUEST_MILAN_FDTUP
03-03 22:05:32.790   595   595 D FingerGoodix: Milan_FdtUp reg = 0x0
03-03 22:05:32.792   595   595 D FingerGoodix: chip_mode = 0x10, SENSOR_MODE = 0x1
03-03 22:05:32.804   595   595 D FingerGoodix: gCaCmdMutex unlock
03-03 22:05:32.804   595   595 D FingerGoodix: init and start timer 
03-03 22:05:32.805   595   595 D FingerGoodix: init and start timer success 
03-03 22:05:32.805   595   595 D FingerGoodix: Exit sig_handler.
03-03 22:05:32.853  6093  6109 I chatty  : uid=1001(radio) QcRilReceiver expire 68 lines
03-03 22:05:32.864  8226  8226 I chatty  : uid=1000(system) com.qualcomm.qti.modemtestmode expire 50 lines
03-03 22:05:32.865   595   595 D FingerGoodix: Enter sig_handler.
03-03 22:05:32.865   595   595 D FingerGoodix: FP_REQUEST_MILAN_GETSTATUS
03-03 22:05:32.870   595   595 D FingerGoodix: In Milan_get_status: status = 2 cur_mode = 1 cur_state = 2
03-03 22:05:32.870   595   595 D FingerGoodix: getFDTDownReg.
03-03 22:05:32.871   595   595 D FingerGoodix: === Down base ===
03-03 22:05:32.871   595   595 D FingerGoodix: 0xb87f
03-03 22:05:32.871   595   595 D FingerGoodix: 0xcc7f
03-03 22:05:32.871   595   595 D FingerGoodix: 0xc67f
03-03 22:05:32.871   595   595 D FingerGoodix: 0xb97f
03-03 22:05:32.871   595   595 D FingerGoodix: 0xaf7f
03-03 22:05:32.871   595   595 D FingerGoodix: 0xc47f
03-03 22:05:32.871   595   595 D FingerGoodix: 0xc07f
03-03 22:05:32.871   595   595 D FingerGoodix: 0xae7f
03-03 22:05:32.871   595   595 D FingerGoodix: 0xb07f
03-03 22:05:32.871   595   595 D FingerGoodix: 0xc37f
03-03 22:05:32.871   595   595 D FingerGoodix: 0xba7f
03-03 22:05:32.871   595   595 D FingerGoodix: 0xac7f
03-03 22:05:32.872  8386  8386 D QC_RIL_OEM_HOOK: Received Broadcast Intent ACTION_UNSOL_RESPONSE_OEM_HOOK_RAW
03-03 22:05:32.872  8386  8386 D QC_RIL_OEM_HOOK: Oem ID in QCRILHOOK UNSOL RESP is QOEMHOOK
03-03 22:05:32.873  5699  5699 I chatty  : uid=1001(radio) com.android.phone expire 712 lines
03-03 22:05:32.873   595   595 D FingerGoodix: gCaCmdMutex unlock
03-03 22:05:32.873   595   595 D FingerGoodix: Cur mode = 1, IRQ status = 0x2
03-03 22:05:32.873   595   595 D FingerGoodix: Key Up.
03-03 22:05:32.881   595   595 D FingerGoodix: FP_REQUEST_MILAN_FDTDOWN
03-03 22:05:32.881  8386  8386 D QC_RIL_OEM_HOOK: Received Broadcast Intent ACTION_UNSOL_RESPONSE_OEM_HOOK_RAW
03-03 22:05:32.882  8386  8386 D QC_RIL_OEM_HOOK: Oem ID in QCRILHOOK UNSOL RESP is QOEMHOOK
03-03 22:05:32.887   595   595 D FingerGoodix: Milan_FdtDown reg = 0x0
03-03 22:05:32.891   595   595 D FingerGoodix: In FdtDown:
03-03 22:05:32.891   595   595 D FingerGoodix: === Down base ===
03-03 22:05:32.891   595   595 D FingerGoodix: 0xb87f
03-03 22:05:32.891   595   595 D FingerGoodix: 0xcc7f
03-03 22:05:32.891   595   595 D FingerGoodix: 0xc67f
03-03 22:05:32.891   595   595 D FingerGoodix: 0xb97f
03-03 22:05:32.891   595   595 D FingerGoodix: 0xaf7f
03-03 22:05:32.891   595   595 D FingerGoodix: 0xc47f
03-03 22:05:32.891   595   595 D FingerGoodix: 0xc07f
03-03 22:05:32.891   595   595 D FingerGoodix: 0xae7f
03-03 22:05:32.891   595   595 D FingerGoodix: 0xb07f
03-03 22:05:32.891   595   595 D FingerGoodix: 0xc37f
03-03 22:05:32.891   595   595 D FingerGoodix: 0xba7f
03-03 22:05:32.891   595   595 D FingerGoodix: 0xac7f
03-03 22:05:32.905   595   595 D FingerGoodix: gCaCmdMutex unlock
03-03 22:05:32.905   595   595 D FingerGoodix: delete timer 
03-03 22:05:32.906   595   595 D FingerGoodix: delete timer success
03-03 22:05:32.906   595   595 D FingerGoodix: Exit sig_handler.
03-03 22:05:32.928   595   595 D FingerGoodix: Enter sig_handler.
03-03 22:05:32.928   595   595 D FingerGoodix: FP_REQUEST_MILAN_GETSTATUS
03-03 22:05:32.931   595   595 D FingerGoodix: In Milan_get_status: status = 2 cur_mode = 1 cur_state = 1
03-03 22:05:32.931   595   595 D FingerGoodix: getFDTUpReg.
03-03 22:05:32.935   595   595 D FingerGoodix: ############# reg 0xfff
03-03 22:05:32.935   595   595 D FingerGoodix: ############ 1
03-03 22:05:32.935   595   595 D FingerGoodix: ############ 1
03-03 22:05:32.935   595   595 D FingerGoodix: ############ 1
03-03 22:05:32.935   595   595 D FingerGoodix: ############ 1
03-03 22:05:32.935   595   595 D FingerGoodix: ############ 1
03-03 22:05:32.935   595   595 D FingerGoodix: ############ 1
03-03 22:05:32.935   595   595 D FingerGoodix: ############ 1
03-03 22:05:32.935   595   595 D FingerGoodix: ############ 1
03-03 22:05:32.935   595   595 D FingerGoodix: ############ 1
03-03 22:05:32.935   595   595 D FingerGoodix: ############ 1
03-03 22:05:32.935   595   595 D FingerGoodix: ############ 1
03-03 22:05:32.935   595   595 D FingerGoodix: ############ 1
03-03 22:05:32.935   595   595 D FingerGoodix: === Up base ===
03-03 22:05:32.935   595   595 D FingerGoodix: 0xa17f
03-03 22:05:32.935   595   595 D FingerGoodix: 0xb07f
03-03 22:05:32.935   595   595 D FingerGoodix: 0xa77f
03-03 22:05:32.935   595   595 D FingerGoodix: 0xa77f
03-03 22:05:32.935   595   595 D FingerGoodix: 0x947f
03-03 22:05:32.935   595   595 D FingerGoodix: 0xb57f
03-03 22:05:32.935   595   595 D FingerGoodix: 0xa87f
03-03 22:05:32.935   595   595 D FingerGoodix: 0x8e7f
03-03 22:05:32.935   595   595 D FingerGoodix: 0x8d7f
03-03 22:05:32.935   595   595 D FingerGoodix: 0xa07f
03-03 22:05:32.935   595   595 D FingerGoodix: 0x967f
03-03 22:05:32.935   595   595 D FingerGoodix: 0x8c7f
03-03 22:05:32.936   595   595 D FingerGoodix: gCaCmdMutex unlock
03-03 22:05:32.936   595   595 D FingerGoodix: Cur mode = 1, IRQ status = 0x2
03-03 22:05:32.936   595   595 D FingerGoodix: Key Down.
03-03 22:05:32.937   595   595 D FingerGoodix: FP_REQUEST_MILAN_FDTUP
03-03 22:05:32.943   595   595 D FingerGoodix: Milan_FdtUp reg = 0x0
03-03 22:05:32.944   595   595 D FingerGoodix: chip_mode = 0x10, SENSOR_MODE = 0x1
03-03 22:05:32.952  6093  6111 I chatty  : uid=1001(radio) QcRilReceiver expire 106 lines
03-03 22:05:32.964   595   595 D FingerGoodix: gCaCmdMutex unlock
03-03 22:05:32.964   595   595 D FingerGoodix: init and start timer 
03-03 22:05:32.965   595   595 D FingerGoodix: init and start timer success 
03-03 22:05:32.965   595   595 D FingerGoodix: Exit sig_handler.
03-03 22:05:32.974  8386  8386 D QC_RIL_OEM_HOOK: Received Broadcast Intent ACTION_UNSOL_RESPONSE_OEM_HOOK_RAW
03-03 22:05:32.975  8386  8386 D QC_RIL_OEM_HOOK: Oem ID in QCRILHOOK UNSOL RESP is QOEMHOOK
03-03 22:05:33.026   595   595 D FingerGoodix: Enter sig_handler.
03-03 22:05:33.027   595   595 D FingerGoodix: FP_REQUEST_MILAN_GETSTATUS
03-03 22:05:33.029   595   595 D FingerGoodix: In Milan_get_status: status = 2 cur_mode = 1 cur_state = 2
03-03 22:05:33.030   595   595 D FingerGoodix: getFDTDownReg.
03-03 22:05:33.032   595   595 D FingerGoodix: === Down base ===
03-03 22:05:33.032   595   595 D FingerGoodix: 0xbd7f
03-03 22:05:33.032   595   595 D FingerGoodix: 0xd37f
03-03 22:05:33.032   595   595 D FingerGoodix: 0xc97f
03-03 22:05:33.032   595   595 D FingerGoodix: 0xba7f
03-03 22:05:33.032   595   595 D FingerGoodix: 0xb67f
03-03 22:05:33.032   595   595 D FingerGoodix: 0xcc7f
03-03 22:05:33.032   595   595 D FingerGoodix: 0xc27f
03-03 22:05:33.032   595   595 D FingerGoodix: 0xae7f
03-03 22:05:33.032   595   595 D FingerGoodix: 0xb17f
03-03 22:05:33.032   595   595 D FingerGoodix: 0xc47f
03-03 22:05:33.032   595   595 D FingerGoodix: 0xbb7f
03-03 22:05:33.032   595   595 D FingerGoodix: 0xac7f
03-03 22:05:33.034   595   595 D FingerGoodix: gCaCmdMutex unlock
03-03 22:05:33.034   595   595 D FingerGoodix: Cur mode = 1, IRQ status = 0x2
03-03 22:05:33.034   595   595 D FingerGoodix: Key Up.
03-03 22:05:33.035   595   595 D FingerGoodix: FP_REQUEST_MILAN_FDTDOWN
03-03 22:05:33.037   595   595 D FingerGoodix: Milan_FdtDown reg = 0x0
03-03 22:05:33.039   595   595 D FingerGoodix: In FdtDown:
03-03 22:05:33.039   595   595 D FingerGoodix: === Down base ===
03-03 22:05:33.039   595   595 D FingerGoodix: 0xbd7f
03-03 22:05:33.039   595   595 D FingerGoodix: 0xd37f
03-03 22:05:33.039   595   595 D FingerGoodix: 0xc97f
03-03 22:05:33.039   595   595 D FingerGoodix: 0xba7f
03-03 22:05:33.039   595   595 D FingerGoodix: 0xb67f
03-03 22:05:33.039   595   595 D FingerGoodix: 0xcc7f
03-03 22:05:33.039   595   595 D FingerGoodix: 0xc27f
03-03 22:05:33.039   595   595 D FingerGoodix: 0xae7f
03-03 22:05:33.039   595   595 D FingerGoodix: 0xb17f
03-03 22:05:33.039   595   595 D FingerGoodix: 0xc47f
03-03 22:05:33.039   595   595 D FingerGoodix: 0xbb7f
03-03 22:05:33.039   595   595 D FingerGoodix: 0xac7f
03-03 22:05:33.053   595   595 D FingerGoodix: gCaCmdMutex unlock
03-03 22:05:33.054   595   595 D FingerGoodix: delete timer 
03-03 22:05:33.054   595   595 D FingerGoodix: delete timer success
03-03 22:05:33.054   595   595 D FingerGoodix: Exit sig_handler.
03-03 22:05:33.077   595   595 D FingerGoodix: Enter sig_handler.
03-03 22:05:33.077   595   595 D FingerGoodix: FP_REQUEST_MILAN_GETSTATUS
03-03 22:05:33.081   595   595 D FingerGoodix: In Milan_get_status: status = 2 cur_mode = 1 cur_state = 1
03-03 22:05:33.081   595   595 D FingerGoodix: getFDTUpReg.
03-03 22:05:33.088   595   595 D FingerGoodix: ############# reg 0xffe
03-03 22:05:33.088   595   595 D FingerGoodix: ############ 0
03-03 22:05:33.088   595   595 D FingerGoodix: ############ 1
03-03 22:05:33.088   595   595 D FingerGoodix: ############ 1
03-03 22:05:33.088   595   595 D FingerGoodix: ############ 1
03-03 22:05:33.088   595   595 D FingerGoodix: ############ 1
03-03 22:05:33.088   595   595 D FingerGoodix: ############ 1
03-03 22:05:33.088   595   595 D FingerGoodix: ############ 1
03-03 22:05:33.088   595   595 D FingerGoodix: ############ 1
03-03 22:05:33.088   595   595 D FingerGoodix: ############ 1
03-03 22:05:33.088   595   595 D FingerGoodix: ############ 1
03-03 22:05:33.088   595   595 D FingerGoodix: ############ 1
03-03 22:05:33.088   595   595 D FingerGoodix: ############ 1
03-03 22:05:33.088   595   595 D FingerGoodix: === Up base ===
03-03 22:05:33.088   595   595 D FingerGoodix: 0x137f
03-03 22:05:33.088   595   595 D FingerGoodix: 0xc17f
03-03 22:05:33.088   595   595 D FingerGoodix: 0xb07f
03-03 22:05:33.088   595   595 D FingerGoodix: 0x9e7f
03-03 22:05:33.088   595   595 D FingerGoodix: 0xaa7f
03-03 22:05:33.088   595   595 D FingerGoodix: 0xb07f
03-03 22:05:33.088   595   595 D FingerGoodix: 0xac7f
03-03 22:05:33.088   595   595 D FingerGoodix: 0x967f
03-03 22:05:33.088   595   595 D FingerGoodix: 0xa97f
03-03 22:05:33.088   595   595 D FingerGoodix: 0xab7f
03-03 22:05:33.088   595   595 D FingerGoodix: 0xa47f
03-03 22:05:33.088   595   595 D FingerGoodix: 0x8b7f
03-03 22:05:33.089   595   595 D FingerGoodix: gCaCmdMutex unlock
03-03 22:05:33.089   595   595 D FingerGoodix: Cur mode = 1, IRQ status = 0x2
03-03 22:05:33.089   595   595 D FingerGoodix: Key Down.
03-03 22:05:33.090   595   595 D FingerGoodix: FP_REQUEST_MILAN_FDTUP
03-03 22:05:33.092   595   595 D FingerGoodix: Milan_FdtUp reg = 0x0
03-03 22:05:33.094   595   595 D FingerGoodix: chip_mode = 0x10, SENSOR_MODE = 0x1
03-03 22:05:33.098  3611  5628 I ActivityManager: Config changes=480 {1.0 460mcc2mnc zh_CN ldltr sw360dp w360dp h580dp 480dpi nrml long port finger -keyb/v/h -nav/h s.9}
03-03 22:05:33.102  3611  3611 D DeviceIdleController: updateDisplayLocked: screenOn=true
03-03 22:05:33.103  3611  3611 I DeviceIdleController: becomeActiveLocked, reason = screen
03-03 22:05:33.105   595   595 D FingerGoodix: gCaCmdMutex unlock
03-03 22:05:33.105   595   595 D FingerGoodix: init and start timer 
03-03 22:05:33.106   595   595 D FingerGoodix: init and start timer success 
03-03 22:05:33.106   595   595 D FingerGoodix: Exit sig_handler.
03-03 22:05:33.168   595   595 D FingerGoodix: Enter sig_handler.
03-03 22:05:33.168   595   595 D FingerGoodix: FP_REQUEST_MILAN_GETSTATUS
03-03 22:05:33.171   595   595 D FingerGoodix: In Milan_get_status: status = 2 cur_mode = 1 cur_state = 2
03-03 22:05:33.171   595   595 D FingerGoodix: getFDTDownReg.
03-03 22:05:33.173   595   595 D FingerGoodix: === Down base ===
03-03 22:05:33.173   595   595 D FingerGoodix: 0xbd7f
03-03 22:05:33.173   595   595 D FingerGoodix: 0xd37f
03-03 22:05:33.173   595   595 D FingerGoodix: 0xc97f
03-03 22:05:33.173   595   595 D FingerGoodix: 0xba7f
03-03 22:05:33.173   595   595 D FingerGoodix: 0xb67f
03-03 22:05:33.173   595   595 D FingerGoodix: 0xcb7f
03-03 22:05:33.173   595   595 D FingerGoodix: 0xc37f
03-03 22:05:33.173   595   595 D FingerGoodix: 0xae7f
03-03 22:05:33.173   595   595 D FingerGoodix: 0xb17f
03-03 22:05:33.173   595   595 D FingerGoodix: 0xc47f
03-03 22:05:33.173   595   595 D FingerGoodix: 0xbb7f
03-03 22:05:33.173   595   595 D FingerGoodix: 0xac7f
03-03 22:05:33.174   595   595 D FingerGoodix: gCaCmdMutex unlock
03-03 22:05:33.174   595   595 D FingerGoodix: Cur mode = 1, IRQ status = 0x2
03-03 22:05:33.174   595   595 D FingerGoodix: Key Up.
03-03 22:05:33.175   595   595 D FingerGoodix: FP_REQUEST_MILAN_FDTDOWN
03-03 22:05:33.178   595   595 D FingerGoodix: Milan_FdtDown reg = 0x0
03-03 22:05:33.180   595   595 D FingerGoodix: In FdtDown:
03-03 22:05:33.180   595   595 D FingerGoodix: === Down base ===
03-03 22:05:33.180   595   595 D FingerGoodix: 0xbd7f
03-03 22:05:33.180   595   595 D FingerGoodix: 0xd37f
03-03 22:05:33.180   595   595 D FingerGoodix: 0xc97f
03-03 22:05:33.180   595   595 D FingerGoodix: 0xba7f
03-03 22:05:33.180   595   595 D FingerGoodix: 0xb67f
03-03 22:05:33.180   595   595 D FingerGoodix: 0xcb7f
03-03 22:05:33.180   595   595 D FingerGoodix: 0xc37f
03-03 22:05:33.180   595   595 D FingerGoodix: 0xae7f
03-03 22:05:33.180   595   595 D FingerGoodix: 0xb17f
03-03 22:05:33.180   595   595 D FingerGoodix: 0xc47f
03-03 22:05:33.180   595   595 D FingerGoodix: 0xbb7f
03-03 22:05:33.180   595   595 D FingerGoodix: 0xac7f
03-03 22:05:33.192   595   595 D FingerGoodix: gCaCmdMutex unlock
03-03 22:05:33.192   595   595 D FingerGoodix: delete timer 
03-03 22:05:33.193   595   595 D FingerGoodix: delete timer success
03-03 22:05:33.193   595   595 D FingerGoodix: Exit sig_handler.
03-03 22:05:33.248  3611  3671 I chatty  : uid=1000(system) ActivityManager expire 2 lines
03-03 22:05:33.509  7977  7977 I cc      : invalidateMissedCallCount mMisseCallCount:0
03-03 22:05:33.549  3611  3671 I ActivityManager: Killing 16236:com.android.providers.calendar/u0a1 (adj 15): empty #17
03-03 22:05:33.550  8628  8628 I chatty  : uid=1000(system) com.android.settings expire 9 lines
03-03 22:05:33.565   775   775 I MSM-irqbalance: Decided to move IRQ200 from CPU7 [P:0] to CPU3 [P:1] (banned)
03-03 22:05:33.566   775   775 I MSM-irqbalance: Decided to move IRQ203 from CPU7 [P:0] to CPU0 [P:1] (banned)
03-03 22:05:33.569   775   775 I MSM-irqbalance: Decided to move IRQ200 from CPU6 [P:0] to CPU1 [P:1] (banned)
03-03 22:05:33.570   775   775 I MSM-irqbalance: Decided to move IRQ203 from CPU6 [P:0] to CPU2 [P:1] (banned)
03-03 22:05:33.708 19550 19550 I art     : Starting a blocking GC Explicit
03-03 22:05:33.759 19550 19550 I art     : Explicit concurrent mark sweep GC freed 19957(1398KB) AllocSpace objects, 1(84KB) LOS objects, 81% free, 939KB/4MB, paused 226us total 49.178ms
03-03 22:05:33.780 19550 19550 I art     : Starting a blocking GC Explicit
03-03 22:05:33.792 19550 19550 I art     : Explicit concurrent mark sweep GC freed 2529(164KB) AllocSpace objects, 0(0B) LOS objects, 84% free, 775KB/4MB, paused 77us total 12.731ms
03-03 22:05:33.793 19550 19550 I art     : Starting a blocking GC Explicit
03-03 22:05:33.806 19550 19550 I art     : Explicit concurrent mark sweep GC freed 2(48B) AllocSpace objects, 0(0B) LOS objects, 83% free, 787KB/4MB, paused 65us total 13.681ms
03-03 22:05:33.819  7977  7977 I cc      : invalidateUnreadSmsCount mUnreadSmsCount:0
03-03 22:05:33.863  3611  3676 I WindowManager: Screen frozen for +815ms due to Window{32a8903 u0 StatusBar}
03-03 22:05:33.869  5699  5699 D MccTable: updateMccMncConfiguration mccmnc='' fromServiceState=false
03-03 22:05:33.989  5558  5558 I chatty  : uid=1000(system) com.quicinc.cne.CNEService expire 4 lines
03-03 22:05:34.159 19298 19345 I chatty  : uid=10022(com.android.systemui) PhoneStatusBar expire 65 lines
03-03 22:05:34.215  8919  8919 W ContextImpl: Calling a method in the system process without a qualified user: android.app.ContextImpl.sendBroadcast:771 android.content.ContextWrapper.sendBroadcast:396 com.android.dialer.adapter.CallLogAdapter.sendBroadcastToGestureService:463 com.android.dialer.adapter.CallLogAdapter.changeCursor:206 com.android.dialer.dial.CallLogFragment.onCallsFetched:212 
03-03 22:05:34.252  5699  6019 I chatty  : uid=1001(radio) Binder_3 expire 40 lines
03-03 22:05:34.625 19298 19351 I chatty  : uid=10022(com.android.systemui) QSTileHost expire 61 lines
03-03 22:05:34.629  8919  8919 W ContextImpl: Calling a method in the system process without a qualified user: android.app.ContextImpl.sendBroadcast:771 android.content.ContextWrapper.sendBroadcast:396 com.android.dialer.adapter.CallLogAdapter.sendBroadcastToGestureService:463 com.android.dialer.adapter.CallLogAdapter.changeCursor:206 com.android.dialer.dial.CallLogFragment.onCallsFetched:212 
03-03 22:05:34.788  5699  6571 I chatty  : uid=1001(radio) Binder_7 expire 38 lines
03-03 22:05:34.826  5699  5716 I chatty  : uid=1001(radio) Binder_2 expire 41 lines
03-03 22:05:34.943  5699  6186 I chatty  : uid=1001(radio) Binder_6 expire 35 lines
03-03 22:05:35.005  5699 10799 I chatty  : uid=1001(radio) Binder_A expire 39 lines
03-03 22:05:35.008  5699  6539 I chatty  : uid=1001(radio) IFMsg_Rxr expire 62 lines
03-03 22:05:35.049  8919  8919 W ContextImpl: Calling a method in the system process without a qualified user: android.app.ContextImpl.sendBroadcast:771 android.content.ContextWrapper.sendBroadcast:396 com.android.dialer.adapter.CallLogAdapter.sendBroadcastToGestureService:463 com.android.dialer.adapter.CallLogAdapter.changeCursor:206 com.android.dialer.dial.CallLogFragment.onCallsFetched:212 
03-03 22:05:35.098  5699  7556 I chatty  : uid=1001(radio) Binder_9 expire 48 lines
03-03 22:05:35.233  3611  3669 I Telecom : PhoneAccountRegistrar: New phone account registered: [[ ] PhoneAccount: ComponentInfo{com.android.phone/com.android.services.telephony.TelephonyConnectionService}, [356a192b7913b04c54574d18c28d46e6395428ab], UserHandle{0} Capabilities: 54 Schemes: tel voicemail ]
03-03 22:05:35.288  3611  3669 I Telecom : : Sending phone-account intent as user
03-03 22:05:35.635  8919  8919 W ContextImpl: Calling a method in the system process without a qualified user: android.app.ContextImpl.sendBroadcast:771 android.content.ContextWrapper.sendBroadcast:396 com.android.dialer.adapter.CallLogAdapter.sendBroadcastToGestureService:463 com.android.dialer.adapter.CallLogAdapter.changeCursor:206 com.android.dialer.dial.CallLogFragment.onCallsFetched:212 
03-03 22:05:35.739  3611  5698 I Telecom : PhoneAccountRegistrar: [ComponentInfo{com.android.phone/com.android.services.telephony.TelephonyConnectionService}, [356a192b7913b04c54574d18c28d46e6395428ab], UserHandle{0}(icon: Icon(typ=BITMAP size=72x72) -> Icon(typ=BITMAP size=72x72))]
03-03 22:05:35.782  3611  5698 I Telecom : : Sending phone-account intent as user
03-03 22:05:35.867  6425  6425 W ContextImpl: Calling a method in the system process without a qualified user: android.app.ContextImpl.startService:1229 android.content.ContextWrapper.startService:581 android.content.ContextWrapper.startService:581 com.qualcomm.simcontacts.SimStateReceiver.sendSimState:78 com.qualcomm.simcontacts.SimStateReceiver.onReceive:54 
03-03 22:05:35.990  6093  6093 I chatty  : uid=1001(radio) com.qualcomm.qcrilmsgtunnel expire 136 lines
03-03 22:05:36.004  8386  8386 D QC_RIL_OEM_HOOK: Received Broadcast Intent ACTION_UNSOL_RESPONSE_OEM_HOOK_RAW
03-03 22:05:36.005  8386  8386 D QC_RIL_OEM_HOOK: Oem ID in QCRILHOOK UNSOL RESP is QOEMHOOK
03-03 22:05:36.009  8386  8386 D QC_RIL_OEM_HOOK: Received Broadcast Intent ACTION_UNSOL_RESPONSE_OEM_HOOK_RAW
03-03 22:05:36.009  8386  8386 D QC_RIL_OEM_HOOK: Oem ID in QCRILHOOK UNSOL RESP is QOEMHOOK
03-03 22:05:36.032  3611  5654 I Telecom : PhoneAccountRegistrar: [ComponentInfo{com.android.phone/com.android.services.telephony.TelephonyConnectionService}, [356a192b7913b04c54574d18c28d46e6395428ab], UserHandle{0}(icon: Icon(typ=BITMAP size=72x72) -> Icon(typ=BITMAP size=72x72))]
03-03 22:05:36.078  3611  5654 I Telecom : : Sending phone-account intent as user
03-03 22:05:36.157  5699 19641 I chatty  : uid=1001(radio) com.android.phone expire 10 lines
03-03 22:05:36.180  3611  4798 I Telecom : PhoneAccountRegistrar: [ComponentInfo{com.android.phone/com.android.services.telephony.TelephonyConnectionService}, [356a192b7913b04c54574d18c28d46e6395428ab], UserHandle{0}(icon: Icon(typ=BITMAP size=72x72) -> Icon(typ=BITMAP size=72x72))]
03-03 22:05:36.217  3611  4798 I Telecom : : Sending phone-account intent as user
03-03 22:05:36.381  3611  4798 I Telecom : PhoneAccountRegistrar: [ComponentInfo{com.android.phone/com.android.services.telephony.TelephonyConnectionService}, [356a192b7913b04c54574d18c28d46e6395428ab], UserHandle{0}(icon: Icon(typ=BITMAP size=72x72) -> Icon(typ=BITMAP size=72x72))]
03-03 22:05:36.390  8386  8386 D QC_RIL_OEM_HOOK: Received Broadcast Intent ACTION_UNSOL_RESPONSE_OEM_HOOK_RAW
03-03 22:05:36.390  8386  8386 D QC_RIL_OEM_HOOK: Oem ID in QCRILHOOK UNSOL RESP is QOEMHOOK
03-03 22:05:36.437  3611  4798 I Telecom : : Sending phone-account intent as user
03-03 22:05:36.515  3611  3668 I Telecom : PhoneAccountRegistrar: [ComponentInfo{com.android.phone/com.android.services.telephony.TelephonyConnectionService}, [356a192b7913b04c54574d18c28d46e6395428ab], UserHandle{0}(icon: Icon(typ=BITMAP size=72x72) -> Icon(typ=BITMAP size=72x72))]
03-03 22:05:36.554  3611  3668 I Telecom : : Sending phone-account intent as user
03-03 22:05:36.588  3611  5697 I Telecom : PhoneAccountRegistrar: [ComponentInfo{com.android.phone/com.android.services.telephony.TelephonyConnectionService}, [356a192b7913b04c54574d18c28d46e6395428ab], UserHandle{0}(icon: Icon(typ=BITMAP size=72x72) -> Icon(typ=BITMAP size=72x72))]
03-03 22:05:36.627  3611  5697 I Telecom : : Sending phone-account intent as user
03-03 22:05:36.737  8386  8386 D QC_RIL_OEM_HOOK: Received Broadcast Intent ACTION_UNSOL_RESPONSE_OEM_HOOK_RAW
03-03 22:05:36.737  8386  8386 D QC_RIL_OEM_HOOK: Oem ID in QCRILHOOK UNSOL RESP is QOEMHOOK
03-03 22:05:36.748  8386  8386 D QC_RIL_OEM_HOOK: Received Broadcast Intent ACTION_UNSOL_RESPONSE_OEM_HOOK_RAW
03-03 22:05:36.748  8386  8386 D QC_RIL_OEM_HOOK: Oem ID in QCRILHOOK UNSOL RESP is QOEMHOOK
03-03 22:05:36.752  5699  6124 I chatty  : uid=1001(radio) DcSwitchStateMa expire 1 line
03-03 22:05:36.783  3611  3670 I chatty  : uid=1000(system) android.bg expire 107 lines
03-03 22:05:36.821  5699  6172 I chatty  : uid=1001(radio) Binder_5 expire 43 lines
03-03 22:05:36.938  3611  5714 I Telecom : PhoneAccountRegistrar: [ComponentInfo{com.android.phone/com.android.services.telephony.TelephonyConnectionService}, [356a192b7913b04c54574d18c28d46e6395428ab], UserHandle{0}(icon: Icon(typ=BITMAP size=72x72) -> Icon(typ=BITMAP size=72x72))]
03-03 22:05:36.974  3611  5714 I Telecom : : Sending phone-account intent as user
03-03 22:05:36.977  8919  8919 W ContextImpl: Calling a method in the system process without a qualified user: android.app.ContextImpl.sendBroadcast:771 android.content.ContextWrapper.sendBroadcast:396 com.android.dialer.adapter.CallLogAdapter.sendBroadcastToGestureService:463 com.android.dialer.adapter.CallLogAdapter.changeCursor:206 com.android.dialer.dial.CallLogFragment.onCallsFetched:212 
03-03 22:05:37.038  5699  5715 I chatty  : uid=1001(radio) Binder_1 expire 41 lines
03-03 22:05:37.058  8386  8386 D QC_RIL_OEM_HOOK: Received Broadcast Intent ACTION_UNSOL_RESPONSE_OEM_HOOK_RAW
03-03 22:05:37.058  8386  8386 D QC_RIL_OEM_HOOK: Oem ID in QCRILHOOK UNSOL RESP is QOEMHOOK
03-03 22:05:37.065  8386  8386 D QC_RIL_OEM_HOOK: Received Broadcast Intent ACTION_UNSOL_RESPONSE_OEM_HOOK_RAW
03-03 22:05:37.065  8386  8386 D QC_RIL_OEM_HOOK: Oem ID in QCRILHOOK UNSOL RESP is QOEMHOOK
03-03 22:05:37.283  8386  8386 D QC_RIL_OEM_HOOK: Received Broadcast Intent ACTION_UNSOL_RESPONSE_OEM_HOOK_RAW
03-03 22:05:37.283  8386  8386 D QC_RIL_OEM_HOOK: Oem ID in QCRILHOOK UNSOL RESP is QOEMHOOK
03-03 22:05:37.289  8386  8386 D QC_RIL_OEM_HOOK: Received Broadcast Intent ACTION_UNSOL_RESPONSE_OEM_HOOK_RAW
03-03 22:05:37.290  8386  8386 D QC_RIL_OEM_HOOK: Oem ID in QCRILHOOK UNSOL RESP is QOEMHOOK
03-03 22:05:37.455  3611  5657 I Telecom : PhoneAccountRegistrar: [ComponentInfo{com.android.phone/com.android.services.telephony.TelephonyConnectionService}, [356a192b7913b04c54574d18c28d46e6395428ab], UserHandle{0}(icon: Icon(typ=BITMAP size=72x72) -> Icon(typ=BITMAP size=72x72))]
03-03 22:05:37.502  3611  5657 I Telecom : : Sending phone-account intent as user
03-03 22:05:37.658  8386  8386 D QC_RIL_OEM_HOOK: Received Broadcast Intent ACTION_UNSOL_RESPONSE_OEM_HOOK_RAW
03-03 22:05:37.659  8386  8386 D QC_RIL_OEM_HOOK: Oem ID in QCRILHOOK UNSOL RESP is QOEMHOOK
03-03 22:05:37.666  8386  8386 D QC_RIL_OEM_HOOK: Received Broadcast Intent ACTION_UNSOL_RESPONSE_OEM_HOOK_RAW
03-03 22:05:37.666  8386  8386 D QC_RIL_OEM_HOOK: Oem ID in QCRILHOOK UNSOL RESP is QOEMHOOK
03-03 22:05:37.828  8386  8386 D QC_RIL_OEM_HOOK: Received Broadcast Intent ACTION_UNSOL_RESPONSE_OEM_HOOK_RAW
03-03 22:05:37.828  8386  8386 D QC_RIL_OEM_HOOK: Oem ID in QCRILHOOK UNSOL RESP is QOEMHOOK
03-03 22:05:37.856   730   829 I chatty  : uid=1001(radio) /system/bin/rild expire 14 lines
03-03 22:05:37.857   598   675 I chatty  : uid=1000(system) /system/bin/time_daemon expire 4 lines
03-03 22:05:37.858   598 19690 I chatty  : uid=1000(system) /system/bin/time_daemon expire 10 lines
03-03 22:05:37.862  8386  8386 D QC_RIL_OEM_HOOK: Received Broadcast Intent ACTION_UNSOL_RESPONSE_OEM_HOOK_RAW
03-03 22:05:37.863  8386  8386 D QC_RIL_OEM_HOOK: Oem ID in QCRILHOOK UNSOL RESP is QOEMHOOK
03-03 22:05:37.882   598 19691 I chatty  : uid=1000(system) /system/bin/time_daemon expire 10 lines
03-03 22:05:37.986  3611  5723 I Telecom : PhoneAccountRegistrar: [ComponentInfo{com.android.phone/com.android.services.telephony.TelephonyConnectionService}, [356a192b7913b04c54574d18c28d46e6395428ab], UserHandle{0}(icon: Icon(typ=BITMAP size=72x72) -> Icon(typ=BITMAP size=72x72))]
03-03 22:05:38.021  3611  5723 I Telecom : : Sending phone-account intent as user
03-03 22:05:38.510  8386  8386 D QC_RIL_OEM_HOOK: Received Broadcast Intent ACTION_UNSOL_RESPONSE_OEM_HOOK_RAW
03-03 22:05:38.511  8386  8386 D QC_RIL_OEM_HOOK: Oem ID in QCRILHOOK UNSOL RESP is QOEMHOOK
03-03 22:05:38.529  8386  8386 D QC_RIL_OEM_HOOK: Received Broadcast Intent ACTION_UNSOL_RESPONSE_OEM_HOOK_RAW
03-03 22:05:38.530  8386  8386 D QC_RIL_OEM_HOOK: Oem ID in QCRILHOOK UNSOL RESP is QOEMHOOK
03-03 22:05:38.665  5699  7018 I chatty  : uid=1001(radio) Binder_8 expire 38 lines
03-03 22:05:38.670   775   775 I MSM-irqbalance: Decided to move IRQ203 from CPU7 [P:0] to CPU3 [P:1] (banned)
03-03 22:05:38.671   775   775 I MSM-irqbalance: Decided to move IRQ200 from CPU7 [P:0] to CPU0 [P:1] (banned)
03-03 22:05:38.673  5699  5699 D MccTable: updateMccMncConfiguration mccmnc='46000' fromServiceState=true
03-03 22:05:38.678  5699  5699 D MccTable: updateMccMncConfiguration defaultMccMnc=
03-03 22:05:38.679  5699  5699 D MccTable: updateMccMncConfiguration: mcc=460, mnc=0
03-03 22:05:38.679  5699  5699 D MccTable: WIFI_COUNTRY_CODE set to cn
03-03 22:05:38.679  3611  5631 I WifiService: WifiService trying to set country code to cn with persist set to true
03-03 22:05:38.688  3611  5654 I chatty  : uid=1000(system) Binder_A expire 1 line
03-03 22:05:38.829  8919  8919 W ContextImpl: Calling a method in the system process without a qualified user: android.app.ContextImpl.sendBroadcast:771 android.content.ContextWrapper.sendBroadcast:396 com.android.dialer.adapter.CallLogAdapter.sendBroadcastToGestureService:463 com.android.dialer.adapter.CallLogAdapter.changeCursor:206 com.android.dialer.dial.CallLogFragment.onCallsFetched:212 
03-03 22:05:38.874  5699  6166 I chatty  : uid=1001(radio) Binder_4 expire 51 lines
03-03 22:05:39.119  3611  5644 I Telecom : PhoneAccountRegistrar: [ComponentInfo{com.android.phone/com.android.services.telephony.TelephonyConnectionService}, [356a192b7913b04c54574d18c28d46e6395428ab], UserHandle{0}(icon: Icon(typ=BITMAP size=72x72) -> Icon(typ=BITMAP size=72x72))]
03-03 22:05:39.159  3611  5644 I Telecom : : Sending phone-account intent as user
