03-03 22:05:39.856  3611  3669 I Telecom : PhoneAccountRegistrar: [ComponentInfo{com.android.phone/com.android.services.telephony.TelephonyConnectionService}, [356a192b7913b04c54574d18c28d46e6395428ab], UserHandle{0}(icon: Icon(typ=BITMAP size=72x72) -> Icon(typ=BITMAP size=72x72))]
03-03 22:05:39.893  3611  3669 I Telecom : : Sending phone-account intent as user
03-03 22:05:40.172  8386  8386 D QC_RIL_OEM_HOOK: Received Broadcast Intent ACTION_UNSOL_RESPONSE_OEM_HOOK_RAW
03-03 22:05:40.172  8386  8386 D QC_RIL_OEM_HOOK: Oem ID in QCRILHOOK UNSOL RESP is QOEMHOOK
03-03 22:05:40.181   578   597 E QCALOG  : [MessageQ] ProcessNewMessage: [XT-CS] unknown deliver target [XTWWAN-PE]
03-03 22:05:40.182  8386  8386 D QC_RIL_OEM_HOOK: Received Broadcast Intent ACTION_UNSOL_RESPONSE_OEM_HOOK_RAW
03-03 22:05:40.183  8386  8386 D QC_RIL_OEM_HOOK: Oem ID in QCRILHOOK UNSOL RESP is QOEMHOOK
03-03 22:05:40.237  5699  5699 D MccTable: updateMccMncConfiguration mccmnc='46002' fromServiceState=false
03-03 22:05:40.240  5699  5699 D MccTable: updateMccMncConfiguration defaultMccMnc=
03-03 22:05:40.240  5699  5699 D MccTable: updateMccMncConfiguration: mcc=460, mnc=2
03-03 22:05:40.240  5699  5699 D MccTable: updateMccMncConfiguration updateConfig config={1.0 460mcc2mnc ?locale ?layoutDir ?swdp ?wdp ?hdp ?density ?lsize ?long ?orien ?uimode ?night ?touch ?keyb/?/? ?nav/?}
03-03 22:05:40.533  8919  8919 W ContextImpl: Calling a method in the system process without a qualified user: android.app.ContextImpl.sendBroadcast:771 android.content.ContextWrapper.sendBroadcast:396 com.android.dialer.adapter.CallLogAdapter.sendBroadcastToGestureService:463 com.android.dialer.adapter.CallLogAdapter.changeCursor:206 com.android.dialer.dial.CallLogFragment.onCallsFetched:212 
03-03 22:05:40.557  8386  8386 D QC_RIL_OEM_HOOK: Received Broadcast Intent ACTION_UNSOL_RESPONSE_OEM_HOOK_RAW
03-03 22:05:40.557  8386  8386 D QC_RIL_OEM_HOOK: Oem ID in QCRILHOOK UNSOL RESP is QOEMHOOK
03-03 22:05:40.609  8919  8919 W ContextImpl: Calling a method in the system process without a qualified user: android.app.ContextImpl.sendBroadcast:771 android.content.ContextWrapper.sendBroadcast:396 com.android.dialer.adapter.CallLogAdapter.sendBroadcastToGestureService:463 com.android.dialer.adapter.CallLogAdapter.changeCursor:206 com.android.dialer.dial.CallLogFragment.onCallsFetched:212 
03-03 22:05:40.663  3611  5714 I Telecom : PhoneAccountRegistrar: [ComponentInfo{com.android.phone/com.android.services.telephony.TelephonyConnectionService}, [356a192b7913b04c54574d18c28d46e6395428ab], UserHandle{0}(icon: Icon(typ=BITMAP size=72x72) -> Icon(typ=BITMAP size=72x72))]
03-03 22:05:40.708  3611  5714 I Telecom : : Sending phone-account intent as user
03-03 22:05:40.912  3611  3669 I Telecom : PhoneAccountRegistrar: [ComponentInfo{com.android.phone/com.android.services.telephony.TelephonyConnectionService}, [356a192b7913b04c54574d18c28d46e6395428ab], UserHandle{0}(icon: Icon(typ=BITMAP size=72x72) -> Icon(typ=BITMAP size=72x72))]
03-03 22:05:40.963  3611  3669 I Telecom : : Sending phone-account intent as user
03-03 22:05:41.021  3611  3669 I ActivityManager: START u0 {dat=stk://com.android.stk/dialog/1488549941019 flg=0x10840000 cmp=com.android.stk/.StkDialogActivity (has extras)} from uid 1001 on display 0
03-03 22:05:41.027  7181  7184 E ANDR-PERF-MPCTL: Invalid profile no. 0, total profiles 0 only
03-03 22:05:41.074  6425  6425 I chatty  : uid=1000(system) com.qualcomm.telephony expire 28 lines
03-03 22:05:41.079  6425  6425 W ContextImpl: Calling a method in the system process without a qualified user: android.app.ContextImpl.startService:1229 android.content.ContextWrapper.startService:581 android.content.ContextWrapper.startService:581 com.qualcomm.simcontacts.SimStateReceiver.sendSimState:78 com.qualcomm.simcontacts.SimStateReceiver.onReceive:54 
03-03 22:05:41.084  3611  4798 I Telecom : PhoneAccountRegistrar: [ComponentInfo{com.android.phone/com.android.services.telephony.TelephonyConnectionService}, [356a192b7913b04c54574d18c28d46e6395428ab], UserHandle{0}(icon: Icon(typ=BITMAP size=72x72) -> Icon(typ=BITMAP size=72x72))]
03-03 22:05:41.109  3611  4798 I Telecom : : Sending phone-account intent as user
03-03 22:05:41.134  3611  5697 I Telecom : PhoneAccountRegistrar: [ComponentInfo{com.android.phone/com.android.services.telephony.TelephonyConnectionService}, [356a192b7913b04c54574d18c28d46e6395428ab], UserHandle{0}(icon: Icon(typ=BITMAP size=72x72) -> Icon(typ=BITMAP size=72x72))]
03-03 22:05:41.152  3611  5697 I Telecom : : Sending phone-account intent as user
03-03 22:05:41.208  8386  8386 D QC_RIL_OEM_HOOK: Received Broadcast Intent ACTION_UNSOL_RESPONSE_OEM_HOOK_RAW
03-03 22:05:41.208  8386  8386 D QC_RIL_OEM_HOOK: Oem ID in QCRILHOOK UNSOL RESP is QOEMHOOK
03-03 22:05:41.211  8386  8386 D QC_RIL_OEM_HOOK: Received Broadcast Intent ACTION_UNSOL_RESPONSE_OEM_HOOK_RAW
03-03 22:05:41.212  8386  8386 D QC_RIL_OEM_HOOK: Oem ID in QCRILHOOK UNSOL RESP is QOEMHOOK
03-03 22:05:41.363  8386  8386 D QC_RIL_OEM_HOOK: Received Broadcast Intent ACTION_UNSOL_RESPONSE_OEM_HOOK_RAW
03-03 22:05:41.364  8386  8386 D QC_RIL_OEM_HOOK: Oem ID in QCRILHOOK UNSOL RESP is QOEMHOOK
03-03 22:05:41.371  8386  8386 D QC_RIL_OEM_HOOK: Received Broadcast Intent ACTION_UNSOL_RESPONSE_OEM_HOOK_RAW
03-03 22:05:41.372  8386  8386 D QC_RIL_OEM_HOOK: Oem ID in QCRILHOOK UNSOL RESP is QOEMHOOK
03-03 22:05:41.546  8919  8919 W ContextImpl: Calling a method in the system process without a qualified user: android.app.ContextImpl.sendBroadcast:771 android.content.ContextWrapper.sendBroadcast:396 com.android.dialer.adapter.CallLogAdapter.sendBroadcastToGestureService:463 com.android.dialer.adapter.CallLogAdapter.changeCursor:206 com.android.dialer.dial.CallLogFragment.onCallsFetched:212 
03-03 22:05:41.615  6425  6425 W ContextImpl: Calling a method in the system process without a qualified user: android.app.ContextImpl.startService:1229 android.content.ContextWrapper.startService:581 android.content.ContextWrapper.startService:581 com.qualcomm.simcontacts.SimStateReceiver.sendSimState:78 com.qualcomm.simcontacts.SimStateReceiver.onReceive:54 
03-03 22:05:41.708  8919  8919 W ContextImpl: Calling a method in the system process without a qualified user: android.app.ContextImpl.sendBroadcast:771 android.content.ContextWrapper.sendBroadcast:396 com.android.dialer.adapter.CallLogAdapter.sendBroadcastToGestureService:463 com.android.dialer.adapter.CallLogAdapter.changeCursor:206 com.android.dialer.dial.CallLogFragment.onCallsFetched:212 
03-03 22:05:41.814  3611  5724 I Telecom : PhoneAccountRegistrar: [ComponentInfo{com.android.phone/com.android.services.telephony.TelephonyConnectionService}, [356a192b7913b04c54574d18c28d46e6395428ab], UserHandle{0}(addr: tel:************** -> tel:)(icon: Icon(typ=BITMAP size=72x72) -> Icon(typ=BITMAP size=72x72))(subAddr: tel:************** -> tel:)]
03-03 22:05:41.835  3611  5724 I Telecom : : Sending phone-account intent as user
03-03 22:05:41.938  3611  4798 I Telecom : PhoneAccountRegistrar: [ComponentInfo{com.android.phone/com.android.services.telephony.TelephonyConnectionService}, [356a192b7913b04c54574d18c28d46e6395428ab], UserHandle{0}(icon: Icon(typ=BITMAP size=72x72) -> Icon(typ=BITMAP size=72x72))]
03-03 22:05:41.959  3611  4798 I Telecom : : Sending phone-account intent as user
03-03 22:05:42.182  8919  8919 W ContextImpl: Calling a method in the system process without a qualified user: android.app.ContextImpl.sendBroadcast:771 android.content.ContextWrapper.sendBroadcast:396 com.android.dialer.adapter.CallLogAdapter.sendBroadcastToGestureService:463 com.android.dialer.adapter.CallLogAdapter.changeCursor:206 com.android.dialer.dial.CallLogFragment.onCallsFetched:212 
03-03 22:05:42.183  5699  5711 I chatty  : uid=1001(radio) FinalizerDaemon expire 13 lines
03-03 22:05:42.332   730   821 I chatty  : uid=1001(radio) /system/bin/rild expire 12 lines
03-03 22:05:42.376  4989  4989 D wpa_supplicant: nl80211: Ignore RTM_NEWLINK event for foreign ifindex 5
03-03 22:05:42.405   638   638 I chatty  : uid=1000(system) /system/bin/dpmd expire 60 lines
03-03 22:05:42.421   638 19808 I chatty  : uid=1000(system) /system/bin/dpmd expire 1 line
03-03 22:05:42.425   610   610 I chatty  : uid=1001(radio) /system/bin/qmuxd expire 36 lines
03-03 22:05:42.434  3611  5654 I Telecom : PhoneAccountRegistrar: [ComponentInfo{com.android.phone/com.android.services.telephony.TelephonyConnectionService}, [356a192b7913b04c54574d18c28d46e6395428ab], UserHandle{0}(icon: Icon(typ=BITMAP size=72x72) -> Icon(typ=BITMAP size=72x72))]
03-03 22:05:42.435   638 19817 I chatty  : uid=1000(system) /system/bin/dpmd expire 1 line
03-03 22:05:42.446   638 19824 I chatty  : uid=1000(system) /system/bin/dpmd expire 1 line
03-03 22:05:42.462  3611  5654 I Telecom : : Sending phone-account intent as user
03-03 22:05:42.465   638 19832 I chatty  : uid=1000(system) /system/bin/dpmd expire 1 line
03-03 22:05:42.478   638 19840 I chatty  : uid=1000(system) /system/bin/dpmd expire 1 line
03-03 22:05:42.486  3611  5267 I Telecom : PhoneAccountRegistrar: [ComponentInfo{com.android.phone/com.android.services.telephony.TelephonyConnectionService}, [356a192b7913b04c54574d18c28d46e6395428ab], UserHandle{0}(icon: Icon(typ=BITMAP size=72x72) -> Icon(typ=BITMAP size=72x72))]
03-03 22:05:42.489   638 19847 I chatty  : uid=1000(system) /system/bin/dpmd expire 1 line
03-03 22:05:42.531  3611  5267 I Telecom : : Sending phone-account intent as user
03-03 22:05:42.659  3611  5644 D ConnectivityService: registerNetworkAgent NetworkAgentInfo{ ni{[type: MOBILE[LTE], state: CONNECTED/CONNECTED, reason: connected, extra: cmnet, roaming: false, failover: false, isAvailable: true]}  network{109}  lp{{InterfaceName: rmnet_data0 LinkAddresses: [10.148.79.248/28,]  Routes: [0.0.0.0/0 -> 10.148.79.249 rmnet_data0,] DnsAddresses: [221.179.38.7,120.196.165.7,] Domains: null MTU: 1500 TcpBufferSizes: 2097152,4194304,8388608,262144,524288,1048576}}  nc{[ Transports: CELLULAR Capabilities: SUPL&INTERNET&NOT_RESTRICTED&TRUSTED&NOT_VPN LinkUpBandwidth>=51200Kbps LinkDnBandwidth>=102400Kbps Specifier: <1>]}  Score{10}  everValidated{false}  lastValidated{false}  created{false} lingering{false} explicitlySelected{false} acceptUnvalidated{false} everCaptivePortalDetected{false} lastCaptivePortalDetected{false} }
03-03 22:05:42.660  3611  4881 D ConnectivityService: NetworkAgentInfo [MOBILE (LTE) - 109] EVENT_NETWORK_INFO_CHANGED, going from null to CONNECTED
03-03 22:05:42.664  3611  4881 D ConnectivityService: Adding iface rmnet_data0 to network 109
03-03 22:05:42.686  3611  3669 I Telecom : PhoneAccountRegistrar: [ComponentInfo{com.android.phone/com.android.services.telephony.TelephonyConnectionService}, [356a192b7913b04c54574d18c28d46e6395428ab], UserHandle{0}(icon: Icon(typ=BITMAP size=72x72) -> Icon(typ=BITMAP size=72x72))]
03-03 22:05:42.710  3611  3669 I Telecom : : Sending phone-account intent as user
03-03 22:05:42.711  3611  4881 D ConnectivityService: Setting MTU size: rmnet_data0, 1500
03-03 22:05:42.714  3611  4881 D ConnectivityService: Adding Route [0.0.0.0/0 -> 10.148.79.249 rmnet_data0] to network 109
03-03 22:05:42.718  3611  4881 D ConnectivityService: Setting Dns servers for network 109 to [/221.179.38.7, /120.196.165.7]
03-03 22:05:42.737  3611  4881 I chatty  : uid=1000(system) ConnectivitySer expire 8 lines
03-03 22:05:42.746  3611  4881 D ConnectivityService: notifyType IP_CHANGED for NetworkAgentInfo [MOBILE (LTE) - 109]
03-03 22:05:42.759  5668  5858 I chatty  : uid=1000(system) Binder_3 expire 2 lines
03-03 22:05:42.767  3611  4881 D ConnectivityService: scheduleUnvalidatedPrompt 109
03-03 22:05:42.768  3611  4881 D ConnectivityService: updateSignalStrengthThresholds: CONNECT, sending [] to NetworkAgentInfo [MOBILE (LTE) - 109]
03-03 22:05:42.771  3611  4881 D ConnectivityService: rematch for NetworkAgentInfo [MOBILE (LTE) - 109]
03-03 22:05:42.771  3611  4881 D ConnectivityService:    accepting network in place of null
03-03 22:05:42.776  3611  4881 D ConnectivityService: Switching to new default network: NetworkAgentInfo{ ni{[type: MOBILE[LTE], state: CONNECTED/CONNECTED, reason: connected, extra: cmnet, roaming: false, failover: false, isAvailable: true]}  network{109}  lp{{InterfaceName: rmnet_data0 LinkAddresses: [10.148.79.248/28,]  Routes: [0.0.0.0/0 -> 10.148.79.249 rmnet_data0,] DnsAddresses: [221.179.38.7,120.196.165.7,] Domains: null MTU: 1500 TcpBufferSizes: 2097152,4194304,8388608,262144,524288,1048576}}  nc{[ Transports: CELLULAR Capabilities: SUPL&INTERNET&NOT_RESTRICTED&TRUSTED&NOT_VPN LinkUpBandwidth>=51200Kbps LinkDnBandwidth>=102400Kbps Specifier: <1>]}  Score{10}  everValidated{false}  lastValidated{false}  created{true} lingering{false} explicitlySelected{false} acceptUnvalidated{false} everCaptivePortalDetected{false} lastCaptivePortalDetected{false} }
03-03 22:05:42.836   534  1639 V IdletimerController: runCmd(/system/bin/ip6tables -w -t raw -A idletimer_raw_PREROUTING -i rmnet_data0 -j IDLETIMER --timeout 10 --label 0 --send_nl_msg 1) res_ipv4=0, res_ipv6=0
03-03 22:05:42.892   534  1639 V IdletimerController: runCmd(/system/bin/ip6tables -w -t mangle -A idletimer_mangle_POSTROUTING -o rmnet_data0 -j IDLETIMER --timeout 10 --label 0 --send_nl_msg 1) res_ipv4=0, res_ipv6=0
03-03 22:05:42.902  3611  4881 D CSLegacyTypeTracker: Sending CONNECTED broadcast for type 0 NetworkAgentInfo [MOBILE (LTE) - 109] isDefaultNetwork=true
03-03 22:05:42.902  3611  4881 D ConnectivityService: sendStickyBroadcast: action=android.net.conn.CONNECTIVITY_CHANGE
03-03 22:05:42.910 19298 19298 I chatty  : uid=10022(com.android.systemui) expire 340 lines
03-03 22:05:42.917  3611  4881 D ConnectivityService: notifyType PRECHECK for NetworkAgentInfo [MOBILE (LTE) - 109]
03-03 22:05:42.917  3611  3611 D PushService: ==== connectivity ....  action: android.net.conn.CONNECTIVITY_CHANGE
03-03 22:05:42.918  3611  3611 D PushService: ======= action Network connected =======
03-03 22:05:42.918  3611  3611 D PUSH Logger: ======== LOGGING handle ========
03-03 22:05:42.924  6093  6109 I chatty  : uid=1001(radio) QcRilReceiver expire 49 lines
03-03 22:05:42.932  5699  5699 I chatty  : uid=1001(radio) com.android.phone expire 445 lines
03-03 22:05:42.935  3611  4881 D ConnectivityService: setProvNotificationVisibleIntent null visible=false networkType=MOBILE extraInfo=null highPriority=false
03-03 22:05:42.936  3611  4881 D ConnectivityService: NetworkAgentInfo [MOBILE (LTE) - 109] validation  passed
03-03 22:05:42.936  3611  4881 D ConnectivityService: notifyType CAP_CHANGED for NetworkAgentInfo [MOBILE (LTE) - 109]
03-03 22:05:42.944  8226  8226 I chatty  : uid=1000(system) com.qualcomm.qti.modemtestmode expire 32 lines
03-03 22:05:42.945  5780  5780 I ContextImpl: com.iflytek.inputmethod
03-03 22:05:42.945  5780  5780 D ContextImpl: startServiceCommon mDisallowList: 7
03-03 22:05:42.952  3611  4881 D ConnectivityService: sendStickyBroadcast: action=android.net.conn.INET_CONDITION_ACTION
03-03 22:05:42.954  8386  8386 D QC_RIL_OEM_HOOK: Received Broadcast Intent ACTION_UNSOL_RESPONSE_OEM_HOOK_RAW
03-03 22:05:42.954  8386  8386 D QC_RIL_OEM_HOOK: Oem ID in QCRILHOOK UNSOL RESP is QOEMHOOK
03-03 22:05:42.959  5780  5780 I intercept: startService topPackname: com.ibingo.launcher3  currentPackname: com.iflytek.inputmethod
03-03 22:05:42.961  3611  4881 D ConnectivityService: Adding Route [::/0 -> fe80::2d1a:bdab:b27c:abe rmnet_data0] to network 109
03-03 22:05:42.963   534  1639 E Netd    : netlink response contains error (File exists)
03-03 22:05:42.964  8386  8386 D QC_RIL_OEM_HOOK: Received Broadcast Intent ACTION_UNSOL_RESPONSE_OEM_HOOK_RAW
03-03 22:05:42.965  8386  8386 D QC_RIL_OEM_HOOK: Oem ID in QCRILHOOK UNSOL RESP is QOEMHOOK
03-03 22:05:42.965  3611  4881 D ConnectivityService: Setting Dns servers for network 109 to [/221.179.38.7, /120.196.165.7, /2409:8089:ae00::2:1:10]
03-03 22:05:43.030  6425  6425 W ContextImpl: Calling a method in the system process without a qualified user: android.app.ContextImpl.startService:1229 android.content.ContextWrapper.startService:581 android.content.ContextWrapper.startService:581 com.qualcomm.simcontacts.SimStateReceiver.sendSimState:78 com.qualcomm.simcontacts.SimStateReceiver.onReceive:54 
03-03 22:05:43.105  8386  8386 D QC_RIL_OEM_HOOK: Received Broadcast Intent ACTION_UNSOL_RESPONSE_OEM_HOOK_RAW
03-03 22:05:43.105  8386  8386 D QC_RIL_OEM_HOOK: Oem ID in QCRILHOOK UNSOL RESP is QOEMHOOK
03-03 22:05:43.119  8386  8386 D QC_RIL_OEM_HOOK: Received Broadcast Intent ACTION_UNSOL_RESPONSE_OEM_HOOK_RAW
03-03 22:05:43.119  8386  8386 D QC_RIL_OEM_HOOK: Oem ID in QCRILHOOK UNSOL RESP is QOEMHOOK
03-03 22:05:43.457  5668  5686 I chatty  : uid=1000(system) Binder_1 expire 1 line
03-03 22:05:43.481  3611  4881 D ConnectivityService: notifyType IP_CHANGED for NetworkAgentInfo [MOBILE (LTE) - 109]
03-03 22:05:43.565  8919  8919 W ContextImpl: Calling a method in the system process without a qualified user: android.app.ContextImpl.sendBroadcast:771 android.content.ContextWrapper.sendBroadcast:396 com.android.dialer.adapter.CallLogAdapter.sendBroadcastToGestureService:463 com.android.dialer.adapter.CallLogAdapter.changeCursor:206 com.android.dialer.dial.CallLogFragment.onCallsFetched:212 
03-03 22:05:43.659  3611  5187 W ContextImpl: Calling a method in the system process without a qualified user: android.app.ContextImpl.sendBroadcast:771 android.content.ContextWrapper.sendBroadcast:396 com.android.server.telecom.PhoneAccountRegistrar.fireDefaultOutgoingChanged:616 com.android.server.telecom.PhoneAccountRegistrar.setUserSelectedOutgoingPhoneAccount:261 com.android.server.telecom.TelecomServiceImpl$1.setUserSelectedOutgoingPhoneAccount:123 
03-03 22:05:43.671   775   775 I MSM-irqbalance: Decided to move IRQ200 from CPU6 [P:0] to CPU3 [P:1] (banned)
03-03 22:05:43.672   775   775 I MSM-irqbalance: Decided to move IRQ203 from CPU6 [P:0] to CPU0 [P:1] (banned)
03-03 22:05:43.690  5699  5699 D MccTable: updateMccMncConfiguration mccmnc='46002' fromServiceState=false
03-03 22:05:43.693  5699  5699 D MccTable: updateMccMncConfiguration defaultMccMnc=46002
03-03 22:05:43.693  5699  5699 D MccTable: updateMccMncConfiguration: mcc=460, mnc=2
03-03 22:05:43.693  5699  5699 D MccTable: updateMccMncConfiguration updateConfig config={1.0 460mcc2mnc ?locale ?layoutDir ?swdp ?wdp ?hdp ?density ?lsize ?long ?orien ?uimode ?night ?touch ?keyb/?/? ?nav/?}
03-03 22:05:43.867  8919  8919 W ContextImpl: Calling a method in the system process without a qualified user: android.app.ContextImpl.sendBroadcast:771 android.content.ContextWrapper.sendBroadcast:396 com.android.dialer.adapter.CallLogAdapter.sendBroadcastToGestureService:463 com.android.dialer.adapter.CallLogAdapter.changeCursor:206 com.android.dialer.dial.CallLogFragment.onCallsFetched:212 
03-03 22:05:43.962  3611  5657 D ConnectivityService: setProvNotificationVisible: E visible=false networkType=0 action=com.android.internal.telephony.PROVISION1
03-03 22:05:43.964  3611  5657 D ConnectivityService: setProvNotificationVisibleIntent SIGN_IN visible=false networkType=MOBILE extraInfo=null highPriority=false
03-03 22:05:43.979  8591  8591 I chatty  : uid=1000(system) org.simalliance.openmobileapi.service:remote expire 1 line
03-03 22:05:44.004  8919  8919 W ContextImpl: Calling a method in the system process without a qualified user: android.app.ContextImpl.sendBroadcast:771 android.content.ContextWrapper.sendBroadcast:396 com.android.dialer.adapter.CallLogAdapter.sendBroadcastToGestureService:463 com.android.dialer.adapter.CallLogAdapter.changeCursor:206 com.android.dialer.dial.CallLogFragment.onCallsFetched:212 
03-03 22:05:44.087  8919  8919 W ContextImpl: Calling a method in the system process without a qualified user: android.app.ContextImpl.sendBroadcast:771 android.content.ContextWrapper.sendBroadcast:396 com.android.dialer.adapter.CallLogAdapter.sendBroadcastToGestureService:463 com.android.dialer.adapter.CallLogAdapter.changeCursor:206 com.android.dialer.dial.CallLogFragment.onCallsFetched:212 
03-03 22:05:44.100  3611  5266 I Telecom : PhoneAccountRegistrar: [ComponentInfo{com.android.phone/com.android.services.telephony.TelephonyConnectionService}, [356a192b7913b04c54574d18c28d46e6395428ab], UserHandle{0}(icon: Icon(typ=BITMAP size=72x72) -> Icon(typ=BITMAP size=72x72))]
03-03 22:05:44.156  3611  5266 I Telecom : : Sending phone-account intent as user
03-03 22:05:44.218   540  3572 I chatty  : uid=1013(media) AudioOut_2 expire 116 lines
03-03 22:05:44.390  3611  5631 W ActivityManager: Finishing task with all activities already finished
03-03 22:05:44.391  3611  5631 W ActivityManager: Duplicate finish request for ActivityRecord{5b03bb7 u0 com.android.stk/.StkDialogActivity t27 f}
03-03 22:05:44.611  4989  4989 D wpa_supplicant: wlan0: Control interface command 'SET pno 0'
03-03 22:05:44.611  4989  4989 D wpa_supplicant: CTRL_IFACE SET 'pno'='0'
03-03 22:05:44.611  4989  4989 D wpa_supplicant: CTRL-DEBUG: global_ctrl_sock-sendto: sock=11 sndbuf=212992 outq=0 send_len=3
03-03 22:05:44.613  4989  4989 D wpa_supplicant: wlan0: Control interface command 'SCAN TYPE=ONLY'
03-03 22:05:44.613  4989  4989 D wpa_supplicant: wlan0: Setting scan request: 0.000000 sec
03-03 22:05:44.614  4989  4989 D wpa_supplicant: CTRL-DEBUG: global_ctrl_sock-sendto: sock=11 sndbuf=212992 outq=0 send_len=3
03-03 22:05:44.614  4989  4989 D wpa_supplicant: wlan0: Starting AP scan for wildcard SSID
03-03 22:05:44.614  4989  4989 D wpa_supplicant: wlan0: Add radio work 'scan'@0x55781c58a0
03-03 22:05:44.614  4989  4989 D wpa_supplicant: wlan0: First radio work item in the queue - schedule start immediately
03-03 22:05:44.614  4989  4989 D wpa_supplicant: wlan0: Starting radio work 'scan'@0x55781c58a0 after 0.000072 second wait
03-03 22:05:44.614  4989  4989 D wpa_supplicant: wlan0: nl80211: scan request
03-03 22:05:44.614  4989  4989 D wpa_supplicant: nl80211: Scan SSID - hexdump(len=0): [NULL]
03-03 22:05:44.614  4989  4989 D wpa_supplicant: nl80211: Scan extra IEs - hexdump(len=7): 7f 05 00 00 0a 02 01
03-03 22:05:44.615  4989  4989 D wpa_supplicant: Scan requested (ret=0) - scan timeout 30 seconds
03-03 22:05:44.615  4989  4989 D wpa_supplicant: nl80211: Event message available
03-03 22:05:44.615  4989  4989 D wpa_supplicant: nl80211: Drv Event 33 (NL80211_CMD_TRIGGER_SCAN) received for wlan0
03-03 22:05:44.615  4989  4989 D wpa_supplicant: wlan0: nl80211: Scan trigger
03-03 22:05:44.615  4989  4989 D wpa_supplicant: wlan0: Event SCAN_STARTED (47) received
03-03 22:05:44.615  4989  4989 D wpa_supplicant: wlan0: Own scan request started a scan in 0.000209 seconds
03-03 22:05:44.615  4989  4989 D wpa_supplicant: CTRL-DEBUG: ctrl_sock-sendmsg: sock=11 sndbuf=212992 outq=0 send_len=24
03-03 22:05:44.616  4989  4989 D wpa_supplicant: CTRL_IFACE monitor sent successfully to /data/misc/wifi/sockets/wpa_ctrl_3611-2\x00
03-03 22:05:44.651  3611  5698 I Telecom : PhoneAccountRegistrar: [ComponentInfo{com.android.phone/com.android.services.telephony.TelephonyConnectionService}, [356a192b7913b04c54574d18c28d46e6395428ab], UserHandle{0}(icon: Icon(typ=BITMAP size=72x72) -> Icon(typ=BITMAP size=72x72))(lbl:  -> CARD 2)]
03-03 22:05:44.706  3611  5698 I Telecom : : Sending phone-account intent as user
03-03 22:05:44.787  3611  3671 W ActivityManager: Activity pause timeout for ActivityRecord{5b03bb7 u0 com.android.stk/.StkDialogActivity t27 f}
03-03 22:05:44.941  7977  7977 I cc      : invalidateMissedCallCount mMisseCallCount:0
03-03 22:05:44.966  3611  5267 I Telecom : PhoneAccountRegistrar: [ComponentInfo{com.android.phone/com.android.services.telephony.TelephonyConnectionService}, [356a192b7913b04c54574d18c28d46e6395428ab], UserHandle{0}(icon: Icon(typ=BITMAP size=72x72) -> Icon(typ=BITMAP size=72x72))]
03-03 22:05:45.011  6093  6111 I chatty  : uid=1001(radio) QcRilReceiver expire 53 lines
03-03 22:05:45.015   638 19923 I chatty  : uid=1000(system) /system/bin/dpmd expire 1 line
03-03 22:05:45.017  3611  5267 I Telecom : : Sending phone-account intent as user
03-03 22:05:45.027  8386  8386 D QC_RIL_OEM_HOOK: Received Broadcast Intent ACTION_UNSOL_RESPONSE_OEM_HOOK_RAW
03-03 22:05:45.027  8386  8386 D QC_RIL_OEM_HOOK: Oem ID in QCRILHOOK UNSOL RESP is QOEMHOOK
03-03 22:05:45.035   638 19933 I chatty  : uid=1000(system) /system/bin/dpmd expire 1 line
03-03 22:05:45.052   638 19939 I chatty  : uid=1000(system) /system/bin/dpmd expire 1 line
03-03 22:05:45.081   638 19946 I chatty  : uid=1000(system) /system/bin/dpmd expire 1 line
03-03 22:05:45.097   638 19954 I chatty  : uid=1000(system) /system/bin/dpmd expire 1 line
03-03 22:05:45.104  7977  7977 I cc      : invalidateUnreadSmsCount mUnreadSmsCount:0
03-03 22:05:45.113   638 19961 I chatty  : uid=1000(system) /system/bin/dpmd expire 1 line
03-03 22:05:45.221  9240  9287 W DpmTcmClient: read failed bytes countRead: -1
03-03 22:05:45.236   638 19972 I chatty  : uid=1000(system) /system/bin/dpmd expire 1 line
03-03 22:05:45.252   638 19980 I chatty  : uid=1000(system) /system/bin/dpmd expire 1 line
03-03 22:05:45.269   638 19987 I chatty  : uid=1000(system) /system/bin/dpmd expire 1 line
03-03 22:05:45.293   638 19994 I chatty  : uid=1000(system) /system/bin/dpmd expire 1 line
03-03 22:05:45.297  3611  5724 I Telecom : PhoneAccountRegistrar: [ComponentInfo{com.android.phone/com.android.services.telephony.TelephonyConnectionService}, [356a192b7913b04c54574d18c28d46e6395428ab], UserHandle{0}(icon: Icon(typ=BITMAP size=72x72) -> Icon(typ=BITMAP size=72x72))]
03-03 22:05:45.310   638 20002 I chatty  : uid=1000(system) /system/bin/dpmd expire 1 line
03-03 22:05:45.323   638 20009 I chatty  : uid=1000(system) /system/bin/dpmd expire 1 line
03-03 22:05:45.346  3611  5724 I Telecom : : Sending phone-account intent as user
03-03 22:05:45.528  3611  5628 I Telecom : PhoneAccountRegistrar: [ComponentInfo{com.android.phone/com.android.services.telephony.TelephonyConnectionService}, [356a192b7913b04c54574d18c28d46e6395428ab], UserHandle{0}(icon: Icon(typ=BITMAP size=72x72) -> Icon(typ=BITMAP size=72x72))]
03-03 22:05:45.578  3611  5628 I Telecom : : Sending phone-account intent as user
03-03 22:05:45.754  4989  4989 D wpa_supplicant: nl80211: Event message available
03-03 22:05:45.754  4989  4989 D wpa_supplicant: nl80211: Drv Event 34 (NL80211_CMD_NEW_SCAN_RESULTS) received for wlan0
03-03 22:05:45.754  4989  4989 D wpa_supplicant: wlan0: nl80211: New scan results available
03-03 22:05:45.754  4989  4989 D wpa_supplicant: nl80211: Scan included frequencies: 2412 2417 2422 2427 2432 2437 2442 2447 2452 2457 2462 2467 2472 5180 5200 5220 5240 5260 5280 5300 5320 5745 5765 5785 5805 5825
03-03 22:05:45.754  4989  4989 D wpa_supplicant: wlan0: Event SCAN_RESULTS (3) received
03-03 22:05:45.754  4989  4989 D wpa_supplicant: wlan0: Scan completed in 1.139158 seconds
03-03 22:05:45.755  4989  4989 D wpa_supplicant: nl80211: Received scan results (10 BSSes)
03-03 22:05:45.755  4989  4989 D wpa_supplicant: wlan0: BSS: Start scan result update 58
03-03 22:05:45.755  4989  4989 D wpa_supplicant: BSS: last_scan_res_used=10/32
03-03 22:05:45.755  4989  4989 D wpa_supplicant: wlan0: Scan-only results received
03-03 22:05:45.755  4989  4989 D wpa_supplicant: CTRL-DEBUG: ctrl_sock-sendmsg: sock=11 sndbuf=212992 outq=0 send_len=24
03-03 22:05:45.755  4989  4989 D wpa_supplicant: CTRL_IFACE monitor sent successfully to /data/misc/wifi/sockets/wpa_ctrl_3611-2\x00
03-03 22:05:45.755  4989  4989 D wpa_supplicant: wlan0: Radio work 'scan'@0x55781c58a0 done in 1.141470 seconds
03-03 22:05:45.779  4989  4989 D wpa_supplicant: CTRL-DEBUG: global_ctrl_sock-sendto: sock=11 sndbuf=212992 outq=0 send_len=3542
03-03 22:05:45.783  4989  4989 D wpa_supplicant: CTRL-DEBUG: global_ctrl_sock-sendto: sock=11 sndbuf=212992 outq=0 send_len=3373
03-03 22:05:45.786  4989  4989 D wpa_supplicant: CTRL-DEBUG: global_ctrl_sock-sendto: sock=11 sndbuf=212992 outq=0 send_len=1858
03-03 22:05:45.816  4989  4989 D wpa_supplicant: EAPOL: EAP Session-Id not available
03-03 22:05:45.816  4989  4989 D wpa_supplicant: CTRL-DEBUG: global_ctrl_sock-sendto: sock=11 sndbuf=212992 outq=0 send_len=124
03-03 22:05:46.140  8386  8386 D QC_RIL_OEM_HOOK: Received Broadcast Intent ACTION_UNSOL_RESPONSE_OEM_HOOK_RAW
03-03 22:05:46.140  8386  8386 D QC_RIL_OEM_HOOK: Oem ID in QCRILHOOK UNSOL RESP is QOEMHOOK
03-03 22:05:46.158  8386  8386 D QC_RIL_OEM_HOOK: Received Broadcast Intent ACTION_UNSOL_RESPONSE_OEM_HOOK_RAW
03-03 22:05:46.159  8386  8386 D QC_RIL_OEM_HOOK: Oem ID in QCRILHOOK UNSOL RESP is QOEMHOOK
03-03 22:05:46.214 16311 16311 D CellBroadcastReceiver: onReceive Intent { act=android.intent.action.SERVICE_STATE flg=0x10 cmp=com.android.cellbroadcastreceiver/.CellBroadcastReceiver (has extras) }
03-03 22:05:46.214 16311 16311 D CellBroadcastReceiver: Intent ACTION_SERVICE_STATE_CHANGED
03-03 22:05:46.215 16311 16311 D CellBroadcastReceiver: subscriptionId = 1
03-03 22:05:46.234  3611  5698 I Telecom : PhoneAccountRegistrar: [ComponentInfo{com.android.phone/com.android.services.telephony.TelephonyConnectionService}, [356a192b7913b04c54574d18c28d46e6395428ab], UserHandle{0}(icon: Icon(typ=BITMAP size=72x72) -> Icon(typ=BITMAP size=72x72))]
03-03 22:05:46.250 16311 16311 D CellBroadcastReceiver: Service state changed! 0 Full: 0 0 voice home data home CMCC CMCC 46000 CMCC CMCC 46000  LTE LTE CSS not supported -1 -1 RoamInd=-1 DefRoamInd=-1 EmergOnly=false IsDataRoamingFromRegistration=false Current state=1
03-03 22:05:46.260 16311 16311 I ContextImpl: com.iflytek.inputmethod
03-03 22:05:46.260 16311 16311 D ContextImpl: startServiceCommon mDisallowList: 7
03-03 22:05:46.262 16311 16311 I intercept: startService topPackname: com.ibingo.launcher3  currentPackname: com.android.cellbroadcastreceiver
03-03 22:05:46.271  3611  5698 I Telecom : : Sending phone-account intent as user
03-03 22:05:46.294  3611  5654 W ActivityManager: Finishing task with all activities already finished
03-03 22:05:46.294  3611  5654 W ActivityManager: Duplicate finish request for ActivityRecord{5b03bb7 u0 com.android.stk/.StkDialogActivity t27 f}
03-03 22:05:46.346  3611  4798 I Telecom : PhoneAccountRegistrar: [ComponentInfo{com.android.phone/com.android.services.telephony.TelephonyConnectionService}, [356a192b7913b04c54574d18c28d46e6395428ab], UserHandle{0}(icon: Icon(typ=BITMAP size=72x72) -> Icon(typ=BITMAP size=72x72))]
03-03 22:05:46.384  3611  4798 I Telecom : : Sending phone-account intent as user
03-03 22:05:46.405 16311 20038 D CellBroadcastConfigService: enabling emergency cell broadcast channels
03-03 22:05:46.409  3611  5723 I Telecom : PhoneAccountRegistrar: [ComponentInfo{com.android.phone/com.android.services.telephony.TelephonyConnectionService}, [356a192b7913b04c54574d18c28d46e6395428ab], UserHandle{0}(icon: Icon(typ=BITMAP size=72x72) -> Icon(typ=BITMAP size=72x72))]
03-03 22:05:46.452  3611  5723 I Telecom : : Sending phone-account intent as user
03-03 22:05:46.485  3611  5187 I Telecom : PhoneAccountRegistrar: [ComponentInfo{com.android.phone/com.android.services.telephony.TelephonyConnectionService}, [356a192b7913b04c54574d18c28d46e6395428ab], UserHandle{0}(icon: Icon(typ=BITMAP size=72x72) -> Icon(typ=BITMAP size=72x72))]
03-03 22:05:46.524  3611  5187 I Telecom : : Sending phone-account intent as user
03-03 22:05:46.574  3611  3611 I Telecom : PhoneAccountRegistrar: SimCallManager queried, returning: null
03-03 22:05:46.685  8386  8386 D QC_RIL_OEM_HOOK: Received Broadcast Intent ACTION_UNSOL_RESPONSE_OEM_HOOK_RAW
03-03 22:05:46.686  8386  8386 D QC_RIL_OEM_HOOK: Oem ID in QCRILHOOK UNSOL RESP is QOEMHOOK
03-03 22:05:46.699  8386  8386 D QC_RIL_OEM_HOOK: Received Broadcast Intent ACTION_UNSOL_RESPONSE_OEM_HOOK_RAW
03-03 22:05:46.699  8386  8386 D QC_RIL_OEM_HOOK: Oem ID in QCRILHOOK UNSOL RESP is QOEMHOOK
03-03 22:05:46.765  8386  8386 D QC_RIL_OEM_HOOK: Received Broadcast Intent ACTION_UNSOL_RESPONSE_OEM_HOOK_RAW
03-03 22:05:46.766  8386  8386 D QC_RIL_OEM_HOOK: Oem ID in QCRILHOOK UNSOL RESP is QOEMHOOK
03-03 22:05:46.781  8386  8386 D QC_RIL_OEM_HOOK: Received Broadcast Intent ACTION_UNSOL_RESPONSE_OEM_HOOK_RAW
03-03 22:05:46.782  8386  8386 D QC_RIL_OEM_HOOK: Oem ID in QCRILHOOK UNSOL RESP is QOEMHOOK
03-03 22:05:46.852  8386  8386 D QC_RIL_OEM_HOOK: Received Broadcast Intent ACTION_UNSOL_RESPONSE_OEM_HOOK_RAW
03-03 22:05:46.852  8386  8386 D QC_RIL_OEM_HOOK: Oem ID in QCRILHOOK UNSOL RESP is QOEMHOOK
03-03 22:05:46.865  8386  8386 D QC_RIL_OEM_HOOK: Received Broadcast Intent ACTION_UNSOL_RESPONSE_OEM_HOOK_RAW
03-03 22:05:46.865  8386  8386 D QC_RIL_OEM_HOOK: Oem ID in QCRILHOOK UNSOL RESP is QOEMHOOK
03-03 22:05:46.907  5699  6539 I chatty  : uid=1001(radio) IFMsg_Rxr expire 67 lines
03-03 22:05:46.929  8386  8386 D QC_RIL_OEM_HOOK: Received Broadcast Intent ACTION_UNSOL_RESPONSE_OEM_HOOK_RAW
03-03 22:05:46.929  8386  8386 D QC_RIL_OEM_HOOK: Oem ID in QCRILHOOK UNSOL RESP is QOEMHOOK
03-03 22:05:46.943  8386  8386 D QC_RIL_OEM_HOOK: Received Broadcast Intent ACTION_UNSOL_RESPONSE_OEM_HOOK_RAW
03-03 22:05:46.944  8386  8386 D QC_RIL_OEM_HOOK: Oem ID in QCRILHOOK UNSOL RESP is QOEMHOOK
03-03 22:05:46.961  8386  8386 D QC_RIL_OEM_HOOK: Received Broadcast Intent ACTION_UNSOL_RESPONSE_OEM_HOOK_RAW
03-03 22:05:46.962  8386  8386 D QC_RIL_OEM_HOOK: Oem ID in QCRILHOOK UNSOL RESP is QOEMHOOK
03-03 22:05:47.158  5699  6541 I chatty  : uid=1001(radio) ImsConfigImplHa expire 22 lines
03-03 22:05:47.329 16311 16311 D CellBroadcastReceiver: onReceive Intent { act=android.intent.action.SERVICE_STATE flg=0x10 cmp=com.android.cellbroadcastreceiver/.CellBroadcastReceiver (has extras) }
03-03 22:05:47.329 16311 16311 D CellBroadcastReceiver: Intent ACTION_SERVICE_STATE_CHANGED
03-03 22:05:47.330 16311 16311 D CellBroadcastReceiver: subscriptionId = 2147483643
03-03 22:05:47.360 16311 16311 E CellBroadcastReceiver: subId is not active:2147483643
03-03 22:05:47.393  3611  4881 D ConnectivityService: notifyType CAP_CHANGED for NetworkAgentInfo [MOBILE (LTE) - 109]
03-03 22:05:47.401  3611  4881 D ConnectivityService: Setting tx/rx TCP buffers to 4093,26280,35040,4096,16384,35040
03-03 22:05:47.418  5668  5688 I chatty  : uid=1000(system) Binder_2 expire 1 line
03-03 22:05:47.430  3611  4881 D ConnectivityService: notifyType IP_CHANGED for NetworkAgentInfo [MOBILE (EDGE) - 109]
03-03 22:05:47.532   578   597 E QCALOG  : [MessageQ] ProcessNewMessage: [XT-CS] unknown deliver target [XTWWAN-PE]
03-03 22:05:47.546  5699  7556 I chatty  : uid=1001(radio) Binder_9 expire 30 lines
03-03 22:05:47.549  5699  6172 I chatty  : uid=1001(radio) Binder_5 expire 29 lines
03-03 22:05:47.603  5699 10799 I chatty  : uid=1001(radio) Binder_A expire 28 lines
03-03 22:05:47.634  5699  6186 I chatty  : uid=1001(radio) Binder_6 expire 32 lines
03-03 22:05:47.650 16311 16311 D CellBroadcastReceiver: onReceive Intent { act=android.intent.action.internal_sim_state_changed flg=0x24000010 cmp=com.android.cellbroadcastreceiver/.CellBroadcastReceiver (has extras) }
03-03 22:05:47.653  5699  5716 I chatty  : uid=1001(radio) Binder_2 expire 19 lines
03-03 22:05:47.673  5699  6571 I chatty  : uid=1001(radio) Binder_7 expire 17 lines
03-03 22:05:47.700 19298 19351 I chatty  : uid=10022(com.android.systemui) QSTileHost expire 12 lines
03-03 22:05:47.712  5699  5715 I chatty  : uid=1001(radio) Binder_1 expire 26 lines
03-03 22:05:47.727 16311 16311 I ContextImpl: com.iflytek.inputmethod
03-03 22:05:47.727 16311 16311 D ContextImpl: startServiceCommon mDisallowList: 7
03-03 22:05:47.733 16311 16311 I intercept: startService topPackname: com.ibingo.launcher3  currentPackname: com.android.cellbroadcastreceiver
03-03 22:05:47.905 17720 17720 D RCS_UI  : isRcsEnabled(): false
03-03 22:05:47.907  5699  6019 I chatty  : uid=1001(radio) Binder_3 expire 16 lines
03-03 22:05:47.934  7528  7528 I ContextImpl: com.iflytek.inputmethod
03-03 22:05:47.934  7528  7528 D ContextImpl: startServiceCommon mDisallowList: 7
03-03 22:05:47.938 16311 20038 D CellBroadcastConfigService: enabled emergency cell broadcast channels
03-03 22:05:47.938  7528  7528 I intercept: startService topPackname: com.ibingo.launcher3  currentPackname: com.android.providers.downloads
03-03 22:05:47.955 17746 17746 D GlobalSettingsHelper: USE_LEBIAN=true
03-03 22:05:47.955 17746 17746 D BGReceiver: BGReceiver onReceive enter, action=android.net.conn.CONNECTIVITY_CHANGE
03-03 22:05:47.977 18956 18956 D NotificationReceiver: NotificationReceiver onReceive enter()
03-03 22:05:47.994  8738  8738 D ConnectivityManager: getMobileDataEnabled()+ subId=1
03-03 22:05:47.997  8738  8738 D ConnectivityManager: getMobileDataEnabled()- subId=1 retVal=true
03-03 22:05:48.012  8738  8738 I ContextImpl: com.iflytek.inputmethod
03-03 22:05:48.012  8738  8738 D ContextImpl: startServiceCommon mDisallowList: 7
03-03 22:05:48.014  8738  8738 I intercept: startService topPackname: com.ibingo.launcher3  currentPackname: com.android.mms
03-03 22:05:48.025  8738  8738 D Mms-debug: Creating TransactionService
03-03 22:05:48.031  8738 20118 D Mms-debug: Handling incoming message: { when=-1ms what=5 arg1=1 obj=Intent { cmp=com.android.mms/.transaction.TransactionService } target=com.android.mms.transaction.TransactionService$ServiceHandler } = EVENT_NEW_INTENT
03-03 22:05:48.032 18976 18976 I chatty  : uid=1000(system) com.qucii.usercenter expire 2 lines
03-03 22:05:48.052 16311 20038 D CellBroadcastConfigService: enabling cell broadcast channel 50
03-03 22:05:48.075  9240  9240 I ContextImpl: com.iflytek.inputmethod
03-03 22:05:48.076  9240  9240 D ContextImpl: startServiceCommon mDisallowList: 7
03-03 22:05:48.077  9240  9240 I intercept: startService topPackname: com.ibingo.launcher3  currentPackname: com.browser_llqhz
03-03 22:05:48.092  9240  9240 V DownloadManager: Service onCreate
03-03 22:05:48.096 16311 20038 D CellBroadcastConfigService: enabling cell broadcast channel 60
03-03 22:05:48.099  9240  9240 V DownloadManager: Service onStart
03-03 22:05:48.105  9240 20123 V DownloadManager: starting query, database is not null; projection[0] is _id; selection is status >= '200'; selectionArgs is null; sort is lastmod.
03-03 22:05:48.108  9240 20123 V DownloadManager: created cursor com.browser2345.downloadprovider.downloads.DownloadProvider$b@7eb6c3e on behalf of 9240
03-03 22:05:48.111  8738 20118 D Mms-debug: onNewIntent: serviceId: 1: null intent=Intent { cmp=com.android.mms/.transaction.TransactionService }
03-03 22:05:48.121  9240 20123 V DownloadManager: starting query, database is not null; projection is null; selection is null; selectionArgs is null; sort is null.
03-03 22:05:48.126  9240 20123 V DownloadManager: created cursor com.browser2345.downloadprovider.downloads.DownloadProvider$b@2c2a9f on behalf of 9240
03-03 22:05:48.146 16311 20038 D CellBroadcastConfigService: enabled cell broadcast channel 60
03-03 22:05:48.158 16311 20038 D CellBroadcastConfigService: disabling channels 919-928
03-03 22:05:48.192 16311 20038 D CellBroadcastConfigService: disabling cell broadcast ETWS test messages
03-03 22:05:48.220  8738 20118 D Mms-debug: Cursor= >>>>> Dumping cursor android.content.ContentResolver$CursorWrapperInner@2cbd256
03-03 22:05:48.220  8738 20118 D Mms-debug: <<<<<
03-03 22:05:48.220  8738 20118 D Mms-debug: onNewIntent: cursor.count=0 action=null
03-03 22:05:48.220  8738 20118 D Mms-debug: onNewIntent: no pending messages. Stopping service.
03-03 22:05:48.241  9240  9240 V DownloadManager: Service onDestroy
03-03 22:05:48.259 18994 18994 I chatty  : uid=1000(system) com.qualcomm.qti.logkit expire 2 lines
03-03 22:05:48.266  8738 20118 D Mms-debug: stopSelfIfIdle: STOP!
03-03 22:05:48.280  8738  8738 D Mms-debug: Destroying TransactionService
03-03 22:05:48.299  8738 20118 D Mms-debug: Handling incoming message: { when=-18ms what=100 target=com.android.mms.transaction.TransactionService$ServiceHandler } = EVENT_QUIT
03-03 22:05:48.369 16311 20038 D CellBroadcastConfigService: enabling emergency cell broadcast channels
03-03 22:05:48.499  6425  6425 W ContextImpl: Calling a method in the system process without a qualified user: android.app.ContextImpl.startService:1229 android.content.ContextWrapper.startService:581 android.content.ContextWrapper.startService:581 com.qualcomm.simcontacts.SimStateReceiver.sendSimState:78 com.qualcomm.simcontacts.SimStateReceiver.onReceive:54 
03-03 22:05:48.542 18833 18833 I chatty  : uid=1001(radio) org.codeaurora.ims expire 1 line
03-03 22:05:48.664 16311 16311 D CellBroadcastReceiver: onReceive Intent { act=android.intent.action.SERVICE_STATE flg=0x10 cmp=com.android.cellbroadcastreceiver/.CellBroadcastReceiver (has extras) }
03-03 22:05:48.664 16311 16311 D CellBroadcastReceiver: Intent ACTION_SERVICE_STATE_CHANGED
03-03 22:05:48.665 16311 16311 D CellBroadcastReceiver: subscriptionId = 1
03-03 22:05:48.671   775   775 I MSM-irqbalance: Decided to move IRQ239 from CPU3 to CPU2
03-03 22:05:48.706 16311 16311 D CellBroadcastReceiver: Service state changed! 0 Full: 0 0 voice home data home CMCC CMCC 46000 CMCC CMCC 46000  GSM EDGE CSS not supported -1 -1 RoamInd=-1 DefRoamInd=-1 EmergOnly=false IsDataRoamingFromRegistration=false Current state=1
03-03 22:05:48.720 16311 16311 I ContextImpl: com.iflytek.inputmethod
03-03 22:05:48.720 16311 16311 D ContextImpl: startServiceCommon mDisallowList: 7
03-03 22:05:48.721 16311 16311 I intercept: startService topPackname: com.ibingo.launcher3  currentPackname: com.android.cellbroadcastreceiver
03-03 22:05:48.800 16311 20038 D CellBroadcastConfigService: enabled emergency cell broadcast channels
03-03 22:05:48.831   540  3570 I chatty  : uid=1013(media) /system/bin/mediaserver expire 1 line
03-03 22:05:48.886   540  4940 I chatty  : uid=1013(media) Binder_3 expire 5 lines
03-03 22:05:48.905  3611  4881 D ConnectivityService: NetworkAgentInfo [MOBILE (EDGE) - 109] EVENT_NETWORK_INFO_CHANGED, going from CONNECTED to SUSPENDED
03-03 22:05:48.905  3611  4881 D ConnectivityService: notifyType UNKNOWN for NetworkAgentInfo [MOBILE (EDGE) - 109]
03-03 22:05:48.915  3611  4881 D CSLegacyTypeTracker: Sending SUSPENDED broadcast for type 0 NetworkAgentInfo [MOBILE (EDGE) - 109] isDefaultNetwork=true
03-03 22:05:48.915  3611  4881 D ConnectivityService: sendStickyBroadcast: action=android.net.conn.CONNECTIVITY_CHANGE
03-03 22:05:48.921  3611  3611 D PushService: ==== connectivity ....  action: android.net.conn.CONNECTIVITY_CHANGE
03-03 22:05:48.922  3611  3675 I chatty  : uid=1000(system) android.io expire 1 line
03-03 22:05:48.936  5699  5699 E ActivityThread: Failed to find provider info for com.android.firewall
03-03 22:05:48.944  5780  5780 I ContextImpl: com.iflytek.inputmethod
03-03 22:05:48.945  5780  5780 D ContextImpl: startServiceCommon mDisallowList: 7
03-03 22:05:48.945  3611  5644 I Telecom : : Adding new incoming call with phoneAccountHandle ComponentInfo{com.android.phone/com.android.services.telephony.TelephonyConnectionService}, [356a192b7913b04c54574d18c28d46e6395428ab], UserHandle{0}
03-03 22:05:48.954  5780  5780 I intercept: startService topPackname: com.ibingo.launcher3  currentPackname: com.iflytek.inputmethod
03-03 22:05:48.965 17720 17720 D RCS_UI  : isRcsEnabled(): false
03-03 22:05:48.988  3611  5644 I Telecom : PhoneAccountRegistrar: SimCallManager queried, returning: null
03-03 22:05:48.995  3611  5644 I Telecom : Event: Call 14: CREATED, null
03-03 22:05:48.996 17746 17746 D GlobalSettingsHelper: USE_LEBIAN=true
03-03 22:05:48.996 17746 17746 D BGReceiver: BGReceiver onReceive enter, action=android.net.conn.CONNECTIVITY_CHANGE
03-03 22:05:49.008 18956 18956 D NotificationReceiver: NotificationReceiver onReceive enter()
03-03 22:05:49.015  3611  5644 I Telecom : PhoneAccountRegistrar: SimCallManager queried, returning: null
03-03 22:05:49.019  3611  5644 I Telecom : CreateConnectionProcessor: Trying attempt CallAttemptRecord(ComponentInfo{com.android.phone/com.android.services.telephony.TelephonyConnectionService}, [356a192b7913b04c54574d18c28d46e6395428ab], UserHandle{0},ComponentInfo{com.android.phone/com.android.services.telephony.TelephonyConnectionService}, [356a192b7913b04c54574d18c28d46e6395428ab], UserHandle{0})
03-03 22:05:49.020  3611  5644 I Telecom : Event: Call 14: BIND_CS, ComponentInfo{com.android.phone/com.android.services.telephony.TelephonyConnectionService}
03-03 22:05:49.024  8738  8738 D ConnectivityManager: getMobileDataEnabled()+ subId=1
03-03 22:05:49.027  8738  8738 D ConnectivityManager: getMobileDataEnabled()- subId=1 retVal=true
03-03 22:05:49.034  3611  5644 I chatty  : uid=1000(system) Binder_9 expire 3 lines
03-03 22:05:49.042  8738  8738 I ContextImpl: com.iflytek.inputmethod
03-03 22:05:49.042  8738  8738 D ContextImpl: startServiceCommon mDisallowList: 7
03-03 22:05:49.044  8738  8738 I intercept: startService topPackname: com.ibingo.launcher3  currentPackname: com.android.mms
03-03 22:05:49.058 19298 19345 I chatty  : uid=10022(com.android.systemui) PhoneStatusBar expire 5 lines
03-03 22:05:49.062  8738  8738 D Mms-debug: Creating TransactionService
03-03 22:05:49.070  8738 20154 D Mms-debug: Handling incoming message: { when=-1ms what=5 arg1=1 obj=Intent { cmp=com.android.mms/.transaction.TransactionService } target=com.android.mms.transaction.TransactionService$ServiceHandler } = EVENT_NEW_INTENT
03-03 22:05:49.154  5699  6166 I chatty  : uid=1001(radio) Binder_4 expire 17 lines
03-03 22:05:49.170  8738 20154 D Mms-debug: onNewIntent: serviceId: 1: null intent=Intent { cmp=com.android.mms/.transaction.TransactionService }
03-03 22:05:49.222  3611  3611 I Telecom : TelecomSystem: CallerInfoAsyncQuery.startQuery number=[8ec2db1633398cba4d9c0be3a539eafd78ad4e71] cookie=[125816142, NEW, com.android.phone/com.android.services.telephony.TelephonyConnectionService, tel:***********, A, childs(0), has_parent(false), [[Capabilities:]], false, ComponentInfo{com.android.phone/com.android.services.telephony.TelephonyConnectionService}, [356a192b7913b04c54574d18c28d46e6395428ab], UserHandle{0}]
03-03 22:05:49.231  5699  7018 I chatty  : uid=1001(radio) Binder_8 expire 16 lines
03-03 22:05:49.269  8738 20154 D Mms-debug: Cursor= >>>>> Dumping cursor android.content.ContentResolver$CursorWrapperInner@39506ad
03-03 22:05:49.269  8738 20154 D Mms-debug: <<<<<
03-03 22:05:49.269  8738 20154 D Mms-debug: onNewIntent: cursor.count=0 action=null
03-03 22:05:49.269  8738 20154 D Mms-debug: onNewIntent: no pending messages. Stopping service.
03-03 22:05:49.287 16311 20038 D CellBroadcastConfigService: enabling cell broadcast channel 50
03-03 22:05:49.303  3611  3611 I Telecom : ServiceBinderConnection: Service bound ComponentInfo{com.android.phone/com.android.services.telephony.TelephonyConnectionService}
03-03 22:05:49.303  3611  3611 I Telecom : Event: Call 14: CS_BOUND, ComponentInfo{com.android.phone/com.android.services.telephony.TelephonyConnectionService}
03-03 22:05:49.304  3611  3611 I Telecom : Event: Call 14: START_CONNECTION, tel:***********
03-03 22:05:49.330  8738 20154 D Mms-debug: stopSelfIfIdle: STOP!
03-03 22:05:49.361  8738  8738 D Mms-debug: Destroying TransactionService
03-03 22:05:49.362 16311 20038 D CellBroadcastConfigService: enabling cell broadcast channel 60
03-03 22:05:49.382  8738 20154 D Mms-debug: Handling incoming message: { when=-20ms what=100 target=com.android.mms.transaction.TransactionService$ServiceHandler } = EVENT_QUIT
03-03 22:05:49.386  3611  5697 I Telecom : PhoneAccountRegistrar: SimCallManager queried, returning: null
03-03 22:05:49.410  3611  3611 I Telecom : Call: CallerInfo received for tel:***********: com.android.internal.telephony.CallerInfo@ee2af81 { name null, phoneNumber non-null }
03-03 22:05:49.412 16311 20038 D CellBroadcastConfigService: enabled cell broadcast channel 60
03-03 22:05:49.415  3611  3668 I Telecom : CallAudioManager: updateAudioStreamAndMode :  mIsRinging: false, mIsTonePlaying: false, call: [125816142, NEW, com.android.phone/com.android.services.telephony.TelephonyConnectionService, tel:***********, A, childs(0), has_parent(false), [[Capabilities: CAPABILITY_SUPPORT_HOLD CAPABILITY_MUTE CAPABILITY_SPEED_UP_MT_AUDIO]], false, ComponentInfo{com.android.phone/com.android.services.telephony.TelephonyConnectionService}, [356a192b7913b04c54574d18c28d46e6395428ab], UserHandle{0}]
03-03 22:05:49.416  3611  3668 I Telecom : CallAudioManager: updateAudioStreamAndMode : no ringing call
03-03 22:05:49.422 16311 20038 D CellBroadcastConfigService: disabling channels 919-928
03-03 22:05:49.449 16311 20038 D CellBroadcastConfigService: disabling cell broadcast ETWS test messages
03-03 22:05:49.582 16311 20038 D CellBroadcastConfigService: enabling emergency cell broadcast channels
03-03 22:05:49.923  3611  3611 I Telecom : CallsManager: setCallState NEW -> RINGING, call: [125816142, NEW, com.android.phone/com.android.services.telephony.TelephonyConnectionService, tel:***********, A, childs(0), has_parent(false), [[Capabilities: CAPABILITY_SUPPORT_HOLD CAPABILITY_MUTE CAPABILITY_SPEED_UP_MT_AUDIO]], false, ComponentInfo{com.android.phone/com.android.services.telephony.TelephonyConnectionService}, [356a192b7913b04c54574d18c28d46e6395428ab], UserHandle{0}]
03-03 22:05:49.976  3611  3611 I Telecom : Event: Call 14: SET_RINGING, successful incoming call
03-03 22:05:49.979 19066 19066 D DEBUG   : RINGING
03-03 22:05:49.980  3611  3611 I Telecom : PhoneStateBroadcaster: Broadcasted state change: 1
03-03 22:05:49.982 19066 19066 V DownloadModulePhoneStateListener: onCallStateChanged() invoked.
