03-03 21:57:57.752  3611  5724 I Telecom : InCallController: Sending updateCall [216185275, ACTIVE, com.android.phone/com.android.services.telephony.TelephonyConnectionService, tel:***********, A, childs(0), has_parent(false), [[Capabilities: CAPABILITY_HOLD CAPABILITY_SUPPORT_HOLD CAPABILITY_MUTE]], false, ComponentInfo{com.android.phone/com.android.services.telephony.TelephonyConnectionService}, [356a192b7913b04c54574d18c28d46e6395428ab], UserHandle{0}] ==> [InCall@15, parent:null, children:[]]
03-03 21:57:57.755  3611  5724 I Telecom : InCallController: Components updated: [ComponentInfo{com.android.dialer/com.android.incallui.InCallServiceImpl}]
03-03 21:57:57.761  3611  5724 I Telecom : InCallController: Sending updateCall [216185275, ACTIVE, com.android.phone/com.android.services.telephony.TelephonyConnectionService, tel:***********, A, childs(0), has_parent(false), [[Capabilities: CAPABILITY_HOLD CAPABILITY_SUPPORT_HOLD CAPABILITY_MUTE]], false, ComponentInfo{com.android.phone/com.android.services.telephony.TelephonyConnectionService}, [356a192b7913b04c54574d18c28d46e6395428ab], UserHandle{0}] ==> [InCall@15, parent:null, children:[]]
03-03 21:57:57.769  3611  5724 I Telecom : InCallController: Components updated: [ComponentInfo{com.android.dialer/com.android.incallui.InCallServiceImpl}]
03-03 21:57:57.776  3611  5724 I Telecom : CallsManager: setCallState ACTIVE -> DISCONNECTED, call: [216185275, ACTIVE, com.android.phone/com.android.services.telephony.TelephonyConnectionService, tel:***********, A, childs(0), has_parent(false), [[Capabilities: CAPABILITY_HOLD CAPABILITY_SUPPORT_HOLD CAPABILITY_MUTE]], false, ComponentInfo{com.android.phone/com.android.services.telephony.TelephonyConnectionService}, [356a192b7913b04c54574d18c28d46e6395428ab], UserHandle{0}]
03-03 21:57:57.777  3611  5724 I Telecom : Event: Call 9: SET_DISCONNECTED, disconnected set explicitly> DisconnectCause [ Code: (LOCAL) Label: () Description: () Reason: (LOCAL) Tone: (27) ]
03-03 21:57:57.780  3611  5724 W ContextImpl: Calling a method in the system process without a qualified user: android.app.ContextImpl.sendBroadcast:786 android.content.ContextWrapper.sendBroadcast:401 com.android.server.telecom.CallLogManager.sendAddCallBroadcast:306 com.android.server.telecom.CallLogManager.logCall:196 com.android.server.telecom.CallLogManager.logCall:157 
03-03 21:57:57.787  3611  5724 I Telecom : InCallController: Sending updateCall [216185275, DISCONNECTED, com.android.phone/com.android.services.telephony.TelephonyConnectionService, tel:***********, A, childs(0), has_parent(false), [[Capabilities: CAPABILITY_HOLD CAPABILITY_SUPPORT_HOLD CAPABILITY_MUTE]], false, ComponentInfo{com.android.phone/com.android.services.telephony.TelephonyConnectionService}, [356a192b7913b04c54574d18c28d46e6395428ab], UserHandle{0}] ==> [InCall@15, parent:null, children:[]]
03-03 21:57:57.790  3611  5724 I Telecom : InCallController: Components updated: [ComponentInfo{com.android.dialer/com.android.incallui.InCallServiceImpl}]
03-03 21:57:57.793  3611  5724 I Telecom : CallAudioManager: updateAudioStreamAndMode :  mIsRinging: false, mIsTonePlaying: false, call: [216185275, DISCONNECTED, com.android.phone/com.android.services.telephony.TelephonyConnectionService, tel:***********, A, childs(0), has_parent(false), [[Capabilities: CAPABILITY_HOLD CAPABILITY_SUPPORT_HOLD CAPABILITY_MUTE]], false, ComponentInfo{com.android.phone/com.android.services.telephony.TelephonyConnectionService}, [356a192b7913b04c54574d18c28d46e6395428ab], UserHandle{0}]
03-03 21:57:57.793  3611  5724 I Telecom : CallAudioManager: updateAudioStreamAndMode : no ringing call
03-03 21:57:57.799  3611  5724 I Telecom : ViceNotificationImpl: onCallStateChanged newState = 7
03-03 21:57:57.799  3611  5724 I Telecom : CallAudioManager: updateAudioStreamAndMode :  mIsRinging: false, mIsTonePlaying: true, call: null
03-03 21:57:57.800  3611  5724 I Telecom : CallAudioManager: requestAudioFocusAndSetMode : requesting stream: STEAM_NONE -> STREAM_VOICE_CALL
03-03 21:57:57.801  3611  5724 I Telecom : CallAudioManager: setInitialAudioState : audioState = [AudioState isMuted: false, route: EARPIECE, supportedRouteMask: EARPIECE, SPEAKER], call = null
03-03 21:57:57.803  3611  5724 I Telecom : CallAudioManager: setSystemAudioState: changing from [AudioState isMuted: false, route: EARPIECE, supportedRouteMask: EARPIECE, SPEAKER] to [AudioState isMuted: false, route: EARPIECE, supportedRouteMask: EARPIECE, SPEAKER]
03-03 21:57:57.804  3611  5724 I Telecom : Event: Call 9: AUDIO_ROUTE, EARPIECE
03-03 21:57:57.805  3611  5724 I Telecom : CallAudioManager: updateAudioStreamAndMode :  mIsRinging: false, mIsTonePlaying: true, call: null
03-03 21:57:57.811  3611  5724 I Telecom : InCallController: Sending updateCall [216185275, DISCONNECTED, com.android.phone/com.android.services.telephony.TelephonyConnectionService, tel:***********, A, childs(0), has_parent(false), [[Capabilities: CAPABILITY_HOLD CAPABILITY_SUPPORT_HOLD CAPABILITY_MUTE]], false, ComponentInfo{com.android.phone/com.android.services.telephony.TelephonyConnectionService}, [356a192b7913b04c54574d18c28d46e6395428ab], UserHandle{0}] ==> [InCall@15, parent:null, children:[]]
03-03 21:57:57.813  3611  5724 I Telecom : InCallController: Components updated: [ComponentInfo{com.android.dialer/com.android.incallui.InCallServiceImpl}]
03-03 21:57:57.816  3611  5724 I Telecom : ConnectionServiceWrapper: Service unbound ComponentInfo{com.android.phone/com.android.services.telephony.TelephonyConnectionService}, from unbind.
03-03 21:57:57.818  3611  5724 I Telecom : Event: Call 9: DESTROYED, null
03-03 21:57:57.822  3611  5724 I Telecom : PhoneStateBroadcaster: Broadcasted state change: 0
03-03 21:57:57.823  3611  5724 I Telecom : ProximitySensorManager: All calls removed, resetting proximity sensor to default state
03-03 21:57:57.823  3611  5724 I Telecom : ProximitySensorManager: Proximity wake lock already released
03-03 21:57:57.826  3611  5724 I Telecom : InCallController: onCallRemoved: [216185275, DISCONNECTED, null, tel:***********, A, childs(0), has_parent(false), [[Capabilities: CAPABILITY_HOLD CAPABILITY_SUPPORT_HOLD CAPABILITY_MUTE]], false, ComponentInfo{com.android.phone/com.android.services.telephony.TelephonyConnectionService}, [356a192b7913b04c54574d18c28d46e6395428ab], UserHandle{0}]
03-03 21:57:57.827  3611  5724 I Telecom : CallAudioManager: setInitialAudioState : audioState = [AudioState isMuted: false, route: EARPIECE, supportedRouteMask: EARPIECE, SPEAKER], call = null
03-03 21:57:57.828  3611  3671 W BroadcastQueue: Permission Denial: receiving Intent { act=android.intent.action.PHONE_STATE flg=0x10 (has extras) } to ProcessRecord{53ca344 13740:com.android.systemui/u0a22} (pid=13740, uid=10022) requires android.permission.READ_PHONE_STATE due to sender android (uid 1000)
03-03 21:57:57.829  3611  5724 I Telecom : CallAudioManager: updateAudioStreamAndMode :  mIsRinging: false, mIsTonePlaying: true, call: [216185275, DISCONNECTED, null, tel:***********, A, childs(0), has_parent(false), [[Capabilities: CAPABILITY_HOLD CAPABILITY_SUPPORT_HOLD CAPABILITY_MUTE]], false, ComponentInfo{com.android.phone/com.android.services.telephony.TelephonyConnectionService}, [356a192b7913b04c54574d18c28d46e6395428ab], UserHandle{0}]
03-03 21:57:57.829  3611  3671 W BroadcastQueue: Permission Denial: receiving Intent { act=android.intent.action.PHONE_STATE flg=0x10 (has extras) } to ProcessRecord{53ca344 13740:com.android.systemui/u0a22} (pid=13740, uid=10022) requires android.permission.READ_PHONE_STATE due to sender android (uid 1000)
03-03 21:57:57.857  3611  5628 W BroadcastQueue: Permission Denial: receiving Intent { act=android.intent.action.PHONE_STATE flg=0x10 (has extras) } to com.android.deskclock/.alarms.PhoneStateReceiver requires android.permission.READ_PRIVILEGED_PHONE_STATE due to sender android (uid 1000)
03-03 21:57:57.884  3611  5266 W BroadcastQueue: Permission Denial: receiving Intent { act=android.intent.action.PHONE_STATE flg=0x10 (has extras) } to com.android.deskclock/.alarms.PhoneStateReceiver requires android.permission.READ_PHONE_STATE due to sender android (uid 1000)
03-03 21:57:58.226  3611  3611 I Telecom : MyHandler: MESSAGE_CALL_ENDED
03-03 21:57:58.229  3611  3611 I Telecom : ViceNotificationImpl: processNotification DEP null
03-03 21:57:58.477  3611  4881 D ConnectivityService: notifyType CAP_CHANGED for NetworkAgentInfo [MOBILE (UNKNOWN) - 108]
03-03 21:57:58.498  3611  4881 D ConnectivityService: NetworkAgentInfo [MOBILE (EDGE) - 108] EVENT_NETWORK_INFO_CHANGED, going from SUSPENDED to CONNECTED
03-03 21:57:58.498  3611  4881 D ConnectivityService: notifyType UNKNOWN for NetworkAgentInfo [MOBILE (EDGE) - 108]
03-03 21:57:58.507  3611  4881 D CSLegacyTypeTracker: Sending CONNECTED broadcast for type 11 NetworkAgentInfo [MOBILE (EDGE) - 108] isDefaultNetwork=false
03-03 21:57:58.508  3611  4881 D ConnectivityService: sendStickyBroadcast: action=android.net.conn.CONNECTIVITY_CHANGE
03-03 21:57:58.602  3611  4881 D ConnectivityService: notifyType IP_CHANGED for NetworkAgentInfo [MOBILE (EDGE) - 108]
03-03 21:57:58.640  3611  4881 D ConnectivityService: notifyType CAP_CHANGED for NetworkAgentInfo [MOBILE (UNKNOWN) - 106]
03-03 21:57:58.658  3611  4881 D ConnectivityService: NetworkAgentInfo [MOBILE (EDGE) - 106] EVENT_NETWORK_INFO_CHANGED, going from SUSPENDED to CONNECTED
03-03 21:57:58.658  3611  4881 D ConnectivityService: notifyType UNKNOWN for NetworkAgentInfo [MOBILE (EDGE) - 106]
03-03 21:57:58.684  3611  4881 D CSLegacyTypeTracker: Sending CONNECTED broadcast for type 0 NetworkAgentInfo [MOBILE (EDGE) - 106] isDefaultNetwork=true
03-03 21:57:58.685  3611  4881 D ConnectivityService: sendStickyBroadcast: action=android.net.conn.CONNECTIVITY_CHANGE
03-03 21:57:58.691  3611  4881 D ConnectivityService: Setting tx/rx TCP buffers to 4093,26280,35040,4096,16384,35040
03-03 21:57:58.700  3611  4841 W NetworkPolicy: shared quota unsupported; generating rule for each iface
03-03 21:57:59.055  3611  3611 D PushService: ==== connectivity ....  action: android.net.conn.CONNECTIVITY_CHANGE
03-03 21:57:59.055  3611  3611 D PushService: ======= action Network connected =======
03-03 21:57:59.056  3611  3611 D PUSH Logger: ======== LOGGING handle ========
03-03 21:57:59.136  3611  3611 I Telecom : CallAudioManager: updateAudioStreamAndMode :  mIsRinging: false, mIsTonePlaying: false, call: null
03-03 21:57:59.136  3611  3611 I Telecom : CallAudioManager: updateAudioStreamAndMode : no ringing call
03-03 21:57:59.136  3611  3611 D PushService: ==== connectivity ....  action: android.net.conn.CONNECTIVITY_CHANGE
03-03 21:57:59.137  3611  3611 D PushService: ======= action Network connected =======
03-03 21:57:59.416  3611  4841 E NetdConnector: NDC Command {266 bandwidth setiquota rmnet_data6 9223372036854775807} took too long (716ms)
03-03 21:57:59.421  3611  4881 E NetdConnector: NDC Command {267 bandwidth gettetherstats} took too long (711ms)
03-03 21:57:59.484  3611  4881 D ConnectivityService: notifyType IP_CHANGED for NetworkAgentInfo [MOBILE (EDGE) - 106]
03-03 21:57:59.733  3611  3671 W ProcessCpuTracker: Skipping unknown process pid 16079
03-03 21:57:59.543  3611  4841 E NetdConnector: NDC Command {268 bandwidth setiquota rmnet_data0 9223372036854775807} took too long (670ms)
03-03 21:57:59.546  3611  5697 W Telecom : InCallAdapter: disconnectCall, unknown call id: InCall@15
03-03 21:57:59.632  3611  4841 W NetworkPolicy: shared quota unsupported; generating rule for each iface
03-03 21:57:59.759  3611  3669 W Telecom : InCallAdapter: disconnectCall, unknown call id: InCall@15
03-03 21:58:00.131  3611  5267 W Telecom : InCallAdapter: disconnectCall, unknown call id: InCall@15
03-03 21:58:00.269  3611  3611 I Telecom : InCallController: Unbinding from InCallService ComponentInfo{com.android.dialer/com.android.incallui.InCallServiceImpl}
03-03 21:58:00.331  3611  3611 I DeviceIdleController: updateChargingLocked: charging=false
03-03 21:58:00.421  3611  5631 I ActivityManager: Start proc 16127:com.qualcomm.qti.calendarwidget/u0a30 for broadcast com.qualcomm.qti.calendarwidget/.CalendarWidget
03-03 21:58:00.710  3611  4841 E NetdConnector: NDC Command {270 bandwidth setiquota rmnet_data6 9223372036854775807} took too long (627ms)
03-03 21:58:01.009  3611  5698 I ActivityManager: Start proc 16167:com.qualcomm.qti.lunarinfo/u0a47 for content provider com.qualcomm.qti.lunarinfo/.LunarInfoProvider
03-03 21:58:01.118  3611  5187 I ActivityManager: Killing 9713:com.qualcomm.timeservice/1000 (adj 15): empty #17
03-03 21:58:01.371  3611  3671 I ActivityManager: Killing 14500:com.android.providers.calendar/u0a1 (adj 15): empty #17
03-03 21:58:01.517  3611  4841 E NetdConnector: NDC Command {272 bandwidth setiquota rmnet_data0 9223372036854775807} took too long (514ms)
03-03 21:58:01.557  3611  5697 I ActivityManager: Start proc 16197:com.qualcomm.timeservice/1000 for broadcast com.qualcomm.timeservice/.TimeServiceBroadcastReceiver
03-03 21:58:01.563  3611  5697 I ActivityManager: Killing 5333:android.process.acore/u0a2 (adj 15): empty #17
03-03 21:58:01.700  7977  8721 I ActivityThread: Removing dead content provider:android.content.ContentProviderProxy@5563b62
03-03 21:58:01.776  3611  5724 I ActivityManager: Start proc 16211:android.process.acore/u0a2 for content provider com.android.providers.contacts/.CallLogProvider
03-03 21:58:01.874  3611  5698 I ActivityManager: Killing 15334:com.android.calllogbackup/u0a2 (adj 15): empty #17
03-03 21:58:02.136  3611  5654 I ActivityManager: Killing 9169:com.android.cellbroadcastreceiver/u0a4 (adj 15): empty #17
03-03 21:58:04.370  3611  3671 I ActivityManager: Start proc 16236:com.android.providers.calendar/u0a1 for broadcast com.android.providers.calendar/.CalendarProviderBroadcastReceiver
03-03 21:58:07.480  3611  3668 I ActivityManager: Start proc 16311:com.android.cellbroadcastreceiver/u0a4 for broadcast com.android.cellbroadcastreceiver/.CellBroadcastReceiver
03-03 21:58:08.165  3611  5654 I Telecom : PhoneAccountRegistrar: [ComponentInfo{com.android.phone/com.android.services.telephony.TelephonyConnectionService}, [356a192b7913b04c54574d18c28d46e6395428ab], UserHandle{0}(cap: 62 -> 54)(icon: Icon(typ=BITMAP size=72x72) -> Icon(typ=BITMAP size=72x72))]
03-03 21:58:08.219  3611  5654 I Telecom : : Sending phone-account intent as user
03-03 21:58:08.426  3611  4881 D ConnectivityService: notifyType CAP_CHANGED for NetworkAgentInfo [MOBILE (EDGE) - 108]
03-03 21:58:08.492  3611  4881 D ConnectivityService: notifyType IP_CHANGED for NetworkAgentInfo [MOBILE (LTE) - 108]
03-03 21:58:08.499  3611  4881 D ConnectivityService: notifyType CAP_CHANGED for NetworkAgentInfo [MOBILE (EDGE) - 106]
03-03 21:58:08.513  3611  4881 D ConnectivityService: Setting tx/rx TCP buffers to 2097152,4194304,8388608,262144,524288,1048576
03-03 21:58:08.555  3611  4881 D ConnectivityService: notifyType IP_CHANGED for NetworkAgentInfo [MOBILE (LTE) - 106]
03-03 21:58:08.844  3611  4798 I Telecom : PhoneAccountRegistrar: [ComponentInfo{com.android.phone/com.android.services.telephony.TelephonyConnectionService}, [356a192b7913b04c54574d18c28d46e6395428ab], UserHandle{0}(icon: Icon(typ=BITMAP size=72x72) -> Icon(typ=BITMAP size=72x72))]
03-03 21:58:08.904  3611  4798 I Telecom : : Sending phone-account intent as user
03-03 21:58:09.082  3611  3611 I MQTTLoginReq:  connect failure ; timeout
03-03 21:58:09.339  3611  5697 I Telecom : PhoneAccountRegistrar: [ComponentInfo{com.android.phone/com.android.services.telephony.TelephonyConnectionService}, [356a192b7913b04c54574d18c28d46e6395428ab], UserHandle{0}(icon: Icon(typ=BITMAP size=72x72) -> Icon(typ=BITMAP size=72x72))]
03-03 21:58:09.396  3611  5697 I Telecom : : Sending phone-account intent as user
03-03 21:58:09.794  3611  5631 I ActivityManager: Start proc 16398:com.ibingo.launcher3:download/u0a11 for service com.ibingo.launcher3/com.excelliance.open.BGService
03-03 21:58:09.816  5699  5699 E ActivityThread: Failed to find provider info for com.android.firewall
03-03 21:58:09.827  3611  5654 I Telecom : : Adding new incoming call with phoneAccountHandle ComponentInfo{com.android.phone/com.android.services.telephony.TelephonyConnectionService}, [356a192b7913b04c54574d18c28d46e6395428ab], UserHandle{0}
03-03 21:58:09.862  3611  5654 I Telecom : PhoneAccountRegistrar: SimCallManager queried, returning: null
03-03 21:58:09.876  3611  5654 I Telecom : Event: Call 10: CREATED, null
03-03 21:58:09.881  3611  3611 I Telecom : TelecomSystem: CallerInfoAsyncQuery.startQuery number=[8ec2db1633398cba4d9c0be3a539eafd78ad4e71] cookie=[169779746, NEW, null, tel:***********, A, childs(0), has_parent(false), [[Capabilities:]], false, ComponentInfo{com.android.phone/com.android.services.telephony.TelephonyConnectionService}, [356a192b7913b04c54574d18c28d46e6395428ab], UserHandle{0}]
03-03 21:58:09.913  3611  5654 I Telecom : PhoneAccountRegistrar: SimCallManager queried, returning: null
03-03 21:58:09.917  3611  5654 I Telecom : CreateConnectionProcessor: Trying attempt CallAttemptRecord(ComponentInfo{com.android.phone/com.android.services.telephony.TelephonyConnectionService}, [356a192b7913b04c54574d18c28d46e6395428ab], UserHandle{0},ComponentInfo{com.android.phone/com.android.services.telephony.TelephonyConnectionService}, [356a192b7913b04c54574d18c28d46e6395428ab], UserHandle{0})
03-03 21:58:09.920  3611  5654 I Telecom : Event: Call 10: BIND_CS, ComponentInfo{com.android.phone/com.android.services.telephony.TelephonyConnectionService}
03-03 21:58:10.012  3611  3611 I Telecom : ServiceBinderConnection: Service bound ComponentInfo{com.android.phone/com.android.services.telephony.TelephonyConnectionService}
03-03 21:58:10.012  3611  3611 I Telecom : Event: Call 10: CS_BOUND, ComponentInfo{com.android.phone/com.android.services.telephony.TelephonyConnectionService}
03-03 21:58:10.013  3611  3611 I Telecom : Event: Call 10: START_CONNECTION, tel:***********
03-03 21:58:10.035  3611  5657 I Telecom : PhoneAccountRegistrar: SimCallManager queried, returning: null
03-03 21:58:10.056  3611  5714 I Telecom : CallAudioManager: updateAudioStreamAndMode :  mIsRinging: false, mIsTonePlaying: false, call: [169779746, NEW, com.android.phone/com.android.services.telephony.TelephonyConnectionService, tel:***********, A, childs(0), has_parent(false), [[Capabilities: CAPABILITY_SUPPORT_HOLD CAPABILITY_MUTE CAPABILITY_SPEED_UP_MT_AUDIO]], false, ComponentInfo{com.android.phone/com.android.services.telephony.TelephonyConnectionService}, [356a192b7913b04c54574d18c28d46e6395428ab], UserHandle{0}]
03-03 21:58:10.056  3611  5714 I Telecom : CallAudioManager: updateAudioStreamAndMode : no ringing call
03-03 21:58:10.193  3611  3611 I Telecom : Call: CallerInfo received for tel:***********: com.android.internal.telephony.CallerInfo@19ce72b { name null, phoneNumber non-null }
03-03 21:58:10.197  3611  3611 I Telecom : CallsManager: setCallState NEW -> RINGING, call: [169779746, NEW, com.android.phone/com.android.services.telephony.TelephonyConnectionService, tel:***********, A, childs(0), has_parent(false), [[Capabilities: CAPABILITY_SUPPORT_HOLD CAPABILITY_MUTE CAPABILITY_SPEED_UP_MT_AUDIO]], false, ComponentInfo{com.android.phone/com.android.services.telephony.TelephonyConnectionService}, [356a192b7913b04c54574d18c28d46e6395428ab], UserHandle{0}]
03-03 21:58:10.249  3611  3611 I Telecom : Event: Call 10: SET_RINGING, successful incoming call
03-03 21:58:10.510  3611  3611 I Telecom : PhoneStateBroadcaster: Broadcasted state change: 1
03-03 21:58:10.515  3611  3671 W BroadcastQueue: Permission Denial: receiving Intent { act=android.intent.action.PHONE_STATE flg=0x10 (has extras) } to ProcessRecord{53ca344 13740:com.android.systemui/u0a22} (pid=13740, uid=10022) requires android.permission.READ_PHONE_STATE due to sender android (uid 1000)
03-03 21:58:10.516  3611  3671 W BroadcastQueue: Permission Denial: receiving Intent { act=android.intent.action.PHONE_STATE flg=0x10 (has extras) } to ProcessRecord{53ca344 13740:com.android.systemui/u0a22} (pid=13740, uid=10022) requires android.permission.READ_PHONE_STATE due to sender android (uid 1000)
03-03 21:58:10.523  3611  3611 I Telecom : InCallController: Found default-dialer's In-Call UI: ComponentInfo{com.android.dialer/com.android.incallui.InCallServiceImpl}
03-03 21:58:10.525  3611  3611 I Telecom : InCallController: Attempting to bind to [def-dialer] InCall ComponentInfo{com.android.dialer/com.android.incallui.InCallServiceImpl}, with Intent { act=android.telecom.InCallService cmp=com.android.dialer/com.android.incallui.InCallServiceImpl }
03-03 21:58:10.532  3611  5724 W BroadcastQueue: Permission Denial: receiving Intent { act=android.intent.action.PHONE_STATE flg=0x10 (has extras) } to com.android.deskclock/.alarms.PhoneStateReceiver requires android.permission.READ_PRIVILEGED_PHONE_STATE due to sender android (uid 1000)
03-03 21:58:10.554  3611  3611 I Telecom : CallAudioManager: updateAudioStreamAndMode :  mIsRinging: false, mIsTonePlaying: false, call: [169779746, RINGING, com.android.phone/com.android.services.telephony.TelephonyConnectionService, tel:***********, A, childs(0), has_parent(false), [[Capabilities: CAPABILITY_SUPPORT_HOLD CAPABILITY_MUTE CAPABILITY_SPEED_UP_MT_AUDIO]], false, ComponentInfo{com.android.phone/com.android.services.telephony.TelephonyConnectionService}, [356a192b7913b04c54574d18c28d46e6395428ab], UserHandle{0}]
03-03 21:58:10.554  3611  3611 I Telecom : InCallWakeLockController: Acquiring full wake lock
03-03 21:58:10.555  3611  3611 I Telecom : CallAudioManager: updateAudioStreamAndMode :  mIsRinging: false, mIsTonePlaying: false, call: [169779746, RINGING, com.android.phone/com.android.services.telephony.TelephonyConnectionService, tel:***********, A, childs(0), has_parent(false), [[Capabilities: CAPABILITY_SUPPORT_HOLD CAPABILITY_MUTE CAPABILITY_SPEED_UP_MT_AUDIO]], false, ComponentInfo{com.android.phone/com.android.services.telephony.TelephonyConnectionService}, [356a192b7913b04c54574d18c28d46e6395428ab], UserHandle{0}]
03-03 21:58:10.562  8919  8919 W ContextImpl: Calling a method in the system process without a qualified user: android.app.ContextImpl.bindService:1341 android.content.ContextWrapper.bindService:604 com.android.incallui.InCallPresenter.bindImsService:198 com.android.incallui.InCallPresenter.setUp:300 com.android.incallui.InCallServiceImpl.onBind:71 
03-03 21:58:10.567  3611  3611 I Telecom : Event: Call 10: START_RINGER, null
03-03 21:58:10.569  3611  3611 I Telecom : CallAudioManager: setIsRinging false -> true (call = [169779746, RINGING, com.android.phone/com.android.services.telephony.TelephonyConnectionService, tel:***********, A, childs(0), has_parent(false), [[Capabilities: CAPABILITY_SUPPORT_HOLD CAPABILITY_MUTE CAPABILITY_SPEED_UP_MT_AUDIO]], false, ComponentInfo{com.android.phone/com.android.services.telephony.TelephonyConnectionService}, [356a192b7913b04c54574d18c28d46e6395428ab], UserHandle{0}])
03-03 21:58:10.571  3611  3611 I Telecom : CallAudioManager: updateAudioStreamAndMode :  mIsRinging: true, mIsTonePlaying: false, call: [169779746, RINGING, com.android.phone/com.android.services.telephony.TelephonyConnectionService, tel:***********, A, childs(0), has_parent(false), [[Capabilities: CAPABILITY_SUPPORT_HOLD CAPABILITY_MUTE CAPABILITY_SPEED_UP_MT_AUDIO]], false, ComponentInfo{com.android.phone/com.android.services.telephony.TelephonyConnectionService}, [356a192b7913b04c54574d18c28d46e6395428ab], UserHandle{0}]
03-03 21:58:10.572  3611  3611 I Telecom : CallAudioManager: updateAudioStreamAndMode : ringing
03-03 21:58:10.572  3611  3611 I Telecom : CallAudioManager: requestAudioFocusAndSetMode : requesting stream: STEAM_NONE -> STREAM_RING
03-03 21:58:10.576  3611 16427 I Telecom : AsyncRingtonePlayer: Play ringtone.
03-03 21:58:10.576  3611  5657 W BroadcastQueue: Permission Denial: receiving Intent { act=android.intent.action.PHONE_STATE flg=0x10 (has extras) } to com.android.deskclock/.alarms.PhoneStateReceiver requires android.permission.READ_PHONE_STATE due to sender android (uid 1000)
03-03 21:58:10.692  3611  3611 I Telecom : InCallController: onConnected to ComponentInfo{com.android.dialer/com.android.incallui.InCallServiceImpl}
03-03 21:58:10.695  3611  3611 I Telecom : InCallController: Adding 1 calls to InCallService after onConnected: ComponentInfo{com.android.dialer/com.android.incallui.InCallServiceImpl}
03-03 21:58:10.741  3611  3611 I Telecom : InCallController: Calling onAudioStateChanged, audioState: null -> [AudioState isMuted: false, route: EARPIECE, supportedRouteMask: EARPIECE, SPEAKER]
03-03 21:58:10.743  3611  3611 I Telecom : InCallController: onCanAddCallChanged : true
03-03 21:58:10.769  8919  8919 W ContextImpl: Calling a method in the system process without a qualified user: android.app.ContextImpl.startActivity:663 android.content.ContextWrapper.startActivity:331 com.android.incallui.InCallPresenter.showInCall:1512 com.android.incallui.InCallPresenter.startUi:1447 com.android.incallui.InCallPresenter.startOrFinishUi:1343 
03-03 21:58:10.769  8919  8919 W ContextImpl: Calling a method in the system process without a qualified user: android.app.ContextImpl.startActivity:678 android.app.ContextImpl.startActivity:664 android.content.ContextWrapper.startActivity:331 com.android.incallui.InCallPresenter.showInCall:1512 com.android.incallui.InCallPresenter.startUi:1447 
03-03 21:58:10.773  3611  5628 I ActivityManager: START u0 {act=android.intent.action.MAIN flg=0x10040000 cmp=com.android.dialer/com.android.incallui.InCallActivity (has extras)} from uid 1000 on display 0
03-03 21:58:10.795  3611 16427 I Telecom : AsyncRingtonePlayer: Repeat ringtone.
03-03 21:58:12.377  8919  8919 W ContextImpl: Calling a method in the system process without a qualified user: android.app.ContextImpl.sendBroadcast:771 android.content.ContextWrapper.sendBroadcast:396 android.app.Activity.sendHideNavBarBroadcast:1322 android.app.Activity.onResume:1300 com.android.incallui.InCallActivity.onResume:334 
03-03 21:58:14.618  3611  4790 I Telecom : : Silence Ringer requested by android
03-03 21:58:14.621  3611  4790 I Telecom : Telecom: Non-call EVENT: STOP_RINGER, No more ringing calls found
03-03 21:58:14.622  3611  4790 I Telecom : CallAudioManager: setIsRinging true -> false (call = null)
03-03 21:58:14.622  3611 16427 I Telecom : AsyncRingtonePlayer: Stop ringtone.
03-03 21:58:14.623  3611  4790 I Telecom : CallAudioManager: updateAudioStreamAndMode :  mIsRinging: false, mIsTonePlaying: false, call: null
03-03 21:58:14.745  3611  4790 I PowerManagerService: Going to sleep due to power button (uid 1000)...
03-03 21:58:15.280  3611  4790 I Telecom : : Silence Ringer requested by android
03-03 21:58:15.281  3611  4790 I PowerManagerService: Waking up from dozing (uid 1000)...
03-03 21:58:15.398  3611  3676 I DisplayManagerService: Display device changed state: "", OFF
03-03 21:58:15.449  8919  8919 W ContextImpl: Calling a method in the system process without a qualified user: android.app.ContextImpl.sendBroadcast:771 android.content.ContextWrapper.sendBroadcast:396 com.android.incallui.InCallActivity.openNB:286 com.android.incallui.InCallActivity.onStop:401 android.app.Instrumentation.callActivityOnStop:1279 
03-03 21:58:15.457  3611  3611 D DeviceIdleController: updateDisplayLocked: screenOn=false
03-03 21:58:15.457  3611  3611 D DeviceIdleController: becomeInactiveIfAppropriateLocked()
03-03 21:58:15.457  3611  3611 D DeviceIdleController: Moved from STATE_ACTIVE to STATE_INACTIVE
03-03 21:58:15.457  3611  3611 D DeviceIdleController: stopMonitoringSignificantMotion()
03-03 21:58:15.457  3611  3611 D DeviceIdleController: scheduleAlarmLocked(1800000, false)
03-03 21:58:15.460  3611  3611 W InputMethodManagerService: Unexpected intent Intent { act=android.intent.action.SCREEN_OFF flg=0x50000010 }
03-03 21:58:15.472  8919  8919 W ViewRootImpl: Cancelling event due to no window focus: KeyEvent { action=ACTION_UP, keyCode=278, scanCode=158, metaState=0, flags=0x80000028, repeatCount=0, eventTime=953435, downTime=953214, deviceId=4, source=0x101 }
03-03 21:58:15.472  8919  8919 W ViewRootImpl: Cancelling event due to no window focus: KeyEvent { action=ACTION_UP, keyCode=278, scanCode=158, metaState=0, flags=0x80000028, repeatCount=0, eventTime=953435, downTime=953214, deviceId=4, source=0x101 }
03-03 21:58:15.472  8919  8919 W ViewRootImpl: Cancelling event due to no window focus: KeyEvent { action=ACTION_UP, keyCode=278, scanCode=158, metaState=0, flags=0x80000028, repeatCount=0, eventTime=953435, downTime=953214, deviceId=4, source=0x101 }
03-03 21:58:15.472  8919  8919 W ViewRootImpl: Cancelling event due to no window focus: KeyEvent { action=ACTION_UP, keyCode=278, scanCode=158, metaState=0, flags=0x80000028, repeatCount=0, eventTime=953435, downTime=953214, deviceId=4, source=0x101 }
03-03 21:58:15.473  8919  8919 W ViewRootImpl: Cancelling event due to no window focus: KeyEvent { action=ACTION_UP, keyCode=278, scanCode=158, metaState=0, flags=0x80000028, repeatCount=0, eventTime=953435, downTime=953214, deviceId=4, source=0x101 }
03-03 21:58:15.473  8919  8919 W ViewRootImpl: Cancelling event due to no window focus: KeyEvent { action=ACTION_UP, keyCode=278, scanCode=158, metaState=0, flags=0x80000028, repeatCount=0, eventTime=953435, downTime=953214, deviceId=4, source=0x101 }
03-03 21:58:15.483  3611  3678 I DisplayPowerController: Blocking screen on until initial contents have been drawn.
03-03 21:58:15.556  3611  3611 D DeviceIdleController: updateDisplayLocked: screenOn=false
03-03 21:58:15.562  8919  8919 W ContextImpl: Calling a method in the system process without a qualified user: android.app.ContextImpl.sendBroadcast:771 android.content.ContextWrapper.sendBroadcast:396 com.android.incallui.InCallActivity.closeNB:295 com.android.incallui.InCallActivity.onStart:312 android.app.Instrumentation.callActivityOnStart:1238 
03-03 21:58:15.598  8919  8919 W ContextImpl: Calling a method in the system process without a qualified user: android.app.ContextImpl.sendBroadcast:771 android.content.ContextWrapper.sendBroadcast:396 android.app.Activity.sendHideNavBarBroadcast:1322 android.app.Activity.onResume:1300 com.android.incallui.InCallActivity.onResume:334 
03-03 21:58:16.204  3611  3676 I DisplayManagerService: Display device changed state: "", ON
03-03 21:58:16.207  3611  3611 D DeviceIdleController: updateDisplayLocked: screenOn=true
03-03 21:58:16.207  3611  3611 I DeviceIdleController: becomeActiveLocked, reason = screen
03-03 21:58:16.209  3611  3670 D DeviceIdleController: handleMessage(4)
03-03 21:58:16.223  3611  3611 D DeviceIdleController: stopMonitoringSignificantMotion()
03-03 21:58:16.391  8919  8919 W ContextImpl: Calling a method in the system process without a qualified user: android.app.ContextImpl.sendBroadcast:771 android.content.ContextWrapper.sendBroadcast:396 com.android.incallui.InCallActivity.openNB:286 com.android.incallui.InCallActivity.onStop:401 android.app.Instrumentation.callActivityOnStop:1279 
03-03 21:58:16.553  3611  3611 D DeviceIdleController: updateDisplayLocked: screenOn=true
03-03 21:58:16.553  3611  3611 I DeviceIdleController: becomeActiveLocked, reason = screen
03-03 21:58:16.603  8919  8919 W ContextImpl: Calling a method in the system process without a qualified user: android.app.ContextImpl.sendBroadcast:771 android.content.ContextWrapper.sendBroadcast:396 com.android.incallui.InCallActivity.closeNB:295 com.android.incallui.InCallActivity.onStart:312 android.app.Instrumentation.callActivityOnStart:1238 
03-03 21:58:16.680  8919  8919 W ContextImpl: Calling a method in the system process without a qualified user: android.app.ContextImpl.sendBroadcast:771 android.content.ContextWrapper.sendBroadcast:396 android.app.Activity.sendHideNavBarBroadcast:1322 android.app.Activity.onResume:1300 com.android.incallui.InCallActivity.onResume:334 
03-03 21:58:17.392  3611  3676 W WindowManager: Timeout waiting for drawn: undrawn=[Window{27a9790 u0 StatusBar}]
03-03 21:58:17.409  3611  3678 I DisplayPowerController: Unblocked screen on after 1927 ms
03-03 21:58:18.313  3611  3669 W InputMethodManagerService: Window already focused, ignoring focus gain of: com.android.internal.view.IInputMethodClient$Stub$Proxy@4e01639 attribute=android.view.inputmethod.EditorInfo@345047e, token = android.os.BinderProxy@b1a80d0
03-03 21:58:22.074  3611  5187 I ActivityManager: Process com.ibingo.launcher3:lebian (pid 14014) has died
03-03 21:58:22.736  3611  5697 I ActivityManager: Process com.ibingo.launcher3:download (pid 16398) has died
03-03 21:58:23.622  3611  5697 I Telecom : InCallController: Sending updateCall [169779746, RINGING, com.android.phone/com.android.services.telephony.TelephonyConnectionService, tel:***********, A, childs(0), has_parent(false), [[Capabilities: CAPABILITY_SUPPORT_HOLD CAPABILITY_MUTE CAPABILITY_SPEED_UP_MT_AUDIO]], false, ComponentInfo{com.android.phone/com.android.services.telephony.TelephonyConnectionService}, [356a192b7913b04c54574d18c28d46e6395428ab], UserHandle{0}] ==> [InCall@18, parent:null, children:[]]
03-03 21:58:23.624  3611  5697 I Telecom : InCallController: Components updated: [ComponentInfo{com.android.dialer/com.android.incallui.InCallServiceImpl}]
03-03 21:58:23.652  3611  5697 I Telecom : InCallController: Sending updateCall [169779746, RINGING, com.android.phone/com.android.services.telephony.TelephonyConnectionService, tel:***********, A, childs(0), has_parent(false), [[Capabilities: CAPABILITY_SUPPORT_HOLD CAPABILITY_MUTE CAPABILITY_SPEED_UP_MT_AUDIO]], false, ComponentInfo{com.android.phone/com.android.services.telephony.TelephonyConnectionService}, [356a192b7913b04c54574d18c28d46e6395428ab], UserHandle{0}] ==> [InCall@18, parent:null, children:[]]
03-03 21:58:23.653  3611  5697 I Telecom : InCallController: Components updated: [ComponentInfo{com.android.dialer/com.android.incallui.InCallServiceImpl}]
03-03 21:58:23.716  3611  5697 I Telecom : InCallController: Sending updateCall [169779746, RINGING, com.android.phone/com.android.services.telephony.TelephonyConnectionService, tel:***********, A, childs(0), has_parent(false), [[Capabilities: CAPABILITY_SUPPORT_HOLD CAPABILITY_MUTE CAPABILITY_SPEED_UP_MT_AUDIO]], false, ComponentInfo{com.android.phone/com.android.services.telephony.TelephonyConnectionService}, [356a192b7913b04c54574d18c28d46e6395428ab], UserHandle{0}] ==> [InCall@18, parent:null, children:[]]
03-03 21:58:23.718  3611  5697 I Telecom : InCallController: Components updated: [ComponentInfo{com.android.dialer/com.android.incallui.InCallServiceImpl}]
03-03 21:58:23.739  3611  5697 I Telecom : InCallController: Sending updateCall [169779746, RINGING, com.android.phone/com.android.services.telephony.TelephonyConnectionService, tel:***********, A, childs(0), has_parent(false), [[Capabilities: CAPABILITY_SUPPORT_HOLD CAPABILITY_MUTE CAPABILITY_SPEED_UP_MT_AUDIO]], false, ComponentInfo{com.android.phone/com.android.services.telephony.TelephonyConnectionService}, [356a192b7913b04c54574d18c28d46e6395428ab], UserHandle{0}] ==> [InCall@18, parent:null, children:[]]
03-03 21:58:23.741  3611  5697 I Telecom : InCallController: Components updated: [ComponentInfo{com.android.dialer/com.android.incallui.InCallServiceImpl}]
03-03 21:58:23.743  3611  5697 I Telecom : CallsManager: setCallState RINGING -> DISCONNECTED, call: [169779746, RINGING, com.android.phone/com.android.services.telephony.TelephonyConnectionService, tel:***********, A, childs(0), has_parent(false), [[Capabilities: CAPABILITY_SUPPORT_HOLD CAPABILITY_MUTE CAPABILITY_SPEED_UP_MT_AUDIO]], false, ComponentInfo{com.android.phone/com.android.services.telephony.TelephonyConnectionService}, [356a192b7913b04c54574d18c28d46e6395428ab], UserHandle{0}]
03-03 21:58:23.744  3611  5697 I Telecom : Event: Call 10: SET_DISCONNECTED, disconnected set explicitly> DisconnectCause [ Code: (MISSED) Label: () Description: () Reason: (INCOMING_MISSED) Tone: (-1) ]
03-03 21:58:23.745  3611  5697 W ContextImpl: Calling a method in the system process without a qualified user: android.app.ContextImpl.sendBroadcast:786 android.content.ContextWrapper.sendBroadcast:401 com.android.server.telecom.CallLogManager.sendAddCallBroadcast:306 com.android.server.telecom.CallLogManager.logCall:196 com.android.server.telecom.CallLogManager.logCall:157 
03-03 21:58:23.748  3611  5697 I Telecom : InCallController: Sending updateCall [169779746, DISCONNECTED, com.android.phone/com.android.services.telephony.TelephonyConnectionService, tel:***********, A, childs(0), has_parent(false), [[Capabilities: CAPABILITY_SUPPORT_HOLD CAPABILITY_MUTE CAPABILITY_SPEED_UP_MT_AUDIO]], false, ComponentInfo{com.android.phone/com.android.services.telephony.TelephonyConnectionService}, [356a192b7913b04c54574d18c28d46e6395428ab], UserHandle{0}] ==> [InCall@18, parent:null, children:[]]
03-03 21:58:23.750  3611  5697 I Telecom : InCallController: Components updated: [ComponentInfo{com.android.dialer/com.android.incallui.InCallServiceImpl}]
03-03 21:58:23.751  3611  5697 I Telecom : CallAudioManager: updateAudioStreamAndMode :  mIsRinging: false, mIsTonePlaying: false, call: [169779746, DISCONNECTED, com.android.phone/com.android.services.telephony.TelephonyConnectionService, tel:***********, A, childs(0), has_parent(false), [[Capabilities: CAPABILITY_SUPPORT_HOLD CAPABILITY_MUTE CAPABILITY_SPEED_UP_MT_AUDIO]], false, ComponentInfo{com.android.phone/com.android.services.telephony.TelephonyConnectionService}, [356a192b7913b04c54574d18c28d46e6395428ab], UserHandle{0}]
03-03 21:58:23.751  3611  5697 I Telecom : CallAudioManager: updateAudioStreamAndMode : no ringing call
03-03 21:58:23.753  3611  5697 I Telecom : ViceNotificationImpl: onCallStateChanged newState = 7
03-03 21:58:23.754  3611  5697 I Telecom : InCallWakeLockController: Releasing full wake lock
03-03 21:58:23.817  3611  5697 I Telecom : MissedCallNotifierImpl: Adding missed call notification for [169779746, DISCONNECTED, com.android.phone/com.android.services.telephony.TelephonyConnectionService, tel:***********, A, childs(0), has_parent(false), [[Capabilities: CAPABILITY_SUPPORT_HOLD CAPABILITY_MUTE CAPABILITY_SPEED_UP_MT_AUDIO]], false, ComponentInfo{com.android.phone/com.android.services.telephony.TelephonyConnectionService}, [356a192b7913b04c54574d18c28d46e6395428ab], UserHandle{0}].
03-03 21:58:23.825  3611  5697 I Telecom : CallAudioManager: updateAudioStreamAndMode :  mIsRinging: false, mIsTonePlaying: false, call: null
03-03 21:58:23.825  3611  5697 I Telecom : CallAudioManager: updateAudioStreamAndMode : no ringing call
03-03 21:58:23.833  3611  5697 I Telecom : ConnectionServiceWrapper: Service unbound ComponentInfo{com.android.phone/com.android.services.telephony.TelephonyConnectionService}, from unbind.
03-03 21:58:23.851  3611  5697 I Telecom : Event: Call 10: DESTROYED, null
03-03 21:58:23.876  3611  5697 I Telecom : PhoneStateBroadcaster: Broadcasted state change: 0
03-03 21:58:23.877  3611  5697 I Telecom : ProximitySensorManager: All calls removed, resetting proximity sensor to default state
03-03 21:58:23.877  3611  3668 W BroadcastQueue: Permission Denial: receiving Intent { act=android.intent.action.PHONE_STATE flg=0x10 (has extras) } to ProcessRecord{53ca344 13740:com.android.systemui/u0a22} (pid=13740, uid=10022) requires android.permission.READ_PHONE_STATE due to sender android (uid 1000)
03-03 21:58:23.877  3611  5697 I Telecom : ProximitySensorManager: Proximity wake lock already released
03-03 21:58:23.877  3611  3668 W BroadcastQueue: Permission Denial: receiving Intent { act=android.intent.action.PHONE_STATE flg=0x10 (has extras) } to ProcessRecord{53ca344 13740:com.android.systemui/u0a22} (pid=13740, uid=10022) requires android.permission.READ_PHONE_STATE due to sender android (uid 1000)
03-03 21:58:23.878  3611  3668 W BroadcastQueue: Permission Denial: receiving Intent { act=android.intent.action.PHONE_STATE flg=0x10 (has extras) } to com.android.deskclock/.alarms.PhoneStateReceiver requires android.permission.READ_PRIVILEGED_PHONE_STATE due to sender android (uid 1000)
03-03 21:58:23.879  3611  5697 I Telecom : InCallController: onCallRemoved: [169779746, DISCONNECTED, null, tel:***********, A, childs(0), has_parent(false), [[Capabilities: CAPABILITY_SUPPORT_HOLD CAPABILITY_MUTE CAPABILITY_SPEED_UP_MT_AUDIO]], false, ComponentInfo{com.android.phone/com.android.services.telephony.TelephonyConnectionService}, [356a192b7913b04c54574d18c28d46e6395428ab], UserHandle{0}]
03-03 21:58:23.896  3611  3611 I Telecom : MyHandler: MESSAGE_CALL_ENDED
03-03 21:58:23.898  3611  3611 I Telecom : ViceNotificationImpl: processNotification DEP null
03-03 21:58:23.909  3611  5267 W BroadcastQueue: Permission Denial: receiving Intent { act=android.intent.action.PHONE_STATE flg=0x10 (has extras) } to com.android.deskclock/.alarms.PhoneStateReceiver requires android.permission.READ_PHONE_STATE due to sender android (uid 1000)
03-03 21:58:23.921  3611  3611 D ZenLog  : disable_effects: 0|com.android.server.telecom|1|null|1000,callState
03-03 21:58:24.397  3611  3671 I ActivityManager: Start proc 16657:com.android.calllogbackup/u0a2 for broadcast com.android.calllogbackup/.CallLogChangeReceiver
03-03 21:58:24.693  3611  5267 I ActivityManager: Killing 12175:com.homecare.autoupdater/1000 (adj 15): empty #17
03-03 21:58:25.889  3611  3611 I Telecom : InCallController: Unbinding from InCallService ComponentInfo{com.android.dialer/com.android.incallui.InCallServiceImpl}
03-03 21:58:25.967  3611  5714 I ActivityManager: Killing 9289:com.android.contacts/u0a2 (adj 15): empty #17
03-03 21:58:32.816  3611  3678 I PowerManagerService: Going to sleep due to screen timeout (uid 1000)...
03-03 21:58:33.286  3611  3676 I DisplayManagerService: Display device changed state: "", OFF
03-03 21:58:33.433  3611  3611 D DeviceIdleController: updateDisplayLocked: screenOn=false
03-03 21:58:33.434  3611  3611 D DeviceIdleController: becomeInactiveIfAppropriateLocked()
03-03 21:58:33.434  3611  3611 D DeviceIdleController: Moved from STATE_ACTIVE to STATE_INACTIVE
03-03 21:58:33.434  3611  3611 D DeviceIdleController: stopMonitoringSignificantMotion()
03-03 21:58:33.434  3611  3611 D DeviceIdleController: scheduleAlarmLocked(1800000, false)
03-03 21:58:33.824  3611  3678 I PowerManagerService: Sleeping (uid 1000)...
03-03 21:58:35.719  3611  3611 I DeviceIdleController: updateChargingLocked: charging=false
03-03 21:58:36.573  3611  3678 I PowerManagerService: Waking up from sleep (uid 1000)...
03-03 21:58:36.606  3611  3611 I DeviceIdleController: updateChargingLocked: charging=true
03-03 21:58:36.606  3611  3611 I DeviceIdleController: becomeActiveLocked, reason = charging
03-03 21:58:36.615  3611  3670 D DeviceIdleController: handleMessage(4)
03-03 21:58:36.621  3611  3611 D DeviceIdleController: stopMonitoringSignificantMotion()
03-03 21:58:36.708  3611  3678 I DisplayPowerController: Blocking screen on until initial contents have been drawn.
03-03 21:58:36.802  3611  3671 I ActivityManager: Start proc 16708:com.innopath.activecare/u0a14 for broadcast com.innopath.activecare/.update.PhoneChargerListener
03-03 21:58:36.821  3611  4955 V UsbDeviceManager: USB UEVENT: {USB_STATE=CONNECTED, SUBSYSTEM=android_usb, SEQNUM=4136, ACTION=change, DEVPATH=/devices/virtual/android_usb/android0}
03-03 21:58:36.822  3611  4955 V UsbDeviceManager: USB UEVENT: {USB_STATE=DISCONNECTED, SUBSYSTEM=android_usb, SEQNUM=4138, ACTION=change, DEVPATH=/devices/virtual/android_usb/android0}
03-03 21:58:36.842  3611  3673 D UsbDeviceManager: broadcasting Intent { act=android.hardware.usb.action.USB_STATE flg=0x30000000 (has extras) } connected: true configured: false
03-03 21:58:36.851  3611  3676 I DisplayManagerService: Display device changed state: "", ON
03-03 21:58:36.919  3611  4955 V UsbDeviceManager: USB UEVENT: {USB_STATE=CONNECTED, SUBSYSTEM=android_usb, SEQNUM=4141, ACTION=change, DEVPATH=/devices/virtual/android_usb/android0}
03-03 21:58:36.920  3611  3673 D UsbDeviceManager: broadcasting Intent { act=android.hardware.usb.action.USB_STATE flg=0x30000000 (has extras) } connected: true configured: false
03-03 21:58:37.045  3611  4955 V UsbDeviceManager: USB UEVENT: {USB_STATE=CONFIGURED, SUBSYSTEM=android_usb, SEQNUM=4144, ACTION=change, DEVPATH=/devices/virtual/android_usb/android0}
03-03 21:58:37.046  3611  3673 D UsbDeviceManager: con MSG_UPDATE_STATE mCurrentFunctions =  diag,serial_smd,rmnet_ipa,adb
03-03 21:58:37.047  3611  3673 D UsbDeviceManager: broadcasting Intent { act=android.hardware.usb.action.USB_STATE flg=0x30000000 (has extras) } connected: true configured: true
03-03 21:58:37.051  3611  3611 I EntropyMixer: Writing entropy...
03-03 21:58:37.094  3611  3678 I DisplayPowerController: Unblocked screen on after 386 ms
03-03 21:58:37.187  3611  4790 I PowerManagerService: Going to sleep due to power button (uid 1000)...
03-03 21:58:37.261  3611  3611 D DeviceIdleController: updateDisplayLocked: screenOn=true
03-03 21:58:37.261  3611  3611 I DeviceIdleController: becomeActiveLocked, reason = screen
03-03 21:58:37.275  3611  3611 I DeviceIdleController: updateChargingLocked: charging=true
03-03 21:58:37.275  3611  3611 I DeviceIdleController: becomeActiveLocked, reason = charging
03-03 21:58:37.276  3611  3611 I DeviceIdleController: updateChargingLocked: charging=true
03-03 21:58:37.276  3611  3611 I DeviceIdleController: becomeActiveLocked, reason = charging
03-03 21:58:37.303  3611  3611 I DeviceIdleController: updateChargingLocked: charging=true
03-03 21:58:37.303  3611  3611 I DeviceIdleController: becomeActiveLocked, reason = charging
03-03 21:58:37.308  3611  3611 W InputMethodManagerService: Unexpected intent Intent { act=android.intent.action.SCREEN_ON flg=0x50000010 }
03-03 21:58:37.318  3611  3611 I DeviceIdleController: updateChargingLocked: charging=true
03-03 21:58:37.318  3611  3611 I DeviceIdleController: becomeActiveLocked, reason = charging
03-03 21:58:37.516  3611  3676 I DisplayManagerService: Display device changed state: "", OFF
03-03 21:58:37.571  3611  3611 D DeviceIdleController: updateDisplayLocked: screenOn=false
03-03 21:58:37.571  3611  3611 D DeviceIdleController: becomeInactiveIfAppropriateLocked()
03-03 21:58:37.989  3611  3678 I PowerManagerService: Sleeping (uid 1000)...
03-03 21:58:38.171  3611  4790 I PowerManagerService: Waking up from sleep (uid 1000)...
03-03 21:58:38.172  3611  3678 I DisplayPowerController: Blocking screen on until initial contents have been drawn.
03-03 21:58:38.179  3611  3676 I DisplayManagerService: Display device changed state: "", ON
03-03 21:58:38.195  3611  3611 D DeviceIdleController: updateDisplayLocked: screenOn=true
03-03 21:58:38.195  3611  3611 I DeviceIdleController: becomeActiveLocked, reason = screen
03-03 21:58:38.365  3611  3678 I DisplayPowerController: Unblocked screen on after 192 ms
03-03 21:58:39.287  3611  3611 D PushService: ======= action user present =======
03-03 21:58:39.288  3611  3611 D PUSH Logger: ======== LOGGING handle ========
03-03 21:58:39.540  3611  5657 I ActivityManager: Killing 12200:com.ibingo.launcher3:lbmain/u0a11 (adj 15): empty #17
03-03 21:58:49.546  3611  3611 I MQTTLoginReq:  connect failure ; null
03-03 21:58:51.303  3611  3611 W WallpaperManagerService: Wallpaper service gone: ComponentInfo{com.android.systemui/com.android.systemui.ImageWallpaper}
03-03 21:58:51.309  3611  5266 I WindowState: WIN DEATH: Window{a961746 u0 com.android.systemui.ImageWallpaper}
03-03 21:58:51.314  3611  4872 D WifiService: Client connection lost with reason: 4
03-03 21:58:51.320  3611  3669 D ConnectivityService: ConnectivityService NetworkRequestInfo binderDied(NetworkRequest [ id=10, legacyType=-1, [] ], android.os.BinderProxy@3dd9863)
03-03 21:58:51.320  3611  4881 D ConnectivityService: releasing NetworkRequest NetworkRequest [ id=10, legacyType=-1, [] ]
03-03 21:58:51.323  3611  4872 D WifiService: Client connection lost with reason: 4
03-03 21:58:51.327  3611  4881 E ConnectivityService: RemoteException caught trying to send a callback msg for NetworkRequest [ id=10, legacyType=-1, [] ]
03-03 21:58:51.329  3611  5628 I WindowState: WIN DEATH: Window{27a9790 u0 StatusBar}
03-03 21:58:51.336  3611  5628 W WindowState: Failed to report 'resized' to the client of Window{a961746 u0 com.android.systemui.ImageWallpaper EXITING}, removing this window.
03-03 21:58:51.348  3611  3676 W WindowAnimator: Failed to dispatch window animation state change.
03-03 21:58:51.348  3611  3676 W WindowAnimator: android.os.DeadObjectException
03-03 21:58:51.348  3611  3676 W WindowAnimator: 	at android.os.BinderProxy.transactNative(Native Method)
03-03 21:58:51.348  3611  3676 W WindowAnimator: 	at android.os.BinderProxy.transact(Binder.java:503)
03-03 21:58:51.348  3611  3676 W WindowAnimator: 	at android.view.IWindow$Stub$Proxy.onAnimationStarted(IWindow.java:520)
03-03 21:58:51.348  3611  3676 W WindowAnimator: 	at com.android.server.wm.WindowAnimator.updateWindowsLocked(WindowAnimator.java:282)
03-03 21:58:51.348  3611  3676 W WindowAnimator: 	at com.android.server.wm.WindowAnimator.animateLocked(WindowAnimator.java:678)
03-03 21:58:51.348  3611  3676 W WindowAnimator: 	at com.android.server.wm.WindowAnimator.access$000(WindowAnimator.java:53)
03-03 21:58:51.348  3611  3676 W WindowAnimator: 	at com.android.server.wm.WindowAnimator$1.doFrame(WindowAnimator.java:123)
03-03 21:58:51.348  3611  3676 W WindowAnimator: 	at android.view.Choreographer$CallbackRecord.run(Choreographer.java:856)
